******************************************************************************
               TMS320C6x Linker Unix v7.4.4                    
******************************************************************************
>> Linked Sat Oct 21 23:36:20 2017

OUTPUT FILE NAME:   <bin/debug/server_dsp.xe674>
ENTRY POINT SYMBOL: "ti_sysbios_family_c64p_Hwi0"  address: c3788800


MEMORY CONFIGURATION

         name            origin    length      used     unused   attr    fill
----------------------  --------  ---------  --------  --------  ----  --------
  IROM                  11700000   00100000  00000000  00100000  R  X
  IRAM                  11800000   00038000  00000000  00038000  RW X
  L3_CBA_RAM            80000000   00020000  00000000  00020000  RW X
  SR_0                  c2000000   00010000  00010000  00000000  RW X
  SR_1                  c2010000   00a00000  00a00000  00000000  RW X
  DSP_PROG              c3000000   00a00000  00788a82  0027757e  RW X


SEGMENT ALLOCATION MAP

run origin  load origin   length   init length attrs members
----------  ----------- ---------- ----------- ----- -------
c3000000    c3000000    00721830   00000000    rw-
  c3000000    c3000000    00721830   00000000    rw- .far
c3721830    c3721830    00000010   00000010    rw-
  c3721830    c3721830    00000010   00000010    rw- .fardata.1
c3721840    c3721840    00030960   00030960    r-x
  c3721840    c3721840    00030960   00030960    r-x .text
c37521a0    c37521a0    00030814   00030814    rw-
  c37521a0    c37521a0    00030814   00030814    rw- .fardata.2
c37829b8    c37829b8    00004c0a   00004c0a    r--
  c37829b8    c37829b8    00004c0a   00004c0a    r-- .const
c37875c8    c37875c8    00001120   00000000    rw-
  c37875c8    c37875c8    00001000   00000000    rw- .stack
  c37885c8    c37885c8    00000120   00000000    rw- .cio
c37886e8    c37886e8    00000084   00000084    r--
  c37886e8    c37886e8    00000084   00000084    r-- .switch
c378876c    c378876c    0000006c   00000064    rw-
  c378876c    c378876c    00000064   00000064    rw- .args
  c37887d0    c37887d0    00000008   00000000    rw- .bss
c37887d8    c37887d8    00000028   00000028    rw-
  c37887d8    c37887d8    00000028   00000028    rw- .neardata
c3788800    c3788800    00000200   00000200    r-x
  c3788800    c3788800    00000200   00000200    r-x .vecs
c3788c00    c3788c00    0000008c   0000008c    r--
  c3788c00    c3788c00    0000008c   0000008c    r-- ti_sdo_ipc_init


SECTION ALLOCATION MAP

 output                                  attributes/
section   page    origin      length       input sections
--------  ----  ----------  ----------   ----------------
.cinit     0    c3000000    00000000     UNINITIALIZED

.init_array 
*          0    c3000000    00000000     UNINITIALIZED

ti.sdo.ipc.SharedRegion_0 
*          0    c2000000    00010000     NOLOAD SECTION
                  c2000000    00010000     --HOLE--

ti.sdo.ipc.SharedRegion_1 
*          0    c2010000    00a00000     NOLOAD SECTION
                  c2010000    00a00000     --HOLE--

xdc.meta   0    c3000000    000000e0     COPY SECTION
                  c3000000    000000e0     dsp_pe674.oe674 (xdc.meta)

.far       0    c3000000    00721830     UNINITIALIZED
                  c3000000    00721010     dsp_pe674.oe674 (.far)
                  c3721010    00000800     dsp_pe674.oe674 (.far:taskStackSection)
                  c3721810    0000000c     ti.syslink.ipc.rtos.ae674 : FrameQ.oe674 (.far)
                  c372181c    00000004                               : RingIOShm.oe674 (.far)
                  c3721820    00000008     rts6740_elf.lib : trgdrv.obj (.far)
                  c3721828    00000008     ti.syslink.ipc.rtos.ae674 : RingIO.oe674 (.far)

.fardata.1 
*          0    c3721830    00000010     
                  c3721830    00000010     dsp_pe674.oe674 (.fardata:ti_sdo_ipc_MessageQ_Module_State_0_transports__A)

.text      0    c3721840    00030960     
                  c3721840    000021e0     ti.syslink.ipc.rtos.ae674 : FrameQBufMgr_ShMem.oe674 (.text:FrameQBufMgr_ShMem_create)
                  c3723a20    00001060                               : FrameQ_ShMem.oe674 (.text:FrameQ_ShMem_create)
                  c3724a80    00000fa0                               : ClientNotifyMgr.oe674 (.text:_ClientNotifyMgr_create)
                  c3725a20    00000d20                               : FrameQ_ShMem.oe674 (.text:_FrameQ_ShMem_open)
                  c3726740    00000c40     utils.lib : uartStdio.obj (.text)
                  c3727380    00000b40     ipc.ae674 : Ipc.obj (.text:ti_sdo_ipc_GateMP_Instance_init__F)
                  c3727ec0    00000a60     ti.syslink.ipc.rtos.ae674 : FrameQ_ShMem.oe674 (.text:FrameQ_ShMem_delete)
                  c3728920    00000900                               : FrameQBufMgr_ShMem.oe674 (.text:FrameQBufMgr_ShMem_delete)
                  c3729220    00000900                               : FrameQ_ShMem.oe674 (.text:FrameQ_ShMem_putv)
                  c3729b20    000008a0                               : ClientNotifyMgr.oe674 (.text:ClientNotifyMgr_delete)
                  c372a3c0    000008a0     sysbios.ae674 : BIOS.obj (.text:ti_sysbios_family_c64p_Exception_handler__I)
                  c372ac60    000008a0     ti.targets.rts6000.ae674 : System.oe674 (.text:xdc_runtime_System_doPrint__I)
                  c372b500    00000800     ti.syslink.ipc.rtos.ae674 : FrameQ_ShMem.oe674 (.text:FrameQ_ShMem_put)
                  c372bd00    000007e0                               : ClientNotifyMgr.oe674 (.text:ClientNotifyMgr_setup)
                  c372c4e0    000007c0     ipc.ae674 : Ipc.obj (.text:Ipc_attach)
                  c372cca0    00000700               : Ipc.obj (.text:Ipc_detach)
                  c372d3a0    00000700               : Ipc.obj (.text:ti_sdo_ipc_transports_TransportShm_Instance_init__F)
                  c372daa0    000006e0     ti.syslink.ipc.rtos.ae674 : FrameQBufMgr_ShMem.oe674 (.text:FrameQBufMgr_ShMem_dupv)
                  c372e180    000006a0                               : FrameQ_ShMem.oe674 (.text:FrameQ_ShMem_getv)
                  c372e820    00000640                               : FrameQBufMgr_ShMem.oe674 (.text:FrameQBufMgr_ShMem_dup)
                  c372ee60    000005e0                               : ClientNotifyMgr.oe674 (.text:ClientNotifyMgr_sendNotificationMulti)
                  c372f440    000005e0                               : FrameQBufMgr_ShMem.oe674 (.text:FrameQBufMgr_ShMem_allocv)
                  c372fa20    000005e0     server.oe674 (.text)
                  c3730000    000005a0     ti.syslink.ipc.rtos.ae674 : ClientNotifyMgr.oe674 (.text:ClientNotifyMgr_threadFxn)
                  c37305a0    00000500     syslink_service.oe674 (.text)
                  c3730aa0    000004e0     ipc.ae674 : Ipc.obj (.text:ti_sdo_ipc_heaps_HeapMemMP_Instance_init__F)
                  c3730f80    000004c0     ti.syslink.ipc.rtos.ae674 : ClientNotifyMgr.oe674 (.text:ClientNotifyMgr_execCallBackFxn)
                  c3731440    000004c0     resource_sync.oe674 (.text)
                  c3731900    000004c0     syslink.oe674 (.text)
                  c3731dc0    000004c0     ipc.ae674 : Ipc.obj (.text:ti_sdo_ipc_ListMP_Instance_init__F)
                  c3732280    000004a0     ti.syslink.ipc.rtos.ae674 : ClientNotifyMgr.oe674 (.text:ClientNotifyMgr_sendNotification)
                  c3732720    00000460                               : ClientNotifyMgr.oe674 (.text:ClientNotifyMgr_sendForceNotificationMulti)
                  c3732b80    00000460     ipc.ae674 : Ipc.obj (.text:ti_sdo_ipc_GateMP_setRegion0Reserved__F)
                  c3732fe0    00000460               : Ipc.obj (.text:ti_sdo_ipc_nsremote_NameServerRemoteNotify_get__F)
                  c3733440    00000420     ti.syslink.ipc.rtos.ae674 : FrameQBufMgr_ShMem.oe674 (.text:FrameQBufMgr_ShMem_sharedMemReq)
                  c3733860    00000420                               : FrameQ_ShMem.oe674 (.text:FrameQ_ShMem_flushAll)
                  c3733c80    00000420                               : FrameQ_ShMem.oe674 (.text:_FrameQ_ShMem_setOpenFlags)
                  c37340a0    00000420     ipc.ae674 : Ipc.obj (.text:ti_sdo_ipc_GateMP_Instance_finalize__F)
                  c37344c0    000003e0     ti.syslink.ipc.rtos.ae674 : FrameQBufMgr_ShMem.oe674 (.text:FrameQBufMgr_ShMem_freev)
                  c37348a0    000003c0     ipc.ae674 : Ipc.obj (.text:ti_sdo_ipc_heaps_HeapMemMP_alloc__E)
                  c3734c60    000003c0               : Ipc.obj (.text:ti_sdo_ipc_heaps_HeapMemMP_free__E)
                  c3735020    000003a0     ti.syslink.ipc.rtos.ae674 : ClientNotifyMgr.oe674 (.text:ClientNotifyMgr_registerClient)
                  c37353c0    000003a0                               : ClientNotifyMgr.oe674 (.text:ClientNotifyMgr_unregisterClient)
                  c3735760    000003a0                               : FrameQ_ShMem.oe674 (.text:FrameQ_ShMem_getvNumFrames)
                  c3735b00    000003a0     ipc.ae674 : Ipc.obj (.text:NameServer_add)
                  c3735ea0    00000360     ti.syslink.ipc.rtos.ae674 : FrameQBufMgr_ShMem.oe674 (.text:FrameQBufMgr_ShMem_free)
                  c3736200    00000340                               : FrameQBufMgr.oe674 (.text:FrameQBufMgr_open)
                  c3736540    00000340                               : FrameQ_ShMem.oe674 (.text:FrameQ_ShMem_get)
                  c3736880    00000340     drivers.lib : uart.obj (.text)
                  c3736bc0    00000320     ti.syslink.ipc.rtos.ae674 : FrameQBufMgr.oe674 (.text:FrameQBufMgr_create)
                  c3736ee0    00000300                               : FrameQBufMgr_ShMem.oe674 (.text:FrameQBufMgr_ShMem_alloc)
                  c37371e0    00000300     ipc.ae674 : Ipc.obj (.text:Ipc_writeConfig)
                  c37374e0    00000300     sysbios.ae674 : BIOS.obj (.text:ti_sysbios_knl_Semaphore_pend__E)
                  c37377e0    00000300                   : BIOS.obj (.text:ti_sysbios_knl_Task_Instance_finalize__F)
                  c3737ae0    000002e0     ipc.ae674 : Ipc.obj (.text:ListMP_getHead)
                  c3737dc0    000002e0               : Ipc.obj (.text:ti_sdo_ipc_Ipc_procSyncStart__I)
                  c37380a0    000002e0               : Ipc.obj (.text:ti_sdo_ipc_nsremote_NameServerRemoteNotify_Instance_init__F)
                  c3738380    000002c0     ti.syslink.ipc.rtos.ae674 : FrameQ_ShMem.oe674 (.text:FrameQ_ShMem_registerNotifier)
                  c3738640    000002c0     ipc.ae674 : Ipc.obj (.text:NameServer_get)
                  c3738900    000002c0     drivers.lib : gpio.obj (.text)
                  c3738bc0    000002c0     sysbios.ae674 : BIOS.obj (.text:ti_sysbios_timers_timer64_Timer_Module_startup__F)
                  c3738e80    000002a0     ipc.ae674 : Ipc.obj (.text:ti_sdo_ipc_transports_TransportShm_Instance_finalize__F)
                  c3739120    000002a0     sysbios.ae674 : BIOS.obj (.text:ti_sysbios_timers_timer64_Timer_deviceConfig__I)
                  c37393c0    00000280     ipc.ae674 : Ipc.obj (.text:ListMP_putHead)
                  c3739640    00000280               : Ipc.obj (.text:ListMP_putTail)
                  c37398c0    00000280               : Ipc.obj (.text:ListMP_remove)
                  c3739b40    00000280               : Ipc.obj (.text:ti_sdo_ipc_gates_GatePeterson_Instance_init__F)
                  c3739dc0    00000280     ti.targets.rts6000.ae674 : Error.oe674 (.text:xdc_runtime_Error_raiseX__F)
                  c373a040    00000260     ti.syslink.ipc.rtos.ae674 : FrameQBufMgr_ShMem.oe674 (.text:FrameQBufMgr_ShMem_Params_init)
                  c373a2a0    00000260     ipc.ae674 : Ipc.obj (.text:GateMP_openByAddr)
                  c373a500    00000260               : Ipc.obj (.text:Ipc_start)
                  c373a760    00000260     rts6740_elf.lib : imath64.obj (.text:__c6xabi_divull)
                  c373a9c0    00000260     sysbios.ae674 : BIOS.obj (.text:ti_sysbios_family_c64p_Exception_internalHandler__I)
                  c373ac20    00000260                   : BIOS.obj (.text:ti_sysbios_timers_timer64_Timer_setPeriodMicroSecs__E)
                  c373ae80    00000260     ti.targets.rts6000.ae674 : Startup.oe674 (.text:xdc_runtime_Startup_startMods__I)
                  c373b0e0    00000260     dsp_pe674.oe674 (.text:xdc_runtime_System_printfExtend__I)
                  c373b340    00000240     ti.syslink.ipc.rtos.ae674 : FrameQ_ShMem.oe674 (.text:FrameQ_ShMem_unregisterNotifier)
                  c373b580    00000240                               : FrameQ.oe674 (.text:FrameQ_setup)
                  c373b7c0    00000240     ipc.ae674 : Ipc.obj (.text:Notify_unregisterEvent)
                  c373ba00    00000240               : Ipc.obj (.text:ti_sdo_ipc_family_da830_NotifySetup_attach__E)
                  c373bc40    00000240               : Ipc.obj (.text:ti_sdo_ipc_heaps_HeapMemMP_getStats__E)
                  c373be80    00000240     ti.targets.rts6000.ae674 : LoggerBuf.oe674 (.text:xdc_runtime_LoggerBuf_write8__F)
                  c373c0c0    00000220     ti.syslink.ipc.rtos.ae674 : ClientNotifyMgr.oe674 (.text:ClientNotifyMgr_destroy)
                  c373c2e0    00000220                               : FrameQ_ShMem.oe674 (.text:FrameQ_ShMem_sharedMemReq)
                  c373c500    00000220                               : SyslinkMemMgr.oe674 (.text:SyslinkMemMgr_create)
                  c373c720    00000220     ipc.ae674 : Ipc.obj (.text:ti_sdo_ipc_nsremote_NameServerRemoteNotify_swiFxn__I)
                  c373c940    00000220     sysbios.ae674 : BIOS.obj (.text:ti_sysbios_family_c64p_Hwi_reconfig__E)
                  c373cb60    00000220                   : BIOS.obj (.text:ti_sysbios_gates_GateMutexPri_enter__E)
                  c373cd80    00000220     ti.targets.rts6000.ae674 : Core-mem.oe674 (.text:xdc_runtime_Core_createObject__I)
                  c373cfa0    00000200     sysbios.ae674 : c64p_Hwi_disp_always.obj (.text:_ti_sysbios_family_c64p_Hwi_dispatchAlways)
                  c373d1a0    00000200     ipc.ae674 : Ipc.obj (.text:ti_sdo_ipc_Ipc_procSyncFinish__I)
                  c373d3a0    00000200               : Ipc.obj (.text:ti_sdo_ipc_notifyDrivers_NotifyDriverShm_Instance_init__F)
                  c373d5a0    00000200               : Ipc.obj (.text:ti_sdo_ipc_notifyDrivers_NotifyDriverShm_sendEvent__E)
                  c373d7a0    000001e0     ti.syslink.ipc.rtos.ae674 : FrameQBufMgr.oe674 (.text:FrameQBufMgr_setup)
                  c373d980    000001e0                               : FrameQ_ShMem.oe674 (.text:FrameQ_ShMem_getNumFrames)
                  c373db60    000001e0     ipc.ae674 : Ipc.obj (.text:GateMP_sharedMemReq)
                  c373dd40    000001e0               : Ipc.obj (.text:ListMP_openByAddr)
                  c373df20    000001e0     Platform.lib : GPIO.obj (.text)
                  c373e100    000001e0     ipc.ae674 : Ipc.obj (.text:ti_sdo_utils_NameServer_Instance_finalize__F)
                  c373e2e0    000001e0     sysbios.ae674 : BIOS.obj (.text:ti_sysbios_family_c64p_Exception_externalHandler__I)
                  c373e4c0    000001e0                   : BIOS.obj (.text:ti_sysbios_knl_Task_Instance_init__F)
                  c373e6a0    000001e0                   : BIOS.obj (.text:ti_sysbios_knl_Task_checkStacks__E)
                  c373e880    000001c0     ipc.ae674 : Ipc.obj (.text:ti_sdo_ipc_GateMP_getFreeResource__I)
                  c373ea40    000001c0               : Ipc.obj (.text:ti_sdo_ipc_heaps_HeapMemMP_postInit__I)
                  c373ec00    000001c0     sysbios.ae674 : BIOS.obj (.text:ti_sysbios_family_c64p_Cache_block__I)
                  c373edc0    000001c0                   : BIOS.obj (.text:ti_sysbios_family_c64p_Exception_decodeMpfsr__I)
                  c373ef80    000001c0                   : BIOS.obj (.text:ti_sysbios_knl_Task_exit__E)
                  c373f140    000001c0                   : BIOS.obj (.text:ti_sysbios_knl_Task_postInit__I)
                  c373f300    000001c0     ti.targets.rts6000.ae674 : Text.oe674 (.text:xdc_runtime_Text_putSite__F)
                  c373f4c0    000001a0     ti.syslink.ipc.rtos.ae674 : FrameQBufMgr_ShMem.oe674 (.text:FrameQBufMgr_ShMem_setup)
                  c373f660    000001a0                               : FrameQBufMgr.oe674 (.text:FrameQBufMgr_delete)
                  c373f800    000001a0     ipc.ae674 : Ipc.obj (.text:ti_sdo_ipc_notifyDrivers_NotifyDriverShm_registerEvent__E)
                  c373f9a0    000001a0               : Ipc.obj (.text:ti_sdo_ipc_notifyDrivers_NotifyDriverShm_unregisterEvent__E)
                  c373fb40    000001a0               : Ipc.obj (.text:ti_sdo_utils_NameServer_Instance_init__F)
                  c373fce0    000001a0     sysbios.ae674 : BIOS.obj (.text:ti_sysbios_timers_timer64_Timer_start__E)
                  c373fe80    000001a0     ti.targets.rts6000.ae674 : LoggerBuf.oe674 (.text:xdc_runtime_LoggerBuf_write4__F)
                  c3740020    00000180     ipc.ae674 : Ipc.obj (.text:NameServer_getHandle)
                  c37401a0    00000180     Platform.lib : UART.obj (.text)
                  c3740320    00000180     ti.syslink.ipc.rtos.ae674 : RingIO.oe674 (.text:RingIO_setup)
                  c37404a0    00000180     drivers.lib : psc.obj (.text)
                  c3740620    00000180     sysbios.ae674 : c64p_Exception_asm.obj (.text)
                  c37407a0    00000180     ipc.ae674 : Ipc.obj (.text:ti_sdo_ipc_gates_GatePeterson_enter__E)
                  c3740920    00000180               : Ipc.obj (.text:ti_sdo_ipc_notifyDrivers_NotifyDriverShm_isr__I)
                  c3740aa0    00000180     sysbios.ae674 : BIOS.obj (.text:ti_sysbios_heaps_HeapMem_alloc__E)
                  c3740c20    00000180                   : BIOS.obj (.text:ti_sysbios_knl_Swi_schedule__I)
                  c3740da0    00000180                   : BIOS.obj (.text:ti_sysbios_knl_Task_setPri__E)
                  c3740f20    00000160     ti.syslink.ipc.rtos.ae674 : ClientNotifyMgr.oe674 (.text:ClientNotifyMgr_waitOnMultiSubEntryNotify)
                  c3741080    00000160                               : FrameQBufMgr_ShMem.oe674 (.text:FrameQBufMgr_ShMem_invalidate)
                  c37411e0    00000160                               : FrameQBufMgr_ShMem.oe674 (.text:FrameQBufMgr_ShMem_writeBack)
                  c3741340    00000160                               : FrameQ_ShMem.oe674 (.text:FrameQ_ShMem_setup)
                  c37414a0    00000160                               : FrameQ.oe674 (.text:FrameQ_destroy)
                  c3741600    00000160                               : _Syslink.oe674 (.text:SysLink_setup)
                  c3741760    00000160     ipc.ae674 : Ipc.obj (.text:ti_sdo_ipc_GateMP_openRegion0Reserved__F)
                  c37418c0    00000160               : Ipc.obj (.text:ti_sdo_ipc_ListMP_Instance_finalize__F)
                  c3741a20    00000160               : Ipc.obj (.text:ti_sdo_ipc_Notify_Instance_init__F)
                  c3741b80    00000160               : Ipc.obj (.text:ti_sdo_ipc_heaps_HeapMemMP_Instance_finalize__F)
                  c3741ce0    00000160               : Ipc.obj (.text:ti_sdo_utils_NameServer_removeLocal__I)
                  c3741e40    00000160     sysbios.ae674 : BIOS.obj (.text:ti_sysbios_knl_Task_schedule__I)
                  c3741fa0    00000160                   : BIOS.obj (.text:ti_sysbios_knl_Task_startCore__E)
                  c3742100    00000140     ipc.ae674 : Ipc.obj (.text:HeapMemMP_openByAddr)
                  c3742240    00000140               : Ipc.obj (.text:MessageQ_put)
                  c3742380    00000140               : Ipc.obj (.text:Notify_registerEvent)
                  c37424c0    00000140     boot.ae674 : autoinit.oe674 (.text:_auto_init_elf)
                  c3742600    00000140     ipc.ae674 : Ipc.obj (.text:ti_sdo_ipc_SharedRegion_start__F)
                  c3742740    00000140               : Ipc.obj (.text:ti_sdo_ipc_notifyDrivers_NotifyDriverShm_disableEvent__E)
                  c3742880    00000140               : Ipc.obj (.text:ti_sdo_ipc_transports_TransportShm_openByAddr__F)
                  c37429c0    00000140               : Ipc.obj (.text:ti_sdo_ipc_transports_TransportShm_put__E)
                  c3742b00    00000140     sysbios.ae674 : BIOS.obj (.text:ti_sysbios_heaps_HeapMem_free__E)
                  c3742c40    00000140                   : BIOS.obj (.text:ti_sysbios_knl_Task_Module_startup__F)
                  c3742d80    00000140                   : BIOS.obj (.text:ti_sysbios_knl_Task_sleep__E)
                  c3742ec0    00000140     ti.targets.rts6000.ae674 : Text.oe674 (.text:xdc_runtime_Text_putLab__F)
                  c3743000    00000120     ti.syslink.ipc.rtos.ae674 : FrameQBufMgr_ShMem.oe674 (.text:FrameQBufMgr_ShMem_getvNumFreeFrames)
                  c3743120    00000120                               : FrameQBufMgr_ShMem.oe674 (.text:FrameQBufMgr_ShMem_open)
                  c3743240    00000120     ipc.ae674 : Ipc.obj (.text:HeapMemMP_sharedMemReq)
                  c3743360    00000120               : Ipc.obj (.text:ti_sdo_ipc_MessageQ_Module_startup__F)
                  c3743480    00000120               : Ipc.obj (.text:ti_sdo_ipc_transports_TransportShm_sharedMemReq__F)
                  c37435a0    00000120     sysbios.ae674 : BIOS.obj (.text:ti_sysbios_family_c64p_Exception_Module_startup__F)
                  c37436c0    00000120                   : BIOS.obj (.text:ti_sysbios_knl_Clock_workFunc__E)
                  c37437e0    00000120     ti.targets.rts6000.ae674 : LoggerBuf.oe674 (.text:xdc_runtime_LoggerBuf_setFilterLevel__F)
                  c3743900    00000120                              : Text.oe674 (.text:xdc_runtime_Text_putMod__F)
                  c3743a20    00000100     ti.syslink.ipc.rtos.ae674 : ClientNotifyMgr.oe674 (.text:ClientNotifyMgr_swiFxn)
                  c3743b20    00000100                               : FrameQBufMgr_ShMem.oe674 (.text:FrameQBufMgr_Shmem_updateCacheFlags)
                  c3743c20    00000100                               : FrameQBufMgr.oe674 (.text:FrameQBufMgr_destroy)
                  c3743d20    00000100     ipc.ae674 : Ipc.obj (.text:ListMP_sharedMemReq)
                  c3743e20    00000100               : Ipc.obj (.text:Notify_registerEventSingle)
                  c3743f20    00000100               : Ipc.obj (.text:Notify_sendEvent)
                  c3744020    00000100               : Ipc.obj (.text:Notify_unregisterEventSingle)
                  c3744120    00000100     ti.syslink.ipc.rtos.ae674 : FrameQ_ShMem.oe674 (.text:_FrameQ_ShMem_resetNotifyId)
                  c3744220    00000100                               : FrameQ_ShMem.oe674 (.text:_FrameQ_ShMem_setNotifyId)
                  c3744320    00000100     ipc.ae674 : Ipc.obj (.text:ti_sdo_ipc_GateMP_start__F)
                  c3744420    00000100               : Ipc.obj (.text:ti_sdo_ipc_Notify_Instance_finalize__F)
                  c3744520    00000100     dsp_pe674.oe674 (.text:ti_sdo_ipc_Notify_Object__create__S)
                  c3744620    00000100     ipc.ae674 : Ipc.obj (.text:ti_sdo_ipc_SharedRegion_attach__F)
                  c3744720    00000100               : Ipc.obj (.text:ti_sdo_ipc_SharedRegion_clearReservedMemory__F)
                  c3744820    00000100     dsp_pe674.oe674 (.text:ti_sdo_ipc_gates_GatePeterson_Object__create__S)
                  c3744920    00000100     ipc.ae674 : Ipc.obj (.text:ti_sdo_ipc_nsremote_NameServerRemoteNotify_Instance_finalize__F)
                  c3744a20    00000100     dsp_pe674.oe674 (.text:ti_sdo_ipc_nsremote_NameServerRemoteNotify_Object__create__S)
                  c3744b20    00000100     ipc.ae674 : Ipc.obj (.text:ti_sdo_ipc_transports_TransportShmSetup_attach__E)
                  c3744c20    00000100     dsp_pe674.oe674 (.text:ti_sdo_ipc_transports_TransportShm_Object__create__S)
                  c3744d20    00000100     dsp_pe674.oe674 (.text:ti_sdo_utils_NameServer_Object__create__S)
                  c3744e20    00000100     ipc.ae674 : Ipc.obj (.text:ti_sdo_utils_NameServer_findLocal__I)
                  c3744f20    00000100     sysbios.ae674 : BIOS.obj (.text:ti_sysbios_family_c64p_Hwi_Module_startup__F)
                  c3745020    00000100     dsp_pe674.oe674 (.text:ti_sysbios_family_c64p_Hwi_Object__create__S)
                  c3745120    00000100     sysbios.ae674 : BIOS.obj (.text:ti_sysbios_family_c64p_Hwi_dispatchC__I)
                  c3745220    00000100                   : BIOS.obj (.text:ti_sysbios_gates_GateMutexPri_leave__E)
                  c3745320    00000100                   : BIOS.obj (.text:ti_sysbios_knl_Clock_startI__E)
                  c3745420    00000100                   : BIOS.obj (.text:ti_sysbios_knl_Semaphore_post__E)
                  c3745520    00000100     dsp_pe674.oe674 (.text:ti_sysbios_knl_Swi_Object__create__S)
                  c3745620    00000100     sysbios.ae674 : BIOS.obj (.text:ti_sysbios_knl_Swi_restoreHwi__E)
                  c3745720    00000100     dsp_pe674.oe674 (.text:ti_sysbios_knl_Task_Object__create__S)
                  c3745820    00000100     sysbios.ae674 : BIOS.obj (.text:ti_sysbios_timers_timer64_Timer_initDevice__I)
                  c3745920    00000100     ti.targets.rts6000.ae674 : Core-mem.oe674 (.text:xdc_runtime_Core_deleteObject__I)
                  c3745a20    00000100                              : LoggerBuf.oe674 (.text:xdc_runtime_LoggerBuf_getFilterLevel__F)
                  c3745b20    00000100                              : Startup.oe674 (.text:xdc_runtime_Startup_exec__F)
                  c3745c20    00000100                              : Text.oe674 (.text:xdc_runtime_Text_visitRope2__I)
                  c3745d20    000000e0     ti.syslink.ipc.rtos.ae674 : ClientNotifyMgr.oe674 (.text:ClientNotifyMgr_cbFxn)
                  c3745e00    000000e0                               : ClientNotifyMgr.oe674 (.text:ClientNotifyMgr_enableNotification)
                  c3745ee0    000000e0                               : ClientNotifyMgr.oe674 (.text:ClientNotifyMgr_thFxn)
                  c3745fc0    000000e0                               : FrameQBufMgr.oe674 (.text:FrameQBufMgr_getHandle)
                  c37460a0    000000e0                               : FrameQBufMgr.oe674 (.text:FrameQBufMgr_getInstNo)
                  c3746180    000000e0                               : FrameQ_ShMem.oe674 (.text:FrameQ_ShMem_open)
                  c3746260    000000e0     ipc.ae674 : Ipc.obj (.text:NameServer_getLocal)
                  c3746340    000000e0     Platform.lib : UARTConsole.obj (.text)
                  c3746420    000000e0     ti.syslink.ipc.rtos.ae674 : RingIOShm.oe674 (.text:RingIOShm_setup)
                  c3746500    000000e0                               : RingIO.oe674 (.text:RingIO_destroy)
                  c37465e0    000000e0                               : SharedMemoryMgr.oe674 (.text:SyslinkMemMgr_SharedMemory_translate)
                  c37466c0    000000e0     rts6740_elf.lib : memset.obj (.text:memset)
                  c37467a0    000000e0     dsp_pe674.oe674 (.text:ti_sdo_ipc_GateMP_Object__create__S)
                  c3746880    000000e0     ipc.ae674 : Ipc.obj (.text:ti_sdo_ipc_Ipc_getMasterAddr__I)
                  c3746960    000000e0               : Ipc.obj (.text:ti_sdo_ipc_Ipc_getSlaveAddr__I)
                  c3746a40    000000e0     dsp_pe674.oe674 (.text:ti_sdo_ipc_ListMP_Object__create__S)
                  c3746b20    000000e0     ipc.ae674 : Ipc.obj (.text:ti_sdo_ipc_Notify_detach__F)
                  c3746c00    000000e0               : Ipc.obj (.text:ti_sdo_ipc_SharedRegion_reserveMemory__F)
                  c3746ce0    000000e0               : Ipc.obj (.text:ti_sdo_ipc_SharedRegion_stop__F)
                  c3746dc0    000000e0               : Ipc.obj (.text:ti_sdo_ipc_gates_GatePeterson_sharedMemReq__E)
                  c3746ea0    000000e0     dsp_pe674.oe674 (.text:ti_sdo_ipc_heaps_HeapMemMP_Object__create__S)
                  c3746f80    000000e0     dsp_pe674.oe674 (.text:ti_sdo_ipc_notifyDrivers_NotifyDriverShm_Object__create__S)
                  c3747060    000000e0     ipc.ae674 : Ipc.obj (.text:ti_sdo_utils_NameServer_Module_startup__F)
                  c3747140    000000e0     sysbios.ae674 : BIOS.obj (.text:ti_sysbios_family_c64p_Cache_Module_startup__F)
                  c3747220    000000e0                   : BIOS.obj (.text:ti_sysbios_family_c64p_Hwi_Instance_finalize__F)
                  c3747300    000000e0                   : BIOS.obj (.text:ti_sysbios_family_c64p_Hwi_Instance_init__F)
                  c37473e0    000000e0                   : BIOS.obj (.text:ti_sysbios_knl_Task_unblockI__E)
                  c37474c0    000000e0     ti.targets.rts6000.ae674 : Error.oe674 (.text:xdc_runtime_Error_print__F)
                  c37475a0    000000e0     dsp_pe674.oe674 (.text:xdc_runtime_LoggerBuf_Object__create__S)
                  c3747680    000000e0     ti.targets.rts6000.ae674 : Memory.oe674 (.text:xdc_runtime_Memory_alloc__F)
                  c3747760    000000e0     dsp_pe674.oe674 (.text:xdc_runtime_knl_GateThread_Object__create__S)
                  c3747840    000000c0     ti.syslink.ipc.rtos.ae674 : ClientNotifyMgr.oe674 (.text:ClientNotifyMgr_sharedMemReq)
                  c3747900    000000c0                               : FrameQBufMgr_ShMem.oe674 (.text:FrameQBufMgr_ShMem_destroy)
                  c37479c0    000000c0                               : FrameQ_ShMem.oe674 (.text:FrameQ_Shmem_updateCacheFlags)
                  c3747a80    000000c0     rts6740_elf.lib : trgdrv.obj (.text:HOSTwrite)
                  c3747b40    000000c0     ipc.ae674 : Ipc.obj (.text:HeapMemMP_create)
                  c3747c00    000000c0               : Ipc.obj (.text:Ipc_stop)
                  c3747cc0    000000c0               : Ipc.obj (.text:ListMP_create)
                  c3747d80    000000c0               : Ipc.obj (.text:MultiProc_getId)
                  c3747e40    000000c0               : Ipc.obj (.text:NameServer_create)
                  c3747f00    000000c0               : Ipc.obj (.text:SharedRegion_getId)
                  c3747fc0    000000c0     ti.syslink.ipc.rtos.ae674 : SyslinkMemMgr.oe674 (.text:SyslinkMemMgr_delete)
                  c3748080    000000c0     rts6740_elf.lib : dtor_list.obj (.text:_Z11__TI_atexitPFYvPvES_S_)
                  c3748140    000000c0                     : dtor_list.obj (.text:__cxa_finalize)
                  c3748200    000000c0                     : divu.obj (.text:__divu)
                  c37482c0    000000c0                     : exit.obj (.text:exit)
                  c3748380    000000c0     ipc.ae674 : Ipc.obj (.text:ti_sdo_ipc_GateMP_attach__F)
                  c3748440    000000c0               : Ipc.obj (.text:ti_sdo_ipc_ListMP_elemClear__I)
                  c3748500    000000c0               : Ipc.obj (.text:ti_sdo_ipc_Notify_execMany__I)
                  c37485c0    000000c0               : Ipc.obj (.text:ti_sdo_ipc_SharedRegion_detach__F)
                  c3748680    000000c0               : Ipc.obj (.text:ti_sdo_ipc_family_da830_InterruptDsp_intRegister__E)
                  c3748740    000000c0               : Ipc.obj (.text:ti_sdo_ipc_gates_GatePeterson_postInit__I)
                  c3748800    000000c0               : Ipc.obj (.text:ti_sdo_ipc_nsremote_NameServerRemoteNotify_attach__E)
                  c37488c0    000000c0               : Ipc.obj (.text:ti_sdo_utils_NameServer_postInit__I)
                  c3748980    000000c0     sysbios.ae674 : BIOS.obj (.text:ti_sysbios_heaps_HeapMem_getStats__E)
                  c3748a40    000000c0                   : BIOS.obj (.text:ti_sysbios_knl_Swi_Instance_init__F)
                  c3748b00    000000c0                   : BIOS.obj (.text:ti_sysbios_knl_Swi_run__I)
                  c3748bc0    000000c0                   : BIOS.obj (.text:ti_sysbios_knl_Task_allBlockedFunction__I)
                  c3748c80    000000c0                   : BIOS.obj (.text:ti_sysbios_timers_timer64_Timer_startup__E)
                  c3748d40    000000c0     ti.targets.rts6000.ae674 : LoggerBuf.oe674 (.text:xdc_runtime_LoggerBuf_Instance_init__F)
                  c3748e00    000000c0     dsp_pe674.oe674 (.text:xdc_runtime_Registry_findById__E)
                  c3748ec0    000000c0     ti.targets.rts6000.ae674 : System.oe674 (.text:xdc_runtime_System_formatNum__I)
                  c3748f80    000000a0     ti.syslink.ipc.rtos.ae674 : FrameQBufMgr_ShMem.oe674 (.text:FrameQBufMgr_ShMem_getNumFreeFrames)
                  c3749020    000000a0                               : FrameQBufMgr_ShMem.oe674 (.text:FrameQBufMgr_ShMem_registerNotifier)
                  c37490c0    000000a0                               : FrameQBufMgr_ShMem.oe674 (.text:FrameQBufMgr_ShMem_translateAddr)
                  c3749160    000000a0     ipc.ae674 : Ipc.obj (.text:SharedRegion_getPtr)
                  c3749200    000000a0               : Ipc.obj (.text:SharedRegion_getSRPtr)
                  c37492a0    000000a0     rts6740_elf.lib : remu.obj (.text:__remu)
                  c3749340    000000a0     boot.ae674 : boot.oe674 (.text:_c_int00)
                  c37493e0    000000a0     sysbios.ae674 : c64p_Hwi_asm.obj (.text:_ti_sysbios_family_c64p_Hwi_plug__E)
                  c3749480    000000a0     rts6740_elf.lib : memcpy64.obj (.text:memcpy)
                  c3749520    000000a0     ipc.ae674 : Ipc.obj (.text:ti_sdo_ipc_GateMP_detach__F)
                  c37495c0    000000a0               : Ipc.obj (.text:ti_sdo_ipc_GateMP_getRegion0ReservedSize__F)
                  c3749660    000000a0               : Ipc.obj (.text:ti_sdo_ipc_GateMP_stop__F)
                  c3749700    000000a0               : Ipc.obj (.text:ti_sdo_ipc_gates_GatePeterson_leave__E)
                  c37497a0    000000a0               : Ipc.obj (.text:ti_sdo_ipc_notifyDrivers_NotifyDriverShm_Instance_finalize__F)
                  c3749840    000000a0               : Ipc.obj (.text:ti_sdo_ipc_transports_TransportShmSetup_detach__E)
                  c37498e0    000000a0     sysbios.ae674 : BIOS.obj (.text:ti_sysbios_family_c64p_Hwi_eventMap__E)
                  c3749980    000000a0                   : BIOS.obj (.text:ti_sysbios_family_c64p_Hwi_getStackInfo__E)
                  c3749a20    000000a0                   : BIOS.obj (.text:ti_sysbios_gates_GateMutex_enter__E)
                  c3749ac0    000000a0                   : BIOS.obj (.text:ti_sysbios_heaps_HeapMem_init__I)
                  c3749b60    000000a0                   : BIOS.obj (.text:ti_sysbios_knl_Idle_run__E)
                  c3749c00    000000a0                   : BIOS.obj (.text:ti_sysbios_knl_Semaphore_pendTimeout__I)
                  c3749ca0    000000a0                   : BIOS.obj (.text:ti_sysbios_knl_Swi_restore__E)
                  c3749d40    000000a0                   : BIOS.obj (.text:ti_sysbios_timers_timer64_Timer_stop__E)
                  c3749de0    000000a0     ti.targets.rts6000.ae674 : Assert.oe674 (.text:xdc_runtime_Assert_raise__I)
                  c3749e80    000000a0                              : LoggerBuf.oe674 (.text:xdc_runtime_LoggerBuf_Module_startup__F)
                  c3749f20    000000a0                              : SysMin.oe674 (.text:xdc_runtime_SysMin_abort__F)
                  c3749fc0    000000a0                              : SysMin.oe674 (.text:xdc_runtime_SysMin_flush__F)
                  c374a060    000000a0                              : SysMin.oe674 (.text:xdc_runtime_SysMin_putch__F)
                  c374a100    000000a0                              : Text.oe674 (.text:xdc_runtime_Text_xprintf__I)
                  c374a1a0    00000080     ti.syslink.ipc.rtos.ae674 : FrameQBufMgr_ShMem.oe674 (.text:FrameQBufMgr_ShMem_invalidateHeaderBuf)
                  c374a220    00000080                               : FrameQBufMgr.oe674 (.text:FrameQBufMgr_freeInstNo)
                  c374a2a0    00000080                               : FrameQ_ShMem.oe674 (.text:FrameQ_ShMem_destroy)
                  c374a320    00000080     ipc.ae674 : Ipc.obj (.text:GateMP_close)
                  c374a3a0    00000080               : Ipc.obj (.text:GateMP_create)
                  c374a420    00000080               : Ipc.obj (.text:HeapMemMP_restore)
                  c374a4a0    00000080               : Ipc.obj (.text:SharedRegion_getEntry)
                  c374a520    00000080     ti.syslink.ipc.rtos.ae674 : SharedMemoryMgr.oe674 (.text:SyslinkMemMgr_SharedMemory_delete)
                  c374a5a0    00000080                               : TilerMemoryMgr.oe674 (.text:SyslinkMemMgr_TilerMemory_delete)
                  c374a620    00000080     rts6740_elf.lib : llshift.obj (.text:__c6xabi_llshl)
                  c374a6a0    00000080     sysbios.ae674 : c62_TaskSupport_asm.obj (.text:_ti_sysbios_family_c62_TaskSupport_swap__E)
                  c374a720    00000080     main_dsp.oe674 (.text)
                  c374a7a0    00000080     dsp_pe674.oe674 (.text:malloc)
                  c374a820    00000080     rts6740_elf.lib : trgmsg.obj (.text:readmsg)
                  c374a8a0    00000080                     : strncpy.obj (.text:strncpy)
                  c374a920    00000080     ipc.ae674 : Ipc.obj (.text:ti_sdo_ipc_Notify_Module_startup__F)
                  c374a9a0    00000080               : Ipc.obj (.text:ti_sdo_ipc_family_da830_NotifySetup_sharedMemReq__E)
                  c374aa20    00000080     dsp_pe674.oe674 (.text:ti_sdo_ipc_gates_GateMPSupportNull_Object__create__S)
                  c374aaa0    00000080     ipc.ae674 : Ipc.obj (.text:ti_sdo_ipc_notifyDrivers_NotifyDriverShm_sharedMemReq__F)
                  c374ab20    00000080               : Ipc.obj (.text:ti_sdo_ipc_nsremote_NameServerRemoteNotify_detach__E)
                  c374aba0    00000080               : Ipc.obj (.text:ti_sdo_ipc_transports_TransportShm_swiFxn__I)
                  c374ac20    00000080     dsp_pe674.oe674 (.text:ti_sdo_utils_List_Object__create__S)
                  c374aca0    00000080     sysbios.ae674 : BIOS.obj (.text:ti_sysbios_BIOS_errorRaiseHook__I)
                  c374ad20    00000080     dsp_pe674.oe674 (.text:ti_sysbios_BIOS_exitFunc__I)
                  c374ada0    00000080     dsp_pe674.oe674 (.text:ti_sysbios_gates_GateAll_Object__create__S)
                  c374ae20    00000080     dsp_pe674.oe674 (.text:ti_sysbios_gates_GateHwi_Object__create__S)
                  c374aea0    00000080     dsp_pe674.oe674 (.text:ti_sysbios_gates_GateMutexPri_Object__create__S)
                  c374af20    00000080     dsp_pe674.oe674 (.text:ti_sysbios_gates_GateMutex_Object__create__S)
                  c374afa0    00000080     dsp_pe674.oe674 (.text:ti_sysbios_gates_GateSwi_Object__create__S)
                  c374b020    00000080     sysbios.ae674 : BIOS.obj (.text:ti_sysbios_hal_Hwi_checkStack:ti_sysbios_hal_Hwi_checkStack)
                  c374b0a0    00000080                   : BIOS.obj (.text:ti_sysbios_hal_Hwi_initStack:ti_sysbios_hal_Hwi_initStack)
                  c374b120    00000080                   : BIOS.obj (.text:ti_sysbios_heaps_HeapMem_Instance_init__F)
                  c374b1a0    00000080     dsp_pe674.oe674 (.text:ti_sysbios_heaps_HeapMem_Object__create__S)
                  c374b220    00000080     sysbios.ae674 : BIOS.obj (.text:ti_sysbios_knl_Clock_Module_startup__F)
                  c374b2a0    00000080     dsp_pe674.oe674 (.text:ti_sysbios_knl_Clock_doTick__I)
                  c374b320    00000080     sysbios.ae674 : BIOS.obj (.text:ti_sysbios_knl_Clock_getTicks__E)
                  c374b3a0    00000080     dsp_pe674.oe674 (.text:ti_sysbios_knl_Queue_Object__create__S)
                  c374b420    00000080     dsp_pe674.oe674 (.text:ti_sysbios_knl_Semaphore_Object__create__S)
                  c374b4a0    00000080     sysbios.ae674 : BIOS.obj (.text:ti_sysbios_knl_Swi_post__E)
                  c374b520    00000080                   : BIOS.obj (.text:ti_sysbios_knl_Task_processVitalTaskFlag__I)
                  c374b5a0    00000080                   : BIOS.obj (.text:ti_sysbios_knl_Task_restoreHwi__E)
                  c374b620    00000080                   : BIOS.obj (.text:ti_sysbios_knl_Task_restore__E)
                  c374b6a0    00000080                   : BIOS.obj (.text:ti_sysbios_knl_Task_yield__E)
                  c374b720    00000080                   : BIOS.obj (.text:ti_sysbios_timers_timer64_Timer_getExpiredCounts__E)
                  c374b7a0    00000080                   : BIOS.obj (.text:ti_sysbios_timers_timer64_Timer_getPeriod__E)
                  c374b820    00000080     dsp_pe674.oe674 (.text:ti_sysbios_xdcruntime_GateThreadSupport_Object__create__S)
                  c374b8a0    00000080     ti.targets.rts6000.ae674 : Core-label.oe674 (.text:xdc_runtime_Core_assignLabel__I)
                  c374b920    00000080                              : Core-params.oe674 (.text:xdc_runtime_Core_assignParams__I)
                  c374b9a0    00000080                              : LoggerBuf.oe674 (.text:xdc_runtime_LoggerBuf_filterOutEvent__I)
                  c374ba20    00000080                              : System.oe674 (.text:xdc_runtime_System_atexit__F)
                  c374baa0    00000080                              : System.oe674 (.text:xdc_runtime_System_putchar__I)
                  c374bb20    00000080                              : System.oe674 (.text:xdc_runtime_System_rtsExit__I)
                  c374bba0    00000080                              : Text.oe674 (.text:xdc_runtime_Text_printVisFxn__I)
                  c374bc20    00000060     ti.syslink.ipc.rtos.ae674 : ClientNotifyMgr.oe674 (.text:ClientNotifyMgr_Params_init)
                  c374bc80    00000060                               : ClientNotifyMgr.oe674 (.text:ClientNotifyMgr_callBack)
                  c374bce0    00000060                               : ClientNotifyMgr.oe674 (.text:ClientNotifyMgr_getConfig)
                  c374bd40    00000060                               : ClientNotifyMgr.oe674 (.text:ClientNotifyMgr_setNameServer)
                  c374bda0    00000060                               : FrameQBufMgr.oe674 (.text:FrameQBufMgr_Params_init)
                  c374be00    00000060                               : FrameQBufMgr_ShMem.oe674 (.text:FrameQBufMgr_ShMem_getConfig)
                  c374be60    00000060                               : FrameQBufMgr_ShMem.oe674 (.text:FrameQBufMgr_ShMem_invalidateFrameBuf)
                  c374bec0    00000060                               : FrameQBufMgr_ShMem.oe674 (.text:FrameQBufMgr_ShMem_unregisterNotifier)
                  c374bf20    00000060                               : FrameQBufMgr_ShMem.oe674 (.text:FrameQBufMgr_ShMem_writeBackFrameBuf)
                  c374bf80    00000060                               : FrameQBufMgr_ShMem.oe674 (.text:FrameQBufMgr_ShMem_writeBackHeaderBuf)
                  c374bfe0    00000060                               : FrameQBufMgr.oe674 (.text:FrameQBufMgr_getConfig)
                  c374c040    00000060                               : FrameQ_ShMem.oe674 (.text:FrameQ_ShMem_alloc)
                  c374c0a0    00000060                               : FrameQ_ShMem.oe674 (.text:FrameQ_ShMem_allocv)
                  c374c100    00000060                               : FrameQ_ShMem.oe674 (.text:FrameQ_ShMem_freev)
                  c374c160    00000060                               : FrameQ_ShMem.oe674 (.text:FrameQ_ShMem_getConfig)
                  c374c1c0    00000060     ipc.ae674 : Ipc.obj (.text:GateMP_Params_init)
                  c374c220    00000060               : Ipc.obj (.text:HeapMemMP_Params_init)
                  c374c280    00000060               : Ipc.obj (.text:Ipc_isAttached)
                  c374c2e0    00000060               : Ipc.obj (.text:Notify_numIntLines)
                  c374c340    00000060               : Ipc.obj (.text:Notify_sharedMemReq)
                  c374c3a0    00000060               : Ipc.obj (.text:SharedRegion_getCacheLineSize)
                  c374c400    00000060               : Ipc.obj (.text:SharedRegion_getHeap)
                  c374c460    00000060               : Ipc.obj (.text:SharedRegion_isCacheEnabled)
                  c374c4c0    00000060     ti.syslink.ipc.rtos.ae674 : SharedMemoryMgr.oe674 (.text:SyslinkMemMgr_SharedMemory_alloc)
                  c374c520    00000060                               : SharedMemoryMgr.oe674 (.text:SyslinkMemMgr_SharedMemory_create)
                  c374c580    00000060                               : SharedMemoryMgr.oe674 (.text:SyslinkMemMgr_SharedMemory_free)
                  c374c5e0    00000060                               : TilerMemoryMgr.oe674 (.text:SyslinkMemMgr_TilerMemory_create)
                  c374c640    00000060                               : SyslinkMemMgr.oe674 (.text:SyslinkMemMgr_alloc)
                  c374c6a0    00000060                               : SyslinkMemMgr.oe674 (.text:SyslinkMemMgr_free)
                  c374c700    00000060     rts6740_elf.lib : imath64.obj (.text:_subcull)
                  c374c760    00000060     dsp_pe674.oe674 (.text:calloc)
                  c374c7c0    00000060     dsp_pe674.oe674 (.text:ti_sdo_ipc_GateMP_Object__delete__S)
                  c374c820    00000060     ipc.ae674 : Ipc.obj (.text:ti_sdo_ipc_GateMP_createLocal__F)
                  c374c880    00000060               : Ipc.obj (.text:ti_sdo_ipc_Ipc_getRegion0ReservedSize__I)
                  c374c8e0    00000060     dsp_pe674.oe674 (.text:ti_sdo_ipc_ListMP_Object__delete__S)
                  c374c940    00000060     dsp_pe674.oe674 (.text:ti_sdo_ipc_Notify_Object__delete__S)
                  c374c9a0    00000060     ipc.ae674 : Ipc.obj (.text:ti_sdo_ipc_gates_GatePeterson_Instance_finalize__F)
                  c374ca00    00000060     dsp_pe674.oe674 (.text:ti_sdo_ipc_gates_GatePeterson_Object__delete__S)
                  c374ca60    00000060     dsp_pe674.oe674 (.text:ti_sdo_ipc_heaps_HeapMemMP_Object__delete__S)
                  c374cac0    00000060     dsp_pe674.oe674 (.text:ti_sdo_ipc_notifyDrivers_NotifyDriverShm_Object__delete__S)
                  c374cb20    00000060     ipc.ae674 : Ipc.obj (.text:ti_sdo_ipc_notifyDrivers_NotifyDriverShm_enableEvent__E)
                  c374cb80    00000060               : Ipc.obj (.text:ti_sdo_ipc_notifyDrivers_NotifyDriverShm_setNotifyHandle__E)
                  c374cbe0    00000060     dsp_pe674.oe674 (.text:ti_sdo_ipc_nsremote_NameServerRemoteNotify_Object__delete__S)
                  c374cc40    00000060     ipc.ae674 : Ipc.obj (.text:ti_sdo_ipc_transports_TransportShmSetup_sharedMemReq__E)
                  c374cca0    00000060     dsp_pe674.oe674 (.text:ti_sdo_ipc_transports_TransportShm_Object__delete__S)
                  c374cd00    00000060     dsp_pe674.oe674 (.text:ti_sdo_utils_NameServer_Object__delete__S)
                  c374cd60    00000060     sysbios.ae674 : BIOS.obj (.text:ti_sysbios_BIOS_registerRTSLock__I)
                  c374cdc0    00000060                   : BIOS.obj (.text:ti_sysbios_BIOS_removeRTSLock__I)
                  c374ce20    00000060                   : BIOS.obj (.text:ti_sysbios_BIOS_rtsLock__I)
                  c374ce80    00000060                   : BIOS.obj (.text:ti_sysbios_family_c62_TaskSupport_start__E)
                  c374cee0    00000060                   : BIOS.obj (.text:ti_sysbios_family_c64p_Cache_all__I)
                  c374cf40    00000060                   : BIOS.obj (.text:ti_sysbios_family_c64p_Cache_marInit__I)
                  c374cfa0    00000060                   : BIOS.obj (.text:ti_sysbios_family_c64p_Cache_setMar__E)
                  c374d000    00000060                   : BIOS.obj (.text:ti_sysbios_family_c64p_Cache_setSize__E)
                  c374d060    00000060                   : BIOS.obj (.text:ti_sysbios_family_c64p_Cache_wait__E)
                  c374d0c0    00000060     dsp_pe674.oe674 (.text:ti_sysbios_family_c64p_Hwi_Object__delete__S)
                  c374d120    00000060     sysbios.ae674 : BIOS.obj (.text:ti_sysbios_gates_GateAll_enter__E)
                  c374d180    00000060                   : BIOS.obj (.text:ti_sysbios_gates_GateAll_leave__E)
                  c374d1e0    00000060     dsp_pe674.oe674 (.text:ti_sysbios_gates_GateMutexPri_Object__delete__S)
                  c374d240    00000060     sysbios.ae674 : BIOS.obj (.text:ti_sysbios_gates_GateMutex_Instance_init__F)
                  c374d2a0    00000060     dsp_pe674.oe674 (.text:ti_sysbios_gates_GateMutex_Object__delete__S)
                  c374d300    00000060     sysbios.ae674 : BIOS.obj (.text:ti_sysbios_knl_Clock_setupTimerToSkipTicks__E)
                  c374d360    00000060                   : BIOS.obj (.text:ti_sysbios_knl_Semaphore_Instance_init__F)
                  c374d3c0    00000060     dsp_pe674.oe674 (.text:ti_sysbios_knl_Semaphore_Object__delete__S)
                  c374d420    00000060     sysbios.ae674 : BIOS.obj (.text:ti_sysbios_knl_Swi_Module_startup__F)
                  c374d480    00000060     dsp_pe674.oe674 (.text:ti_sysbios_knl_Swi_Object__delete__S)
                  c374d4e0    00000060     dsp_pe674.oe674 (.text:ti_sysbios_knl_Task_Object__delete__S)
                  c374d540    00000060     sysbios.ae674 : BIOS.obj (.text:ti_sysbios_knl_Task_enter__I)
                  c374d5a0    00000060                   : BIOS.obj (.text:ti_sysbios_knl_Task_sleepTimeout__I)
                  c374d600    00000060     dsp_pe674.oe674 (.text:ti_sysbios_xdcruntime_GateThreadSupport_Object__delete__S)
                  c374d660    00000060     ti.syslink.ipc.rtos.ae674 : Syslink.oe674 (.text:ti_syslink_ipc_rtos_Syslink_attach)
                  c374d6c0    00000060     rts6740_elf.lib : trgmsg.obj (.text:writemsg)
                  c374d720    00000060     dsp_pe674.oe674 (.text:xdc_runtime_GateNull_Object__create__S)
                  c374d780    00000060     dsp_pe674.oe674 (.text:xdc_runtime_LoggerBuf_Object__delete__S)
                  c374d7e0    00000060     ti.targets.rts6000.ae674 : Memory.oe674 (.text:xdc_runtime_Memory_calloc__F)
                  c374d840    00000060                              : Memory.oe674 (.text:xdc_runtime_Memory_valloc__F)
                  c374d8a0    00000060                              : SysMin.oe674 (.text:xdc_runtime_SysMin_Module_startup__F)
                  c374d900    00000060                              : SysMin.oe674 (.text:xdc_runtime_SysMin_exit__F)
                  c374d960    00000060     dsp_pe674.oe674 (.text:xdc_runtime_SysMin_output__I)
                  c374d9c0    00000060     ti.targets.rts6000.ae674 : System.oe674 (.text:xdc_runtime_System_aprintf_va__F)
                  c374da20    00000060                              : System.oe674 (.text:xdc_runtime_System_printf_va__F)
                  c374da80    00000060                              : Text.oe674 (.text:xdc_runtime_Text_cordText__F)
                  c374dae0    00000060     dsp_pe674.oe674 (.text:xdc_runtime_knl_GateThread_Object__delete__S)
                  c374db40    00000040     ti.syslink.ipc.rtos.ae674 : FrameQ_ShMem.oe674 (.text:FrameQ_ShMem_dup)
                  c374db80    00000040                               : FrameQ_ShMem.oe674 (.text:FrameQ_ShMem_free)
                  c374dbc0    00000040                               : FrameQ_ShMem.oe674 (.text:FrameQ_ShMem_getNumFreeFrames)
                  c374dc00    00000040                               : FrameQ_ShMem.oe674 (.text:FrameQ_ShMem_getvNumFreeFrames)
                  c374dc40    00000040                               : FrameQ_ShMem.oe674 (.text:FrameQ_ShMem_sendNotify)
                  c374dc80    00000040                               : FrameQ.oe674 (.text:FrameQ_getConfig)
                  c374dcc0    00000040     ipc.ae674 : Ipc.obj (.text:Notify_intLineRegistered)
                  c374dd00    00000040     ti.syslink.ipc.rtos.ae674 : RingIOShm.oe674 (.text:RingIOShm_destroy)
                  c374dd40    00000040                               : SharedMemoryMgr.oe674 (.text:SyslinkMemMgr_SharedMemory_Params_init)
                  c374dd80    00000040                               : TilerMemoryMgr.oe674 (.text:SyslinkMemMgr_TilerMemory_Params_init)
                  c374ddc0    00000040     rts6740_elf.lib : llshift.obj (.text:__c6xabi_llshru)
                  c374de00    00000040                     : strasg.obj (.text:__strasgi_64plus)
                  c374de40    00000040                     : args_main.obj (.text:_args_main)
                  c374de80    00000040     sysbios.ae674 : c62_TaskSupport_asm.obj (.text:_ti_sysbios_family_c62_TaskSupport_buildTaskStack)
                  c374dec0    00000040                   : c64p_Hwi_asm_switch.obj (.text:_ti_sysbios_family_xxx_Hwi_switchToIsrStack)
                  c374df00    00000040     dsp_pe674.oe674 (.text:free)
                  c374df40    00000040     ti.syslink.ipc.rtos.ae674 : FrameQBufMgr_ShMem.oe674 (.text:strcpy)
                  c374df80    00000040     ipc.ae674 : Ipc.obj (.text:ti_sdo_ipc_MessageQ_registerTransport__F)
                  c374dfc0    00000040               : Ipc.obj (.text:ti_sdo_ipc_MessageQ_unregisterTransport__F)
                  c374e000    00000040               : Ipc.obj (.text:ti_sdo_ipc_Notify_exec__F)
                  c374e040    00000040               : Ipc.obj (.text:ti_sdo_ipc_SharedRegion_resetInternalFields__F)
                  c374e080    00000040               : Ipc.obj (.text:ti_sdo_ipc_family_da830_InterruptDsp_intClear__E)
                  c374e0c0    00000040               : Ipc.obj (.text:ti_sdo_ipc_family_da830_InterruptDsp_intSend__E)
                  c374e100    00000040     dsp_pe674.oe674 (.text:ti_sdo_ipc_gates_GateMPSupportNull_Handle__label__S)
                  c374e140    00000040     dsp_pe674.oe674 (.text:ti_sdo_ipc_gates_GateMPSupportNull_Object__delete__S)
                  c374e180    00000040     dsp_pe674.oe674 (.text:ti_sdo_ipc_gates_GatePeterson_Handle__label__S)
                  c374e1c0    00000040     dsp_pe674.oe674 (.text:ti_sdo_ipc_heaps_HeapMemMP_Handle__label__S)
                  c374e200    00000040     dsp_pe674.oe674 (.text:ti_sdo_ipc_notifyDrivers_NotifyDriverShm_Handle__label__S)
                  c374e240    00000040     dsp_pe674.oe674 (.text:ti_sdo_ipc_nsremote_NameServerRemoteNotify_Handle__label__S)
                  c374e280    00000040     ipc.ae674 : Ipc.obj (.text:ti_sdo_ipc_nsremote_NameServerRemoteNotify_sharedMemReq__E)
                  c374e2c0    00000040     dsp_pe674.oe674 (.text:ti_sdo_ipc_transports_TransportShm_Handle__label__S)
                  c374e300    00000040     dsp_pe674.oe674 (.text:ti_sdo_utils_List_Object__delete__S)
                  c374e340    00000040     ipc.ae674 : Ipc.obj (.text:ti_sdo_utils_List_get__E)
                  c374e380    00000040               : Ipc.obj (.text:ti_sdo_utils_List_putHead__E)
                  c374e3c0    00000040               : Ipc.obj (.text:ti_sdo_utils_List_put__E)
                  c374e400    00000040     dsp_pe674.oe674 (.text:ti_sdo_utils_NameServer_Module__startupDone__F)
                  c374e440    00000040     dsp_pe674.oe674 (.text:ti_sdo_utils_NameServer_Object__get__S)
                  c374e480    00000040     ipc.ae674 : Ipc.obj (.text:ti_sdo_utils_NameServer_registerRemoteDriver__E)
                  c374e4c0    00000040               : Ipc.obj (.text:ti_sdo_utils_NameServer_unregisterRemoteDriver__E)
                  c374e500    00000040     sysbios.ae674 : BIOS.obj (.text:ti_sysbios_BIOS_rtsUnlock__I)
                  c374e540    00000040     dsp_pe674.oe674 (.text:ti_sysbios_BIOS_startFunc__I)
                  c374e580    00000040     dsp_pe674.oe674 (.text:ti_sysbios_family_c64p_Hwi_Module__startupDone__F)
                  c374e5c0    00000040     sysbios.ae674 : BIOS.obj (.text:ti_sysbios_family_c64p_Hwi_disableInterrupt__E)
                  c374e600    00000040                   : BIOS.obj (.text:ti_sysbios_family_c64p_Hwi_enableInterrupt__E)
                  c374e640    00000040                   : BIOS.obj (.text:ti_sysbios_family_c64p_primus_TimerSupport_enable__E)
                  c374e680    00000040     dsp_pe674.oe674 (.text:ti_sysbios_gates_GateAll_Handle__label__S)
                  c374e6c0    00000040     dsp_pe674.oe674 (.text:ti_sysbios_gates_GateAll_Object__delete__S)
                  c374e700    00000040     dsp_pe674.oe674 (.text:ti_sysbios_gates_GateHwi_Handle__label__S)
                  c374e740    00000040     dsp_pe674.oe674 (.text:ti_sysbios_gates_GateHwi_Object__delete__S)
                  c374e780    00000040     dsp_pe674.oe674 (.text:ti_sysbios_gates_GateMutexPri_Handle__label__S)
                  c374e7c0    00000040     sysbios.ae674 : BIOS.obj (.text:ti_sysbios_gates_GateMutexPri_Instance_init__F)
                  c374e800    00000040     dsp_pe674.oe674 (.text:ti_sysbios_gates_GateMutexPri_Object__destruct__S)
                  c374e840    00000040     dsp_pe674.oe674 (.text:ti_sysbios_gates_GateMutex_Handle__label__S)
                  c374e880    00000040     sysbios.ae674 : BIOS.obj (.text:ti_sysbios_gates_GateMutex_leave__E)
                  c374e8c0    00000040     dsp_pe674.oe674 (.text:ti_sysbios_gates_GateSwi_Handle__label__S)
                  c374e900    00000040     dsp_pe674.oe674 (.text:ti_sysbios_gates_GateSwi_Object__delete__S)
                  c374e940    00000040     dsp_pe674.oe674 (.text:ti_sysbios_hal_Timer_Module__startupDone__F)
                  c374e980    00000040     dsp_pe674.oe674 (.text:ti_sysbios_heaps_HeapMem_Handle__label__S)
                  c374e9c0    00000040     dsp_pe674.oe674 (.text:ti_sysbios_heaps_HeapMem_Object__delete__S)
                  c374ea00    00000040     dsp_pe674.oe674 (.text:ti_sysbios_heaps_HeapMem_Object__get__S)
                  c374ea40    00000040     sysbios.ae674 : BIOS.obj (.text:ti_sysbios_knl_Queue_put__E)
                  c374ea80    00000040     dsp_pe674.oe674 (.text:ti_sysbios_knl_Semaphore_Object__destruct__S)
                  c374eac0    00000040     dsp_pe674.oe674 (.text:ti_sysbios_knl_Swi_Object__destruct__S)
                  c374eb00    00000040     dsp_pe674.oe674 (.text:ti_sysbios_knl_Swi_Object__get__S)
                  c374eb40    00000040     dsp_pe674.oe674 (.text:ti_sysbios_knl_Task_Object__get__S)
                  c374eb80    00000040     dsp_pe674.oe674 (.text:ti_sysbios_timers_timer64_Timer_Module__startupDone__F)
                  c374ebc0    00000040     sysbios.ae674 : BIOS.obj (.text:ti_sysbios_xdcruntime_GateThreadSupport_Instance_init__F)
                  c374ec00    00000040     ti.syslink.ipc.rtos.ae674 : Syslink.oe674 (.text:ti_syslink_ipc_rtos_Syslink_detach)
                  c374ec40    00000040     ti.targets.rts6000.ae674 : Error.oe674 (.text:xdc_runtime_Error_check__F)
                  c374ec80    00000040                              : Error.oe674 (.text:xdc_runtime_Error_init__F)
                  c374ecc0    00000040     dsp_pe674.oe674 (.text:xdc_runtime_GateNull_Handle__label__S)
                  c374ed00    00000040     dsp_pe674.oe674 (.text:xdc_runtime_GateNull_Object__delete__S)
                  c374ed40    00000040     dsp_pe674.oe674 (.text:xdc_runtime_LoggerBuf_Handle__label__S)
                  c374ed80    00000040     ti.targets.rts6000.ae674 : LoggerBuf.oe674 (.text:xdc_runtime_LoggerBuf_Instance_finalize__F)
                  c374edc0    00000040     dsp_pe674.oe674 (.text:xdc_runtime_LoggerBuf_Object__get__S)
                  c374ee00    00000040     ti.targets.rts6000.ae674 : LoggerBuf.oe674 (.text:xdc_runtime_LoggerBuf_write0__F)
                  c374ee40    00000040     dsp_pe674.oe674 (.text:xdc_runtime_LoggerBuf_write8__E)
                  c374ee80    00000040     ti.targets.rts6000.ae674 : Memory.oe674 (.text:xdc_runtime_Memory_free__F)
                  c374eec0    00000040                              : Registry.oe674 (.text:xdc_runtime_Registry_findById__F)
                  c374ef00    00000040                              : System.oe674 (.text:xdc_runtime_System_abort__F)
                  c374ef40    00000040     dsp_pe674.oe674 (.text:xdc_runtime_System_aprintf__E)
                  c374ef80    00000040     dsp_pe674.oe674 (.text:xdc_runtime_System_printf__E)
                  c374efc0    00000040     ti.targets.rts6000.ae674 : Text.oe674 (.text:xdc_runtime_Text_ropeText__F)
                  c374f000    00000040     dsp_pe674.oe674 (.text:xdc_runtime_knl_GateThread_Handle__label__S)
                  c374f040    00000040     ti.targets.rts6000.ae674 : GateThread.oe674 (.text:xdc_runtime_knl_GateThread_Instance_finalize__F)
                  c374f080    00000040                              : GateThread.oe674 (.text:xdc_runtime_knl_GateThread_Instance_init__F)
                  c374f0c0    00000020     ti.syslink.ipc.rtos.ae674 : ClientNotifyMgr.oe674 (.text:ClientNotifyMgr_close)
                  c374f0e0    00000020                               : ClientNotifyMgr.oe674 (.text:ClientNotifyMgr_create)
                  c374f100    00000020                               : ClientNotifyMgr.oe674 (.text:ClientNotifyMgr_deleteNameServer)
                  c374f120    00000020                               : FrameQBufMgr_ShMem.oe674 (.text:FrameQBufMgr_ShMem_add)
                  c374f140    00000020                               : FrameQBufMgr_ShMem.oe674 (.text:FrameQBufMgr_ShMem_close)
                  c374f160    00000020                               : FrameQBufMgr_ShMem.oe674 (.text:FrameQBufMgr_ShMem_control)
                  c374f180    00000020                               : FrameQBufMgr_ShMem.oe674 (.text:FrameQBufMgr_ShMem_getId)
                  c374f1a0    00000020                               : FrameQBufMgr_ShMem.oe674 (.text:FrameQBufMgr_ShMem_isCacheEnabledForFrameBuf)
                  c374f1c0    00000020                               : FrameQBufMgr_ShMem.oe674 (.text:FrameQBufMgr_ShMem_isCacheEnabledForHeaderBuf)
                  c374f1e0    00000020                               : FrameQBufMgr_ShMem.oe674 (.text:FrameQBufMgr_ShMem_remove)
                  c374f200    00000020                               : FrameQBufMgr.oe674 (.text:FrameQBufMgr_alloc)
                  c374f220    00000020                               : FrameQBufMgr.oe674 (.text:FrameQBufMgr_allocv)
                  c374f240    00000020                               : FrameQBufMgr.oe674 (.text:FrameQBufMgr_close)
                  c374f260    00000020                               : FrameQBufMgr.oe674 (.text:FrameQBufMgr_dup)
                  c374f280    00000020                               : FrameQBufMgr.oe674 (.text:FrameQBufMgr_dupv)
                  c374f2a0    00000020                               : FrameQBufMgr.oe674 (.text:FrameQBufMgr_free)
                  c374f2c0    00000020                               : FrameQBufMgr.oe674 (.text:FrameQBufMgr_freev)
                  c374f2e0    00000020                               : FrameQBufMgr.oe674 (.text:FrameQBufMgr_getBaseHeaderSize)
                  c374f300    00000020                               : FrameQBufMgr.oe674 (.text:FrameQBufMgr_getId)
                  c374f320    00000020                               : FrameQBufMgr.oe674 (.text:FrameQBufMgr_getNumFreeFrames)
                  c374f340    00000020                               : FrameQBufMgr.oe674 (.text:FrameQBufMgr_getvNumFreeFrames)
                  c374f360    00000020                               : FrameQBufMgr.oe674 (.text:FrameQBufMgr_invalidateFrameBuf)
                  c374f380    00000020                               : FrameQBufMgr.oe674 (.text:FrameQBufMgr_invalidateHeaderBuf)
                  c374f3a0    00000020                               : FrameQBufMgr.oe674 (.text:FrameQBufMgr_isCacheEnabledForFrameBuf)
                  c374f3c0    00000020                               : FrameQBufMgr.oe674 (.text:FrameQBufMgr_isCacheEnabledForHeaderBuf)
                  c374f3e0    00000020                               : FrameQBufMgr.oe674 (.text:FrameQBufMgr_registerNotifier)
                  c374f400    00000020                               : FrameQBufMgr.oe674 (.text:FrameQBufMgr_translateAddr)
                  c374f420    00000020                               : FrameQBufMgr.oe674 (.text:FrameQBufMgr_unregisterNotifier)
                  c374f440    00000020                               : FrameQBufMgr.oe674 (.text:FrameQBufMgr_writeBackFrameBuf)
                  c374f460    00000020                               : FrameQBufMgr.oe674 (.text:FrameQBufMgr_writeBackHeaderBuf)
                  c374f480    00000020                               : FrameQ_ShMem.oe674 (.text:FrameQ_ShMem_Params_init)
                  c374f4a0    00000020                               : FrameQ_ShMem.oe674 (.text:FrameQ_ShMem_close)
                  c374f4c0    00000020                               : FrameQ_ShMem.oe674 (.text:FrameQ_ShMem_control)
                  c374f4e0    00000020     ipc.ae674 : Ipc.obj (.text:GateMP_delete)
                  c374f500    00000020               : Ipc.obj (.text:GateMP_enter)
                  c374f520    00000020               : Ipc.obj (.text:GateMP_getDefaultRemote)
                  c374f540    00000020               : Ipc.obj (.text:GateMP_getLocalProtect)
                  c374f560    00000020               : Ipc.obj (.text:GateMP_leave)
                  c374f580    00000020               : Ipc.obj (.text:ListMP_Params_init)
                  c374f5a0    00000020               : Ipc.obj (.text:ListMP_close)
                  c374f5c0    00000020               : Ipc.obj (.text:ListMP_delete)
                  c374f5e0    00000020               : Ipc.obj (.text:MultiProc_getNumProcessors)
                  c374f600    00000020               : Ipc.obj (.text:MultiProc_self)
                  c374f620    00000020               : Ipc.obj (.text:NameServer_Params_init)
                  c374f640    00000020               : Ipc.obj (.text:NameServer_addUInt32)
                  c374f660    00000020               : Ipc.obj (.text:NameServer_delete)
                  c374f680    00000020               : Ipc.obj (.text:NameServer_getUInt32)
                  c374f6a0    00000020               : Ipc.obj (.text:NameServer_removeEntry)
                  c374f6c0    00000020     ti.syslink.ipc.rtos.ae674 : RingIOShm.oe674 (.text:RingIOShm_getConfig)
                  c374f6e0    00000020                               : RingIO.oe674 (.text:RingIO_Params_init)
                  c374f700    00000020                               : RingIO.oe674 (.text:RingIO_getConfig)
                  c374f720    00000020     ipc.ae674 : Ipc.obj (.text:SharedRegion_invalidSRPtr)
                  c374f740    00000020     ti.syslink.ipc.rtos.ae674 : _Syslink.oe674 (.text:SysLink_destroy)
                  c374f760    00000020                               : TilerMemoryMgr.oe674 (.text:SyslinkMemMgr_TilerMemory_alloc)
                  c374f780    00000020                               : TilerMemoryMgr.oe674 (.text:SyslinkMemMgr_TilerMemory_free)
                  c374f7a0    00000020                               : TilerMemoryMgr.oe674 (.text:SyslinkMemMgr_TilerMemory_translate)
                  c374f7c0    00000020                               : SyslinkMemMgr.oe674 (.text:SyslinkMemMgr_translate)
                  c374f7e0    00000020     utils.lib : uartStdio.obj (.text:UARTGetc)
                  c374f800    00000020               : uartStdio.obj (.text:UARTPutc)
                  c374f820    00000020               : uartStdio.obj (.text:UARTStdioInit)
                  c374f840    00000020     ti.syslink.ipc.rtos.ae674 : FrameQBufMgr_ShMem.oe674 (.text:_FrameQBufMgr_ShMem_getCliNotifyMgrGateShAddr)
                  c374f860    00000020                               : FrameQBufMgr_ShMem.oe674 (.text:_FrameQBufMgr_ShMem_getCliNotifyMgrShAddr)
                  c374f880    00000020                               : FrameQBufMgr_ShMem.oe674 (.text:_FrameQBufMgr_ShMem_resetNotifyId)
                  c374f8a0    00000020                               : FrameQBufMgr_ShMem.oe674 (.text:_FrameQBufMgr_ShMem_setNotifyId)
                  c374f8c0    00000020                               : FrameQ_ShMem.oe674 (.text:_FrameQ_ShMem_getCliNotifyMgrGate)
                  c374f8e0    00000020                               : FrameQ_ShMem.oe674 (.text:_FrameQ_ShMem_getCliNotifyMgrGateShAddr)
                  c374f900    00000020                               : FrameQ_ShMem.oe674 (.text:_FrameQ_ShMem_getCliNotifyMgrHandle)
                  c374f920    00000020                               : FrameQ_ShMem.oe674 (.text:_FrameQ_ShMem_getCliNotifyMgrShAddr)
                  c374f940    00000020     rts6740_elf.lib : dtor_list.obj (.text:__cxa_atexit)
                  c374f960    00000020                     : dtor_list.obj (.text:__cxa_ia64_exit)
                  c374f980    00000020     ti.targets.rts6000.ae674 : xdc_noinit.oe674 (.text:__xdc__init)
                  c374f9a0    00000020     rts6740_elf.lib : _lock.obj (.text:_nop)
                  c374f9c0    00000020                     : _lock.obj (.text:_register_lock)
                  c374f9e0    00000020                     : _lock.obj (.text:_register_unlock)
                  c374fa00    00000020     sysbios.ae674 : c62_TaskSupport_asm.obj (.text:_ti_sysbios_family_c62_TaskSupport_glue)
                  c374fa20    00000020                   : c64p_Hwi_asm_switch.obj (.text:_ti_sysbios_family_xxx_Hwi_switchToTaskStack)
                  c374fa40    00000020     rts6740_elf.lib : exit.obj (.text:abort)
                  c374fa60    00000020                     : dtor_list.obj (.text:atexit)
                  c374fa80    00000020     dsp_pe674.oe674 (.text:ti_sdo_ipc_GateMP_Params__init__S)
                  c374faa0    00000020     dsp_pe674.oe674 (.text:ti_sdo_ipc_GateMP_RemoteCustom1Proxy_Object__create__S)
                  c374fac0    00000020     dsp_pe674.oe674 (.text:ti_sdo_ipc_GateMP_RemoteCustom1Proxy_Object__delete__S)
                  c374fae0    00000020     dsp_pe674.oe674 (.text:ti_sdo_ipc_GateMP_RemoteCustom1Proxy_Params__init__S)
                  c374fb00    00000020     dsp_pe674.oe674 (.text:ti_sdo_ipc_GateMP_RemoteCustom1Proxy_Proxy__abstract__S)
                  c374fb20    00000020     dsp_pe674.oe674 (.text:ti_sdo_ipc_GateMP_RemoteCustom1Proxy_Proxy__delegate__S)
                  c374fb40    00000020     dsp_pe674.oe674 (.text:ti_sdo_ipc_GateMP_RemoteCustom1Proxy_getReservedMask__E)
                  c374fb60    00000020     dsp_pe674.oe674 (.text:ti_sdo_ipc_GateMP_RemoteCustom1Proxy_sharedMemReq__E)
                  c374fb80    00000020     dsp_pe674.oe674 (.text:ti_sdo_ipc_GateMP_RemoteCustom2Proxy_Object__create__S)
                  c374fba0    00000020     dsp_pe674.oe674 (.text:ti_sdo_ipc_GateMP_RemoteCustom2Proxy_Object__delete__S)
                  c374fbc0    00000020     dsp_pe674.oe674 (.text:ti_sdo_ipc_GateMP_RemoteCustom2Proxy_Params__init__S)
                  c374fbe0    00000020     dsp_pe674.oe674 (.text:ti_sdo_ipc_GateMP_RemoteCustom2Proxy_Proxy__abstract__S)
                  c374fc00    00000020     dsp_pe674.oe674 (.text:ti_sdo_ipc_GateMP_RemoteCustom2Proxy_Proxy__delegate__S)
                  c374fc20    00000020     dsp_pe674.oe674 (.text:ti_sdo_ipc_GateMP_RemoteCustom2Proxy_getReservedMask__E)
                  c374fc40    00000020     dsp_pe674.oe674 (.text:ti_sdo_ipc_GateMP_RemoteCustom2Proxy_sharedMemReq__E)
                  c374fc60    00000020     dsp_pe674.oe674 (.text:ti_sdo_ipc_GateMP_RemoteSystemProxy_Object__create__S)
                  c374fc80    00000020     dsp_pe674.oe674 (.text:ti_sdo_ipc_GateMP_RemoteSystemProxy_Object__delete__S)
                  c374fca0    00000020     dsp_pe674.oe674 (.text:ti_sdo_ipc_GateMP_RemoteSystemProxy_Params__init__S)
                  c374fcc0    00000020     dsp_pe674.oe674 (.text:ti_sdo_ipc_GateMP_RemoteSystemProxy_Proxy__abstract__S)
                  c374fce0    00000020     dsp_pe674.oe674 (.text:ti_sdo_ipc_GateMP_RemoteSystemProxy_Proxy__delegate__S)
                  c374fd00    00000020     dsp_pe674.oe674 (.text:ti_sdo_ipc_GateMP_RemoteSystemProxy_getReservedMask__E)
                  c374fd20    00000020     dsp_pe674.oe674 (.text:ti_sdo_ipc_GateMP_RemoteSystemProxy_sharedMemReq__E)
                  c374fd40    00000020     dsp_pe674.oe674 (.text:ti_sdo_ipc_GateMP_attach__E)
                  c374fd60    00000020     dsp_pe674.oe674 (.text:ti_sdo_ipc_GateMP_detach__E)
                  c374fd80    00000020     dsp_pe674.oe674 (.text:ti_sdo_ipc_GateMP_getRegion0ReservedSize__E)
                  c374fda0    00000020     dsp_pe674.oe674 (.text:ti_sdo_ipc_GateMP_getSharedAddr__E)
                  c374fdc0    00000020     ipc.ae674 : Ipc.obj (.text:ti_sdo_ipc_GateMP_getSharedAddr__F)
                  c374fde0    00000020     dsp_pe674.oe674 (.text:ti_sdo_ipc_GateMP_start__E)
                  c374fe00    00000020     dsp_pe674.oe674 (.text:ti_sdo_ipc_GateMP_stop__E)
                  c374fe20    00000020     dsp_pe674.oe674 (.text:ti_sdo_ipc_ListMP_Params__init__S)
                  c374fe40    00000020     dsp_pe674.oe674 (.text:ti_sdo_ipc_MessageQ_Module_startup__E)
                  c374fe60    00000020     dsp_pe674.oe674 (.text:ti_sdo_ipc_MessageQ_Object__get__S)
                  c374fe80    00000020     dsp_pe674.oe674 (.text:ti_sdo_ipc_MessageQ_SetupTransportProxy_attach__E)
                  c374fea0    00000020     dsp_pe674.oe674 (.text:ti_sdo_ipc_MessageQ_SetupTransportProxy_detach__E)
                  c374fec0    00000020     dsp_pe674.oe674 (.text:ti_sdo_ipc_MessageQ_SetupTransportProxy_isRegistered__E)
                  c374fee0    00000020     dsp_pe674.oe674 (.text:ti_sdo_ipc_MessageQ_SetupTransportProxy_sharedMemReq__E)
                  c374ff00    00000020     dsp_pe674.oe674 (.text:ti_sdo_ipc_MessageQ_registerTransport__E)
                  c374ff20    00000020     dsp_pe674.oe674 (.text:ti_sdo_ipc_MessageQ_unregisterTransport__E)
                  c374ff40    00000020     dsp_pe674.oe674 (.text:ti_sdo_ipc_Notify_Module_GateProxy_enter__E)
                  c374ff60    00000020     dsp_pe674.oe674 (.text:ti_sdo_ipc_Notify_Module_GateProxy_leave__E)
                  c374ff80    00000020     dsp_pe674.oe674 (.text:ti_sdo_ipc_Notify_Module_startup__E)
                  c374ffa0    00000020     dsp_pe674.oe674 (.text:ti_sdo_ipc_Notify_SetupProxy_attach__E)
                  c374ffc0    00000020     dsp_pe674.oe674 (.text:ti_sdo_ipc_Notify_SetupProxy_numIntLines__E)
                  c374ffe0    00000020     dsp_pe674.oe674 (.text:ti_sdo_ipc_Notify_SetupProxy_sharedMemReq__E)
                  c3750000    00000020     dsp_pe674.oe674 (.text:ti_sdo_ipc_Notify_detach__E)
                  c3750020    00000020     dsp_pe674.oe674 (.text:ti_sdo_ipc_Notify_exec__E)
                  c3750040    00000020     dsp_pe674.oe674 (.text:ti_sdo_ipc_SharedRegion_attach__E)
                  c3750060    00000020     dsp_pe674.oe674 (.text:ti_sdo_ipc_SharedRegion_clearReservedMemory__E)
                  c3750080    00000020     dsp_pe674.oe674 (.text:ti_sdo_ipc_SharedRegion_detach__E)
                  c37500a0    00000020     dsp_pe674.oe674 (.text:ti_sdo_ipc_SharedRegion_reserveMemory__E)
                  c37500c0    00000020     dsp_pe674.oe674 (.text:ti_sdo_ipc_SharedRegion_resetInternalFields__E)
                  c37500e0    00000020     dsp_pe674.oe674 (.text:ti_sdo_ipc_SharedRegion_start__E)
                  c3750100    00000020     dsp_pe674.oe674 (.text:ti_sdo_ipc_SharedRegion_stop__E)
                  c3750120    00000020     ipc.ae674 : Ipc.obj (.text:ti_sdo_ipc_family_da830_InterruptDsp_intDisable__E)
                  c3750140    00000020               : Ipc.obj (.text:ti_sdo_ipc_family_da830_InterruptDsp_intEnable__E)
                  c3750160    00000020               : Ipc.obj (.text:ti_sdo_ipc_family_da830_InterruptDsp_intUnregister__E)
                  c3750180    00000020               : Ipc.obj (.text:ti_sdo_ipc_family_da830_NotifySetup_numIntLines__E)
                  c37501a0    00000020               : Ipc.obj (.text:ti_sdo_ipc_gates_GateMPSupportNull_Instance_init__F)
                  c37501c0    00000020     dsp_pe674.oe674 (.text:ti_sdo_ipc_gates_GateMPSupportNull_Params__init__S)
                  c37501e0    00000020     ipc.ae674 : Ipc.obj (.text:ti_sdo_ipc_gates_GateMPSupportNull_enter__E)
                  c3750200    00000020               : Ipc.obj (.text:ti_sdo_ipc_gates_GateMPSupportNull_getReservedMask__E)
                  c3750220    00000020               : Ipc.obj (.text:ti_sdo_ipc_gates_GateMPSupportNull_leave__E)
                  c3750240    00000020     dsp_pe674.oe674 (.text:ti_sdo_ipc_gates_GateMPSupportNull_query__E)
                  c3750260    00000020     ipc.ae674 : Ipc.obj (.text:ti_sdo_ipc_gates_GateMPSupportNull_query__F)
                  c3750280    00000020               : Ipc.obj (.text:ti_sdo_ipc_gates_GateMPSupportNull_sharedMemReq__E)
                  c37502a0    00000020     dsp_pe674.oe674 (.text:ti_sdo_ipc_gates_GatePeterson_Params__init__S)
                  c37502c0    00000020     ipc.ae674 : Ipc.obj (.text:ti_sdo_ipc_gates_GatePeterson_getReservedMask__E)
                  c37502e0    00000020     dsp_pe674.oe674 (.text:ti_sdo_ipc_gates_GatePeterson_query__E)
                  c3750300    00000020     ipc.ae674 : Ipc.obj (.text:ti_sdo_ipc_gates_GatePeterson_query__F)
                  c3750320    00000020     dsp_pe674.oe674 (.text:ti_sdo_ipc_heaps_HeapMemMP_Params__init__S)
                  c3750340    00000020     dsp_pe674.oe674 (.text:ti_sdo_ipc_heaps_HeapMemMP_isBlocking__E)
                  c3750360    00000020     ipc.ae674 : Ipc.obj (.text:ti_sdo_ipc_heaps_HeapMemMP_isBlocking__F)
                  c3750380    00000020     dsp_pe674.oe674 (.text:ti_sdo_ipc_notifyDrivers_NotifyDriverShm_InterruptProxy_intClear__E)
                  c37503a0    00000020     dsp_pe674.oe674 (.text:ti_sdo_ipc_notifyDrivers_NotifyDriverShm_InterruptProxy_intDisable__E)
                  c37503c0    00000020     dsp_pe674.oe674 (.text:ti_sdo_ipc_notifyDrivers_NotifyDriverShm_InterruptProxy_intEnable__E)
                  c37503e0    00000020     dsp_pe674.oe674 (.text:ti_sdo_ipc_notifyDrivers_NotifyDriverShm_InterruptProxy_intRegister__E)
                  c3750400    00000020     dsp_pe674.oe674 (.text:ti_sdo_ipc_notifyDrivers_NotifyDriverShm_InterruptProxy_intSend__E)
                  c3750420    00000020     dsp_pe674.oe674 (.text:ti_sdo_ipc_notifyDrivers_NotifyDriverShm_InterruptProxy_intUnregister__E)
                  c3750440    00000020     dsp_pe674.oe674 (.text:ti_sdo_ipc_notifyDrivers_NotifyDriverShm_Params__init__S)
                  c3750460    00000020     ipc.ae674 : Ipc.obj (.text:ti_sdo_ipc_notifyDrivers_NotifyDriverShm_disable__E)
                  c3750480    00000020               : Ipc.obj (.text:ti_sdo_ipc_notifyDrivers_NotifyDriverShm_enable__E)
                  c37504a0    00000020     dsp_pe674.oe674 (.text:ti_sdo_ipc_notifyDrivers_NotifyDriverShm_sharedMemReq__E)
                  c37504c0    00000020     dsp_pe674.oe674 (.text:ti_sdo_ipc_nsremote_NameServerRemoteNotify_Object__first__S)
[...]
c3781e90   ti_sysbios_heaps_HeapMem_Module__root__V
c3781e9c   ti_sysbios_knl_Clock_Module__root__V
c3781ea8   ti_sysbios_knl_Clock_Module__state__V
c3781ed0   ti_sysbios_knl_Idle_Module__root__V
c3781ed2   ti_sysbios_knl_Intrinsics_Module__root__V
c3781ed4   ti_sysbios_knl_Queue_Module__root__V
c3781ee0   ti_sysbios_knl_Semaphore_Module__root__V
c3781eec   ti_sysbios_knl_Swi_Module__root__V
c3781ef8   ti_sysbios_knl_Swi_Module__state__V
c3781f14   ti_sysbios_knl_Task_Module__root__V
c3781f20   ti_sysbios_knl_Task_Module__state__V
c3781f64   ti_sysbios_syncs_SyncSem_Module__root__V
c3781f70   ti_sysbios_timers_timer64_Timer_Module__root__V
c3781f7c   ti_sysbios_timers_timer64_Timer_Module__state__V
c3781f90   ti_sysbios_xdcruntime_GateThreadSupport_Module__root__V
c3781f9c   xdc_runtime_Defaults_Module__root__V
c3781f9e   xdc_runtime_Error_Module__root__V
c3781fa0   xdc_runtime_Error_Module__state__V
c3781fa4   xdc_runtime_GateNull_Module__root__V
c3781fac   xdc_runtime_LoggerBuf_Module__root__V
c3781fb4   xdc_runtime_LoggerBuf_Module__state__V
c3781fba   xdc_runtime_Main_Module__root__V
c3781fbc   xdc_runtime_Memory_Module__state__V
c3781fc0   xdc_runtime_Registry_Module__root__V
c3781fc4   xdc_runtime_Registry_Module__state__V
c3781fcc   xdc_runtime_Startup_Module__state__V
c3781fd4   xdc_runtime_SysMin_Module__state__V
c3781fe0   xdc_runtime_System_Module__state__V
c3781fec   xdc_runtime_Text_Module__state__V
c3781ff4   xdc_runtime_knl_GateThread_Module__root__V
c3782000   __xdc__init__addr
c3782250   ti_sdo_utils_NameServer_Object__table__V
c3782330   FrameQ_ShMem_fxns
c37823a0   FrameQ_ShMem_module_obj
c3782410   ti_sdo_ipc_SharedRegion_Module_State_0_regions__A
c37824a0   ti_sysbios_knl_Swi_Module_State_0_readyQ__A
c3782520   ti_sysbios_knl_Task_Module_State_0_readyQ__A
c37825a0   ti_sysbios_timers_timer64_Timer_Module_State_0_device__A
c3782600   TSK_idle
c3782600   ti_sysbios_knl_Task_Object__table__V
c3782650   ti_sysbios_timers_timer64_Timer_Object__table__V
c3782720   ti_sysbios_gates_GateMutex_Object__table__V
c3782760   ti_sysbios_knl_Swi_Object__table__V
c3782790   ti_sdo_ipc_Ipc_Module_State_0_procEntry__A
c37827b8   xdc_runtime_LoggerBuf_Object__table__V
c37827e0   ti_sdo_ipc_MessageQ_Module_State_0_heaps__A
c3782800   ti_sysbios_timers_timer64_Timer_Module_State_0_gctrl__A
c3782820   ti_sysbios_timers_timer64_Timer_Module_State_0_handles__A
c3782840   ti_sysbios_timers_timer64_Timer_Module_State_0_intFreqs__A
c3782860   xdc_runtime_System_Module_State_0_atexitHandlers__A
c378289c   SyslinkMemMgr_SharedMemory_fxns
c37828b8   SyslinkMemMgr_TilerMemory_fxns
c37828d8   ti_sysbios_family_c64p_Hwi_Object__table__V
c37828f0   ti_sysbios_gates_GateMutexPri_Object__table__V
c3782908   ti_sysbios_heaps_HeapMem_Object__table__V
c3782920   ti_sysbios_gates_GateAll_Object__table__V
c3782930   _cleanup_ptr
c3782934   _dtors_ptr
c3782938   __TI_enable_exit_profile_output
c378293c   Syslink_RingIO_moduleCfg
c3782944   Syslink_RingIOShm_moduleCfg
c3782948   ti_sysbios_gates_GateSwi_Object__table__V
c3782954   _lock
c3782958   _unlock
c3782960   ti_sdo_ipc_Notify_Module_State_0_notifyHandles__A
c3782968   ti_sdo_ipc_transports_TransportShmSetup_Module_State_0_handles__A
c3782970   ti_sysbios_family_c64p_primus_TimerSupport_Module_State_0_suspSrc__A
c3782978   ti_sysbios_hal_Hwi_Object__table__V
c3782980   ti_sysbios_hal_Timer_Object__table__V
c3782988   ti_sdo_ipc_GateMP_Module_State_0_remoteCustom2Gates__A
c3782990   ti_sdo_ipc_Notify_Module_State_0_notifyHandles_0__A
c3782998   ti_sdo_ipc_Notify_Module_State_0_notifyHandles_1__A
c37829a0   ti_sysbios_gates_GateHwi_Object__table__V
c37829a8   ti_sysbios_knl_Task_Module_State_0_idleTask__A
c37829b0   xdc_runtime_GateNull_Object__table__V
c37829b8   xdc_runtime_Text_charTab__A
c3786314   ti_sdo_ipc_GateMP_E_gateUnavailable__C
c3786318   xdc_runtime_Text_nodeTab__A
c3786734   ti_sdo_ipc_GateMP_E_localGate__C
c3786738   xdc_runtime_Startup_sfxnTab__A
c3786778   ti_sysbios_knl_Task_Object__PARAMS__C
c37867b4   xdc_runtime_LoggerBuf_Module__FXNS__C
c37867f0   ti_sdo_ipc_notifyDrivers_NotifyDriverShm_Module__FXNS__C
c3786828   ti_sdo_ipc_GateMP_Object__PARAMS__C
c378685c   ti_sdo_ipc_notifyDrivers_NotifyDriverShm_Object__PARAMS__C
c3786890   ti_sdo_ipc_heaps_HeapMemMP_Object__PARAMS__C
c37868c0   ti_sysbios_family_c64p_Hwi_Object__PARAMS__C
c378691c   ti_sdo_ipc_ListMP_Object__PARAMS__C
c3786948   ti_sdo_ipc_gates_GateMPSupportNull_Module__FXNS__C
c3786974   ti_sdo_ipc_gates_GatePeterson_Module__FXNS__C
c37869a0   ti_sdo_utils_NameServer_Object__PARAMS__C
c37869cc   ti_sdo_ipc_heaps_HeapMemMP_Module__FXNS__C
c37869f4   ti_sdo_ipc_nsremote_NameServerRemoteNotify_Module__FXNS__C
c3786a1c   ti_sdo_ipc_transports_TransportShm_Module__FXNS__C
c3786a44   ti_sdo_ipc_transports_TransportShm_Object__PARAMS__C
c3786a6c   ti_sysbios_heaps_HeapMem_Module__FXNS__C
c3786a94   ti_sysbios_knl_Swi_Object__PARAMS__C
c3786abc   xdc_runtime_LoggerBuf_Object__PARAMS__C
c3786ae4   ti_sdo_ipc_gates_GateMPSupportNull_Object__PARAMS__C
c3786b08   ti_sdo_ipc_gates_GatePeterson_Object__PARAMS__C
c3786b2c   ti_sysbios_gates_GateAll_Module__FXNS__C
c3786b50   ti_sysbios_gates_GateHwi_Module__FXNS__C
c3786b74   ti_sysbios_gates_GateMutexPri_Module__FXNS__C
c3786b98   ti_sysbios_gates_GateMutex_Module__FXNS__C
c3786bbc   ti_sysbios_gates_GateSwi_Module__FXNS__C
c3786be0   ti_sysbios_heaps_HeapMem_Object__PARAMS__C
c3786c04   ti_sysbios_knl_Semaphore_Object__PARAMS__C
c3786c28   xdc_runtime_GateNull_Module__FXNS__C
c3786c4c   xdc_runtime_knl_GateThread_Module__FXNS__C
c3786c90   ti_sdo_ipc_GateMP_Object__DESC__C
c3786cb0   ti_sdo_ipc_ListMP_Object__DESC__C
c3786cd0   ti_sdo_ipc_Notify_Object__DESC__C
c3786cf0   ti_sdo_ipc_gates_GateMPSupportNull_Object__DESC__C
c3786d10   ti_sdo_ipc_gates_GatePeterson_Object__DESC__C
c3786d30   ti_sdo_ipc_heaps_HeapMemMP_Object__DESC__C
c3786d50   ti_sdo_ipc_notifyDrivers_NotifyDriverShm_Object__DESC__C
c3786d70   ti_sdo_ipc_nsremote_NameServerRemoteNotify_Object__DESC__C
c3786d90   ti_sdo_ipc_nsremote_NameServerRemoteNotify_Object__PARAMS__C
c3786db0   ti_sdo_ipc_transports_TransportShm_Object__DESC__C
c3786dd0   ti_sdo_utils_List_Object__DESC__C
c3786df0   ti_sdo_utils_NameServer_Object__DESC__C
c3786e10   ti_sysbios_family_c64p_Hwi_Object__DESC__C
c3786e30   ti_sysbios_gates_GateAll_Object__DESC__C
c3786e50   ti_sysbios_gates_GateHwi_Object__DESC__C
c3786e70   ti_sysbios_gates_GateMutexPri_Object__DESC__C
c3786e90   ti_sysbios_gates_GateMutex_Object__DESC__C
c3786eb0   ti_sysbios_gates_GateSwi_Object__DESC__C
c3786ed0   ti_sysbios_heaps_HeapMem_Object__DESC__C
c3786ef0   ti_sysbios_knl_Queue_Object__DESC__C
c3786f10   ti_sysbios_knl_Semaphore_Object__DESC__C
c3786f30   ti_sysbios_knl_Swi_Object__DESC__C
c3786f50   ti_sysbios_knl_Task_Object__DESC__C
c3786f70   ti_sysbios_xdcruntime_GateThreadSupport_Object__DESC__C
c3786f90   xdc_runtime_GateNull_Object__DESC__C
c3786fb0   xdc_runtime_LoggerBuf_Object__DESC__C
c3786fd0   xdc_runtime_Startup_sfxnRts__A
c3786ff0   xdc_runtime_knl_GateThread_Object__DESC__C
c378702c   ti_sdo_ipc_Ipc_E_internal__C
c3787062   ti_sdo_ipc_GateMP_Module__id__C
c3787064   ti_sdo_ipc_Ipc_E_nameFailed__C
c37870b0   ti_sdo_ipc_Notify_Object__PARAMS__C
c37870c8   ti_sdo_utils_List_Object__PARAMS__C
c37870e0   ti_sysbios_gates_GateAll_Object__PARAMS__C
c37870f8   ti_sysbios_gates_GateHwi_Object__PARAMS__C
c3787110   ti_sysbios_gates_GateMutexPri_Object__PARAMS__C
c3787128   ti_sysbios_gates_GateMutex_Object__PARAMS__C
c3787140   ti_sysbios_gates_GateSwi_Object__PARAMS__C
c3787158   ti_sysbios_knl_Queue_Object__PARAMS__C
c3787170   ti_sysbios_knl_Task_hooks__A
c3787188   ti_sysbios_xdcruntime_GateThreadSupport_Object__PARAMS__C
c37871a0   xdc_runtime_GateNull_Object__PARAMS__C
c37871b8   xdc_runtime_knl_GateThread_Object__PARAMS__C
c37871e6   ti_sdo_ipc_Ipc_generateSlaveDataForHost__C
c37871fc   ti_sdo_ipc_Ipc_E_versionMismatch__C
c3787214   ti_sdo_ipc_Ipc_numUserFxns__C
c378722c   ti_sdo_ipc_Ipc_procSync__C
c3787244   ti_sdo_ipc_Ipc_userFxns__C
c378725a   ti_sdo_ipc_Ipc_sr0MemorySetup__C
c378725c   ti_sdo_ipc_MessageQ_Instance_State_highList__O
c378728a   ti_sdo_ipc_ListMP_Module__id__C
c378728c   ti_sdo_ipc_MessageQ_Instance_State_normalList__O
c37872a2   ti_sdo_ipc_Notify_numLines__C
c37872a4   ti_sdo_ipc_MessageQ_Object__count__C
c37872e6   ti_sdo_ipc_SharedRegion_numEntries__C
c3787302   ti_sdo_ipc_SharedRegion_translate__C
c3787304   ti_sdo_ipc_Notify_Module__gateObj__C
c3787314   ti_sdo_ipc_Notify_Object__heap__C
c3787318   ti_sdo_ipc_Ipc_userFxns__A
c3787324   ti_sysbios_family_c64p_Cache_initSize__C
c3787338   ti_sdo_utils_MultiProc_nameList__A
c3787340   ti_sysbios_knl_Idle_coreList__C
c3787348   ti_sysbios_knl_Idle_funcList__C
c3787350   ti_sysbios_knl_Task_hooks__C
c3787358   xdc_runtime_Startup_firstFxns__A
c3787360   xdc_runtime_Startup_firstFxns__C
c3787368   xdc_runtime_Startup_lastFxns__C
c3787374   ti_sdo_ipc_Notify_numEvents__C
c3787378   ti_sdo_ipc_Notify_sendEventPollCount__C
c378737c   ti_sdo_ipc_SharedRegion_INVALIDSRPTR__C
c3787380   ti_sdo_ipc_SharedRegion_numOffsetBits__C
c3787384   ti_sdo_ipc_SharedRegion_offsetMask__C
c3787388   ti_sdo_ipc_family_da830_NotifySetup_armRecvIntId0__C
c378738c   ti_sdo_ipc_family_da830_NotifySetup_armRecvIntId1__C
c3787390   ti_sdo_ipc_family_da830_NotifySetup_dspIntVectId0__C
c3787394   ti_sdo_ipc_family_da830_NotifySetup_dspIntVectId1__C
c3787398   ti_sdo_ipc_family_da830_NotifySetup_dspRecvIntId0__C
c378739c   ti_sdo_ipc_family_da830_NotifySetup_dspRecvIntId1__C
c37873a0   ti_sdo_ipc_gates_GatePeterson_E_gateRemotelyOpened__C
c37873a4   ti_sdo_ipc_heaps_HeapMemMP_E_memory__C
c37873a8   ti_sdo_ipc_interfaces_IGateMPSupport_Interface__BASE__C
c37873ac   ti_sdo_ipc_interfaces_IMessageQTransport_Interface__BASE__C
c37873b0   ti_sdo_ipc_interfaces_INotifyDriver_Interface__BASE__C
c37873b4   ti_sdo_ipc_notifyDrivers_NotifyDriverShm_Object__heap__C
c37873b8   ti_sdo_ipc_nsremote_NameServerRemoteNotify_Instance_State_semMultiBlock__O
c37873bc   ti_sdo_ipc_nsremote_NameServerRemoteNotify_Instance_State_semRemoteWait__O
c37873c0   ti_sdo_ipc_nsremote_NameServerRemoteNotify_Instance_State_swiObj__O
c37873c4   ti_sdo_ipc_nsremote_NameServerRemoteNotify_notifyEventId__C
c37873c8   ti_sdo_ipc_nsremote_NameServerRemoteNotify_timeout__C
c37873cc   ti_sdo_ipc_transports_TransportShmSetup_priority__C
c37873d0   ti_sdo_ipc_transports_TransportShm_Instance_State_swiObj__O
c37873d4   ti_sdo_utils_INameServerRemote_Interface__BASE__C
c37873d8   ti_sdo_utils_MultiProc_nameList__C
c37873dc   ti_sdo_utils_NameServer_E_entryExists__C
c37873e0   ti_sdo_utils_NameServer_E_maxReached__C
c37873e4   ti_sdo_utils_NameServer_Instance_State_freeList__O
c37873e8   ti_sdo_utils_NameServer_Instance_State_nameList__O
c37873ec   ti_sdo_utils_NameServer_Object__count__C
c37873f0   ti_sdo_utils_NameServer_Object__heap__C
c37873f4   ti_sysbios_BIOS_installedErrorHook__C
c37873f8   ti_sysbios_family_c62_TaskSupport_stackAlignment__C
c37873fc   ti_sysbios_family_c64p_Cache_EMIFA_BASE__C
c3787400   ti_sysbios_family_c64p_Cache_EMIFA_CFG__C
c3787404   ti_sysbios_family_c64p_Cache_EMIFA_LENGTH__C
c3787408   ti_sysbios_family_c64p_Cache_EMIFB_BASE__C
c378740c   ti_sysbios_family_c64p_Cache_EMIFB_CFG__C
c3787410   ti_sysbios_family_c64p_Cache_EMIFB_LENGTH__C
c3787414   ti_sysbios_family_c64p_Cache_EMIFC_BASE__C
c3787418   ti_sysbios_family_c64p_Cache_EMIFC_CFG__C
c378741c   ti_sysbios_family_c64p_Cache_EMIFC_LENGTH__C
c3787420   ti_sysbios_family_c64p_Cache_MAR0_31__C
c3787424   ti_sysbios_family_c64p_Cache_MAR128_159__C
c3787428   ti_sysbios_family_c64p_Cache_MAR160_191__C
c378742c   ti_sysbios_family_c64p_Cache_MAR192_223__C
c3787430   ti_sysbios_family_c64p_Cache_MAR224_255__C
c3787434   ti_sysbios_family_c64p_Cache_MAR32_63__C
c3787438   ti_sysbios_family_c64p_Cache_MAR64_95__C
c378743c   ti_sysbios_family_c64p_Cache_MAR96_127__C
c3787440   ti_sysbios_family_c64p_Exception_E_exceptionMax__C
c3787444   ti_sysbios_family_c64p_Exception_E_exceptionMin__C
c3787448   ti_sysbios_family_c64p_Exception_exceptionHook__C
c378744c   ti_sysbios_family_c64p_Exception_externalHook__C
c3787450   ti_sysbios_family_c64p_Exception_internalHook__C
c3787454   ti_sysbios_family_c64p_Exception_nmiHook__C
c3787458   ti_sysbios_family_c64p_Hwi_E_alreadyDefined__C
c378745c   ti_sysbios_family_c64p_Hwi_E_handleNotFound__C
c3787460   ti_sysbios_gates_GateMutexPri_Instance_State_pendQ__O
c3787464   ti_sysbios_gates_GateMutex_Instance_State_sem__O
c3787468   ti_sysbios_hal_Hwi_E_stackOverflow__C
c378746c   ti_sysbios_heaps_HeapMem_E_memory__C
c3787470   ti_sysbios_heaps_HeapMem_Module__gateObj__C
c3787474   ti_sysbios_heaps_HeapMem_Object__count__C
c3787478   ti_sysbios_heaps_HeapMem_reqAlign__C
c378747c   ti_sysbios_knl_Clock_Module_State_clockQ__O
c3787480   ti_sysbios_knl_Clock_tickMode__C
c3787484   ti_sysbios_knl_Clock_tickSource__C
c3787488   ti_sysbios_knl_Idle_coreList__A
c378748c   ti_sysbios_knl_Semaphore_Instance_State_pendQ__O
c3787490   ti_sysbios_knl_Idle_funcList__A
c3787494   ti_sysbios_knl_Swi_Object__count__C
c3787498   ti_sysbios_knl_Swi_numPriorities__C
c378749c   ti_sysbios_knl_Task_E_deleteNotAllowed__C
c37874a0   ti_sysbios_knl_Task_E_spOutOfBounds__C
c37874a4   ti_sysbios_knl_Task_E_stackOverflow__C
c37874a8   ti_sysbios_knl_Task_Module_State_inactiveQ__O
c37874ac   ti_sysbios_knl_Task_Module_State_terminatedQ__O
c37874b0   ti_sysbios_knl_Task_Object__count__C
c37874b4   ti_sysbios_knl_Task_Object__heap__C
c37874b8   ti_sysbios_knl_Task_allBlockedFunc__C
c37874bc   ti_sysbios_knl_Task_defaultStackHeap__C
c37874c0   ti_sysbios_knl_Task_defaultStackSize__C
c37874c4   ti_sysbios_knl_Task_numConstructedTasks__C
c37874c8   ti_sysbios_timers_timer64_Timer_E_cannotSupport__C
c37874cc   ti_sysbios_timers_timer64_Timer_anyMask__C
c37874d0   ti_sysbios_timers_timer64_Timer_freqDivisor__C
c37874d4   ti_sysbios_timers_timer64_Timer_numLocalTimers__C
c37874d8   ti_sysbios_timers_timer64_Timer_numTimerDevices__C
c37874dc   ti_sysbios_xdcruntime_GateThreadSupport_Instance_State_gate__O
c37874e0   xdc_runtime_Assert_E_assertFailed__C
c37874e4   xdc_runtime_Core_A_initializedParams__C
c37874e8   xdc_runtime_Core_Module__diagsEnabled__C
c37874ec   xdc_runtime_Core_Module__diagsIncluded__C
c37874f0   xdc_runtime_Core_Module__diagsMask__C
c37874f4   xdc_runtime_Error_E_memory__C
c37874f8   xdc_runtime_Error_Module__diagsEnabled__C
c37874fc   xdc_runtime_Error_Module__diagsIncluded__C
c3787500   xdc_runtime_Error_Module__diagsMask__C
c3787504   xdc_runtime_Error_Module__loggerFxn8__C
c3787508   xdc_runtime_Error_Module__loggerObj__C
c378750c   xdc_runtime_Error_policy__C
c3787510   xdc_runtime_Error_raiseHook__C
c3787514   xdc_runtime_IFilterLogger_Interface__BASE__C
c3787518   xdc_runtime_IGateProvider_Interface__BASE__C
c378751c   xdc_runtime_IHeap_Interface__BASE__C
c3787520   xdc_runtime_ILogger_Interface__BASE__C
c3787524   xdc_runtime_IModule_Interface__BASE__C
c3787528   xdc_runtime_Log_L_error__C
c378752c   xdc_runtime_LoggerBuf_E_badLevel__C
c3787530   xdc_runtime_LoggerBuf_Module__gateObj__C
c3787534   xdc_runtime_LoggerBuf_Object__count__C
c3787538   xdc_runtime_LoggerBuf_statusLogger__C
c378753c   xdc_runtime_Memory_defaultHeapInstance__C
c3787540   xdc_runtime_Startup_execImpl__C
c3787544   xdc_runtime_Startup_maxPasses__C
c3787548   xdc_runtime_Startup_lastFxns__A
c378754c   xdc_runtime_Startup_sfxnRts__C
c3787550   xdc_runtime_Startup_sfxnTab__C
c3787554   xdc_runtime_SysMin_bufSize__C
c3787558   xdc_runtime_SysMin_outputFunc__C
c378755c   xdc_runtime_System_Module__gateObj__C
c3787560   xdc_runtime_System_extendFxn__C
c3787564   xdc_runtime_System_maxAtexitHandlers__C
c3787568   xdc_runtime_Text_charTab__C
c378756c   xdc_runtime_Text_nameEmpty__C
c3787570   xdc_runtime_Text_nameStatic__C
c3787574   xdc_runtime_Text_nameUnknown__C
c3787578   xdc_runtime_Text_nodeTab__C
c378757c   xdc_runtime_Text_visitRopeFxn__C
c3787580   ti_sdo_ipc_family_da830_NotifySetup_useSecondLine__C
c3787582   ti_sdo_ipc_gates_GatePeterson_Module__id__C
c3787584   ti_sdo_ipc_heaps_HeapMemMP_Module__id__C
c3787586   ti_sdo_ipc_nsremote_NameServerRemoteNotify_Module__id__C
c3787588   ti_sdo_ipc_transports_TransportShm_Module__id__C
c378758a   ti_sdo_ipc_transports_TransportShm_notifyEventId__C
c378758c   ti_sdo_utils_MultiProc_numProcessors__C
c378758e   ti_sdo_utils_MultiProc_numProcsInCluster__C
c3787590   ti_sdo_utils_NameServer_Module__id__C
c3787592   ti_sdo_utils_NameServer_singleProcessor__C
c3787594   ti_sysbios_family_c64p_Exception_Module__id__C
c3787596   ti_sysbios_family_c64p_Exception_enableExternalMPC__C
c3787598   ti_sysbios_family_c64p_Exception_enablePrint__C
c378759a   ti_sysbios_family_c64p_Exception_useInternalBuffer__C
c378759c   ti_sysbios_family_c64p_Hwi_Module__id__C
c378759e   ti_sysbios_hal_Hwi_Module__id__C
c37875a0   ti_sysbios_heaps_HeapMem_Module__id__C
c37875a2   ti_sysbios_knl_Task_Module__id__C
c37875a4   ti_sysbios_knl_Task_deleteTerminatedTasks__C
c37875a6   ti_sysbios_knl_Task_initStackFlag__C
c37875a8   ti_sysbios_timers_timer64_Timer_Module__id__C
c37875aa   ti_sysbios_timers_timer64_Timer_startupNeeded__C
c37875ac   xdc_runtime_Core_Module__id__C
c37875ae   xdc_runtime_Error_Module__loggerDefined__C
c37875b0   xdc_runtime_Error_maxDepth__C
c37875b2   xdc_runtime_LoggerBuf_Module__id__C
c37875b4   xdc_runtime_LoggerBuf_filterByLevel__C
c37875b6   xdc_runtime_Memory_Module__id__C
c37875b8   xdc_runtime_SysMin_flushAtExit__C
c37875ba   xdc_runtime_Text_charCnt__C
c37875bc   xdc_runtime_Text_isLoaded__C
c37875be   xdc_runtime_Text_registryModsLastId__C
c37875c0   xdc_runtime_Text_unnamedModsLastId__C
c37875c8   _stack
c37885c8   __CIOBUF_
c37885c8   __TI_STACK_END
c378876c   __c_args__
c37887d0   __TI_STATIC_BASE
c37887d0   gFrameQ_nsHandle
c37887d4   gFrameQBufMgr_nsHandle
c37887d8   Syslink_terminateEventId
c37887dc   Syslink_terminateEventLineId
c37887e0   CLIENTNOTIFYMGR_NAMESERVERNAME
c37887f4   FrameQ_ShMem_module
c3788800   ti_sysbios_family_c64p_Hwi0
c3788800   ti_sysbios_family_c64p_Hwi_int0
c3788820   ti_sysbios_family_c64p_Hwi_int1
c3788840   ti_sysbios_family_c64p_Hwi_int2
c3788860   ti_sysbios_family_c64p_Hwi_int3
c3788880   ti_sysbios_family_c64p_Hwi_int4
c37888a0   ti_sysbios_family_c64p_Hwi_int5
c37888c0   ti_sysbios_family_c64p_Hwi_int6
c37888e0   ti_sysbios_family_c64p_Hwi_int7
c3788900   ti_sysbios_family_c64p_Hwi_int8
c3788920   ti_sysbios_family_c64p_Hwi_int9
c3788940   ti_sysbios_family_c64p_Hwi_int10
c3788960   ti_sysbios_family_c64p_Hwi_int11
c3788980   ti_sysbios_family_c64p_Hwi_int12
c37889a0   ti_sysbios_family_c64p_Hwi_int13
c37889c0   ti_sysbios_family_c64p_Hwi_int14
c37889e0   ti_sysbios_family_c64p_Hwi_int15
c3788c00   _Ipc_ResetVector
c3788c08   Ipc_sr0MemorySetup
ffffffff   __TI_pprof_out_hndl
ffffffff   __TI_prof_data_size
ffffffff   __TI_prof_data_start
ffffffff   __binit__
ffffffff   binit
UNDEFED    __TI_CINIT_Base
UNDEFED    __TI_CINIT_Limit
UNDEFED    __TI_Handler_Table_Base
UNDEFED    __TI_Handler_Table_Limit
UNDEFED    __TI_INITARRAY_Base
UNDEFED    __TI_INITARRAY_Limit

[1409 symbols]


DYNAMIC SYMBOLS: SORTED ALPHABETICALLY BY Name 

address    name
--------   ----
UNDEFED    
c3782600   TSK_idle
c3788c00   _Ipc_ResetVector
c37885c8   __TI_STACK_END
00001000   __TI_STACK_SIZE
c37887d0   __TI_STATIC_BASE
ffffffff   __TI_pprof_out_hndl
ffffffff   __TI_prof_data_size
ffffffff   __TI_prof_data_start
ffffffff   __binit__
c378876c   __c_args__
00000064   _argsize
ffffffff   binit
00000001   xdc_runtime_Startup__EXECFXN__C
00000001   xdc_runtime_Startup__RESETFXN__C

[15 symbols]


IMPORTED and EXPORTED SYMBOLS: SORTED ALPHABETICALLY BY Name 

IMPORTED SYMBOLS

name                           size      Imported from
-----------------------------  --------  -------------

[0 symbols]


EXPORTED SYMBOLS

address    name
--------   ----
c3788c00   _Ipc_ResetVector
