******************************************************************************
               TMS320C6x Linker PC v7.4.4                      
******************************************************************************
>> Linked Wed Oct 25 13:26:04 2017

OUTPUT FILE NAME:   <shareregion.out>
ENTRY POINT SYMBOL: "ti_sysbios_family_c64p_Hwi0"  address: c378ac00


MEMORY CONFIGURATION

         name            origin    length      used     unused   attr    fill
----------------------  --------  ---------  --------  --------  ----  --------
  SR_0                  c2000000   00010000  00010000  00000000  RW X
  SR_1                  c2010000   00a00000  00a00000  00000000  RW X
  DSP_PROG              c3000000   00a00000  0078ad86  0027527a  RW X


SEGMENT ALLOCATION MAP

run origin  load origin   length   init length attrs members
----------  ----------- ---------- ----------- ----- -------
c3000000    c3000000    00721970   00000000    rw-
  c3000000    c3000000    00721970   00000000    rw- .far
c3721970    c3721970    00000010   00000010    rw-
  c3721970    c3721970    00000010   00000010    rw- .fardata.1
c3721980    c3721980    00032dc0   00032dc0    r-x
  c3721980    c3721980    00032dc0   00032dc0    r-x .text
c3754740    c3754740    00030b0c   00030b0c    rw-
  c3754740    c3754740    00030b0c   00030b0c    rw- .fardata.2
c3785250    c3785250    000046aa   000046aa    r--
  c3785250    c3785250    000046aa   000046aa    r-- .const
c3789900    c3789900    00001120   00000000    rw-
  c3789900    c3789900    00001000   00000000    rw- .stack
  c378a900    c378a900    00000120   00000000    rw- .cio
c378aa20    c378aa20    00000064   00000064    rw-
  c378aa20    c378aa20    00000064   00000064    rw- .args
c378aa84    c378aa84    00000050   00000050    r--
  c378aa84    c378aa84    00000050   00000050    r-- .switch
c378aad4    c378aad4    00000008   00000000    rw-
  c378aad4    c378aad4    00000008   00000000    rw- .bss
c378aadc    c378aadc    00000028   00000028    rw-
  c378aadc    c378aadc    00000028   00000028    rw- .neardata
c378ac00    c378ac00    00000200   00000200    r-x
  c378ac00    c378ac00    00000200   00000200    r-x .vecs
c378b000    c378b000    0000008c   0000008c    r--
  c378b000    c378b000    0000008c   0000008c    r-- ti_sdo_ipc_init


SECTION ALLOCATION MAP

 output                                  attributes/
section   page    origin      length       input sections
--------  ----  ----------  ----------   ----------------
.cinit     0    c3000000    00000000     UNINITIALIZED

.init_array 
*          0    c3000000    00000000     UNINITIALIZED

ti.sdo.ipc.SharedRegion_0 
*          0    c2000000    00010000     NOLOAD SECTION
                  c2000000    00010000     --HOLE--

ti.sdo.ipc.SharedRegion_1 
*          0    c2010000    00a00000     NOLOAD SECTION
                  c2010000    00a00000     --HOLE--

xdc.meta   0    c3000000    000000d8     COPY SECTION
                  c3000000    000000d8     dsp_pe674.oe674 (xdc.meta)

.far       0    c3000000    00721970     UNINITIALIZED
                  c3000000    00721010     dsp_pe674.oe674 (.far)
                  c3721010    00000800     dsp_pe674.oe674 (.far:taskStackSection)
                  c3721810    00000140     rts6740_elf.lib : defs.obj (.far)
                  c3721950    0000000c     ti.syslink.ipc.rtos.ae674 : FrameQ.oe674 (.far)
                  c372195c    00000004                               : RingIOShm.oe674 (.far)
                  c3721960    00000008     rts6740_elf.lib : trgdrv.obj (.far)
                  c3721968    00000008     ti.syslink.ipc.rtos.ae674 : RingIO.oe674 (.far)

.fardata.1 
*          0    c3721970    00000010     
                  c3721970    00000010     dsp_pe674.oe674 (.fardata:ti_sdo_ipc_MessageQ_Module_State_0_transports__A)

.text      0    c3721980    00032dc0     
                  c3721980    000021e0     ti.syslink.ipc.rtos.ae674 : FrameQBufMgr_ShMem.oe674 (.text:FrameQBufMgr_ShMem_create)
                  c3723b60    00001060                               : FrameQ_ShMem.oe674 (.text:FrameQ_ShMem_create)
                  c3724bc0    00000fa0                               : ClientNotifyMgr.oe674 (.text:_ClientNotifyMgr_create)
                  c3725b60    00000d20                               : FrameQ_ShMem.oe674 (.text:_FrameQ_ShMem_open)
                  c3726880    00000b40     ipc.ae674 : Ipc.obj (.text:ti_sdo_ipc_GateMP_Instance_init__F)
                  c37273c0    00000a60     ti.syslink.ipc.rtos.ae674 : FrameQ_ShMem.oe674 (.text:FrameQ_ShMem_delete)
                  c3727e20    00000900                               : FrameQBufMgr_ShMem.oe674 (.text:FrameQBufMgr_ShMem_delete)
                  c3728720    00000900                               : FrameQ_ShMem.oe674 (.text:FrameQ_ShMem_putv)
                  c3729020    000008a0                               : ClientNotifyMgr.oe674 (.text:ClientNotifyMgr_delete)
                  c37298c0    000008a0     sysbios.ae674 : BIOS.obj (.text:ti_sysbios_family_c64p_Exception_handler__I)
                  c372a160    000008a0     ti.targets.rts6000.ae674 : System.oe674 (.text:xdc_runtime_System_doPrint__I)
                  c372aa00    00000800     ti.syslink.ipc.rtos.ae674 : FrameQ_ShMem.oe674 (.text:FrameQ_ShMem_put)
                  c372b200    000007e0                               : ClientNotifyMgr.oe674 (.text:ClientNotifyMgr_setup)
                  c372b9e0    000007c0     ipc.ae674 : Ipc.obj (.text:Ipc_attach)
                  c372c1a0    00000700               : Ipc.obj (.text:Ipc_detach)
                  c372c8a0    00000700               : Ipc.obj (.text:ti_sdo_ipc_transports_TransportShm_Instance_init__F)
                  c372cfa0    000006e0     ti.syslink.ipc.rtos.ae674 : FrameQBufMgr_ShMem.oe674 (.text:FrameQBufMgr_ShMem_dupv)
                  c372d680    000006a0                               : FrameQ_ShMem.oe674 (.text:FrameQ_ShMem_getv)
                  c372dd20    00000640                               : FrameQBufMgr_ShMem.oe674 (.text:FrameQBufMgr_ShMem_dup)
                  c372e360    000005e0                               : ClientNotifyMgr.oe674 (.text:ClientNotifyMgr_sendNotificationMulti)
                  c372e940    000005e0                               : FrameQBufMgr_ShMem.oe674 (.text:FrameQBufMgr_ShMem_allocv)
                  c372ef20    000005c0     rts6740_elf.lib : _printfi.obj (.text:_getarg_diouxp)
                  c372f4e0    000005a0     ti.syslink.ipc.rtos.ae674 : ClientNotifyMgr.oe674 (.text:ClientNotifyMgr_threadFxn)
                  c372fa80    000005a0     rts6740_elf.lib : divd.obj (.text:__c6xabi_divd)
                  c3730020    000004e0     ipc.ae674 : Ipc.obj (.text:ti_sdo_ipc_heaps_HeapMemMP_Instance_init__F)
                  c3730500    000004c0     ti.syslink.ipc.rtos.ae674 : ClientNotifyMgr.oe674 (.text:ClientNotifyMgr_execCallBackFxn)
                  c37309c0    000004c0     ipc.ae674 : Ipc.obj (.text:ti_sdo_ipc_ListMP_Instance_init__F)
                  c3730e80    000004a0     ti.syslink.ipc.rtos.ae674 : ClientNotifyMgr.oe674 (.text:ClientNotifyMgr_sendNotification)
                  c3731320    00000460                               : ClientNotifyMgr.oe674 (.text:ClientNotifyMgr_sendForceNotificationMulti)
                  c3731780    00000460     rts6740_elf.lib : _printfi.obj (.text:_printfi)
                  c3731be0    00000460                     : _printfi.obj (.text:_setfield)
                  c3732040    00000460     ipc.ae674 : Ipc.obj (.text:ti_sdo_ipc_GateMP_setRegion0Reserved__F)
                  c37324a0    00000460               : Ipc.obj (.text:ti_sdo_ipc_nsremote_NameServerRemoteNotify_get__F)
                  c3732900    00000420     ti.syslink.ipc.rtos.ae674 : FrameQBufMgr_ShMem.oe674 (.text:FrameQBufMgr_ShMem_sharedMemReq)
                  c3732d20    00000420                               : FrameQ_ShMem.oe674 (.text:FrameQ_ShMem_flushAll)
                  c3733140    00000420                               : FrameQ_ShMem.oe674 (.text:_FrameQ_ShMem_setOpenFlags)
                  c3733560    00000420     ipc.ae674 : Ipc.obj (.text:ti_sdo_ipc_GateMP_Instance_finalize__F)
                  c3733980    000003e0     ti.syslink.ipc.rtos.ae674 : FrameQBufMgr_ShMem.oe674 (.text:FrameQBufMgr_ShMem_freev)
                  c3733d60    000003c0     ipc.ae674 : Ipc.obj (.text:ti_sdo_ipc_heaps_HeapMemMP_alloc__E)
                  c3734120    000003c0               : Ipc.obj (.text:ti_sdo_ipc_heaps_HeapMemMP_free__E)
                  c37344e0    000003a0     ti.syslink.ipc.rtos.ae674 : ClientNotifyMgr.oe674 (.text:ClientNotifyMgr_registerClient)
                  c3734880    000003a0                               : ClientNotifyMgr.oe674 (.text:ClientNotifyMgr_unregisterClient)
                  c3734c20    000003a0                               : FrameQ_ShMem.oe674 (.text:FrameQ_ShMem_getvNumFrames)
                  c3734fc0    000003a0     ipc.ae674 : Ipc.obj (.text:NameServer_add)
                  c3735360    000003a0     rts6740_elf.lib : fputs.obj (.text:fputs)
                  c3735700    00000360     ti.syslink.ipc.rtos.ae674 : FrameQBufMgr_ShMem.oe674 (.text:FrameQBufMgr_ShMem_free)
                  c3735a60    00000360     resource_sync.obj (.text)
                  c3735dc0    00000340     ti.syslink.ipc.rtos.ae674 : FrameQBufMgr.oe674 (.text:FrameQBufMgr_open)
                  c3736100    00000340                               : FrameQ_ShMem.oe674 (.text:FrameQ_ShMem_get)
                  c3736440    00000320                               : FrameQBufMgr.oe674 (.text:FrameQBufMgr_create)
                  c3736760    00000320     rts6740_elf.lib : _printfi.obj (.text:_pproc_fge)
                  c3736a80    00000320     syslink_service.obj (.text)
                  c3736da0    00000300     ti.syslink.ipc.rtos.ae674 : FrameQBufMgr_ShMem.oe674 (.text:FrameQBufMgr_ShMem_alloc)
                  c37370a0    00000300     ipc.ae674 : Ipc.obj (.text:Ipc_writeConfig)
                  c37373a0    00000300     sysbios.ae674 : BIOS.obj (.text:ti_sysbios_knl_Semaphore_pend__E)
                  c37376a0    00000300                   : BIOS.obj (.text:ti_sysbios_knl_Task_Instance_finalize__F)
                  c37379a0    000002e0     ipc.ae674 : Ipc.obj (.text:ListMP_getHead)
                  c3737c80    000002e0     rts6740_elf.lib : _printfi.obj (.text:_pproc_fwp)
                  c3737f60    000002e0     ipc.ae674 : Ipc.obj (.text:ti_sdo_ipc_Ipc_procSyncStart__I)
                  c3738240    000002e0               : Ipc.obj (.text:ti_sdo_ipc_nsremote_NameServerRemoteNotify_Instance_init__F)
                  c3738520    000002c0     ti.syslink.ipc.rtos.ae674 : FrameQ_ShMem.oe674 (.text:FrameQ_ShMem_registerNotifier)
                  c37387e0    000002c0     ipc.ae674 : Ipc.obj (.text:NameServer_get)
                  c3738aa0    000002c0     syslink.obj (.text)
                  c3738d60    000002c0     sysbios.ae674 : BIOS.obj (.text:ti_sysbios_timers_timer64_Timer_Module_startup__F)
                  c3739020    000002a0     rts6740_elf.lib : _printfi.obj (.text:ecvt)
                  c37392c0    000002a0                     : _printfi.obj (.text:fcvt)
                  c3739560    000002a0     ipc.ae674 : Ipc.obj (.text:ti_sdo_ipc_transports_TransportShm_Instance_finalize__F)
                  c3739800    000002a0     sysbios.ae674 : BIOS.obj (.text:ti_sysbios_timers_timer64_Timer_deviceConfig__I)
                  c3739aa0    00000280     ipc.ae674 : Ipc.obj (.text:ListMP_putHead)
                  c3739d20    00000280               : Ipc.obj (.text:ListMP_putTail)
                  c3739fa0    00000280               : Ipc.obj (.text:ListMP_remove)
                  c373a220    00000280               : Ipc.obj (.text:ti_sdo_ipc_gates_GatePeterson_Instance_init__F)
                  c373a4a0    00000280     ti.targets.rts6000.ae674 : Error.oe674 (.text:xdc_runtime_Error_raiseX__F)
                  c373a720    00000260     ti.syslink.ipc.rtos.ae674 : FrameQBufMgr_ShMem.oe674 (.text:FrameQBufMgr_ShMem_Params_init)
                  c373a980    00000260     ipc.ae674 : Ipc.obj (.text:GateMP_openByAddr)
                  c373abe0    00000260               : Ipc.obj (.text:Ipc_start)
                  c373ae40    00000260     rts6740_elf.lib : imath64.obj (.text:__c6xabi_divull)
                  c373b0a0    00000260                     : _printfi.obj (.text:_pconv_e)
                  c373b300    00000260     sysbios.ae674 : BIOS.obj (.text:ti_sysbios_family_c64p_Exception_internalHandler__I)
                  c373b560    00000260                   : BIOS.obj (.text:ti_sysbios_timers_timer64_Timer_setPeriodMicroSecs__E)
                  c373b7c0    00000260     ti.targets.rts6000.ae674 : Startup.oe674 (.text:xdc_runtime_Startup_startMods__I)
                  c373ba20    00000260     dsp_pe674.oe674 (.text:xdc_runtime_System_printfExtend__I)
                  c373bc80    00000240     ti.syslink.ipc.rtos.ae674 : FrameQ_ShMem.oe674 (.text:FrameQ_ShMem_unregisterNotifier)
                  c373bec0    00000240                               : FrameQ.oe674 (.text:FrameQ_setup)
                  c373c100    00000240     ipc.ae674 : Ipc.obj (.text:Notify_unregisterEvent)
                  c373c340    00000240     rts6740_elf.lib : _printfi.obj (.text:_pproc_diouxp)
                  c373c580    00000240     ipc.ae674 : Ipc.obj (.text:ti_sdo_ipc_family_da830_NotifySetup_attach__E)
                  c373c7c0    00000240               : Ipc.obj (.text:ti_sdo_ipc_heaps_HeapMemMP_getStats__E)
                  c373ca00    00000240     ti.targets.rts6000.ae674 : LoggerBuf.oe674 (.text:xdc_runtime_LoggerBuf_write8__F)
                  c373cc40    00000220     ti.syslink.ipc.rtos.ae674 : ClientNotifyMgr.oe674 (.text:ClientNotifyMgr_destroy)
                  c373ce60    00000220                               : FrameQ_ShMem.oe674 (.text:FrameQ_ShMem_sharedMemReq)
                  c373d080    00000220                               : SyslinkMemMgr.oe674 (.text:SyslinkMemMgr_create)
                  c373d2a0    00000220     rts6740_elf.lib : _printfi.obj (.text:_pproc_str)
                  c373d4c0    00000220                     : fputc.obj (.text:fputc)
                  c373d6e0    00000220     server.obj (.text)
                  c373d900    00000220     ipc.ae674 : Ipc.obj (.text:ti_sdo_ipc_nsremote_NameServerRemoteNotify_swiFxn__I)
                  c373db20    00000220     sysbios.ae674 : BIOS.obj (.text:ti_sysbios_family_c64p_Hwi_reconfig__E)
                  c373dd40    00000220                   : BIOS.obj (.text:ti_sysbios_gates_GateMutexPri_enter__E)
                  c373df60    00000220     ti.targets.rts6000.ae674 : Core-mem.oe674 (.text:xdc_runtime_Core_createObject__I)
                  c373e180    00000200     rts6740_elf.lib : _printfi.obj (.text:_pconv_g)
                  c373e380    00000200     sysbios.ae674 : c64p_Hwi_disp_always.obj (.text:_ti_sysbios_family_c64p_Hwi_dispatchAlways)
                  c373e580    00000200     rts6740_elf.lib : setvbuf.obj (.text:setvbuf)
                  c373e780    00000200     ipc.ae674 : Ipc.obj (.text:ti_sdo_ipc_Ipc_procSyncFinish__I)
                  c373e980    00000200               : Ipc.obj (.text:ti_sdo_ipc_notifyDrivers_NotifyDriverShm_Instance_init__F)
                  c373eb80    00000200               : Ipc.obj (.text:ti_sdo_ipc_notifyDrivers_NotifyDriverShm_sendEvent__E)
                  c373ed80    000001e0     ti.syslink.ipc.rtos.ae674 : FrameQBufMgr.oe674 (.text:FrameQBufMgr_setup)
                  c373ef60    000001e0                               : FrameQ_ShMem.oe674 (.text:FrameQ_ShMem_getNumFrames)
                  c373f140    000001e0     ipc.ae674 : Ipc.obj (.text:GateMP_sharedMemReq)
                  c373f320    000001e0               : Ipc.obj (.text:ListMP_openByAddr)
                  c373f500    000001e0               : Ipc.obj (.text:ti_sdo_utils_NameServer_Instance_finalize__F)
                  c373f6e0    000001e0     sysbios.ae674 : BIOS.obj (.text:ti_sysbios_family_c64p_Exception_externalHandler__I)
                  c373f8c0    000001e0                   : BIOS.obj (.text:ti_sysbios_knl_Task_Instance_init__F)
                  c373faa0    000001e0                   : BIOS.obj (.text:ti_sysbios_knl_Task_checkStacks__E)
                  c373fc80    000001c0     rts6740_elf.lib : _printfi.obj (.text:_mcpy)
                  c373fe40    000001c0     ipc.ae674 : Ipc.obj (.text:ti_sdo_ipc_GateMP_getFreeResource__I)
                  c3740000    000001c0               : Ipc.obj (.text:ti_sdo_ipc_heaps_HeapMemMP_postInit__I)
                  c37401c0    000001c0     sysbios.ae674 : BIOS.obj (.text:ti_sysbios_family_c64p_Cache_block__I)
                  c3740380    000001c0                   : BIOS.obj (.text:ti_sysbios_family_c64p_Exception_decodeMpfsr__I)
                  c3740540    000001c0                   : BIOS.obj (.text:ti_sysbios_knl_Task_exit__E)
                  c3740700    000001c0                   : BIOS.obj (.text:ti_sysbios_knl_Task_postInit__I)
                  c37408c0    000001c0     ti.targets.rts6000.ae674 : Text.oe674 (.text:xdc_runtime_Text_putSite__F)
                  c3740a80    000001a0     ti.syslink.ipc.rtos.ae674 : FrameQBufMgr_ShMem.oe674 (.text:FrameQBufMgr_ShMem_setup)
                  c3740c20    000001a0                               : FrameQBufMgr.oe674 (.text:FrameQBufMgr_delete)
                  c3740dc0    000001a0     rts6740_elf.lib : imath40.obj (.text:__c6xabi_divul)
                  c3740f60    000001a0     ipc.ae674 : Ipc.obj (.text:ti_sdo_ipc_notifyDrivers_NotifyDriverShm_registerEvent__E)
                  c3741100    000001a0               : Ipc.obj (.text:ti_sdo_ipc_notifyDrivers_NotifyDriverShm_unregisterEvent__E)
                  c37412a0    000001a0               : Ipc.obj (.text:ti_sdo_utils_NameServer_Instance_init__F)
                  c3741440    000001a0     sysbios.ae674 : BIOS.obj (.text:ti_sysbios_timers_timer64_Timer_start__E)
                  c37415e0    000001a0     ti.targets.rts6000.ae674 : LoggerBuf.oe674 (.text:xdc_runtime_LoggerBuf_write4__F)
                  c3741780    00000180     rts6740_elf.lib : trgdrv.obj (.text:HOSTrename)
                  c3741900    00000180     ipc.ae674 : Ipc.obj (.text:NameServer_getHandle)
                  c3741a80    00000180     ti.syslink.ipc.rtos.ae674 : RingIO.oe674 (.text:RingIO_setup)
                  c3741c00    00000180     sysbios.ae674 : c64p_Exception_asm.obj (.text)
                  c3741d80    00000180     ipc.ae674 : Ipc.obj (.text:ti_sdo_ipc_gates_GatePeterson_enter__E)
                  c3741f00    00000180               : Ipc.obj (.text:ti_sdo_ipc_notifyDrivers_NotifyDriverShm_isr__I)
                  c3742080    00000180     sysbios.ae674 : BIOS.obj (.text:ti_sysbios_heaps_HeapMem_alloc__E)
                  c3742200    00000180                   : BIOS.obj (.text:ti_sysbios_knl_Swi_schedule__I)
                  c3742380    00000180                   : BIOS.obj (.text:ti_sysbios_knl_Task_setPri__E)
                  c3742500    00000160     ti.syslink.ipc.rtos.ae674 : ClientNotifyMgr.oe674 (.text:ClientNotifyMgr_waitOnMultiSubEntryNotify)
                  c3742660    00000160                               : FrameQBufMgr_ShMem.oe674 (.text:FrameQBufMgr_ShMem_invalidate)
                  c37427c0    00000160                               : FrameQBufMgr_ShMem.oe674 (.text:FrameQBufMgr_ShMem_writeBack)
                  c3742920    00000160                               : FrameQ_ShMem.oe674 (.text:FrameQ_ShMem_setup)
                  c3742a80    00000160                               : FrameQ.oe674 (.text:FrameQ_destroy)
                  c3742be0    00000160                               : _Syslink.oe674 (.text:SysLink_setup)
                  c3742d40    00000160     ipc.ae674 : Ipc.obj (.text:ti_sdo_ipc_GateMP_openRegion0Reserved__F)
                  c3742ea0    00000160               : Ipc.obj (.text:ti_sdo_ipc_ListMP_Instance_finalize__F)
                  c3743000    00000160               : Ipc.obj (.text:ti_sdo_ipc_Notify_Instance_init__F)
                  c3743160    00000160               : Ipc.obj (.text:ti_sdo_ipc_heaps_HeapMemMP_Instance_finalize__F)
                  c37432c0    00000160               : Ipc.obj (.text:ti_sdo_utils_NameServer_removeLocal__I)
                  c3743420    00000160     sysbios.ae674 : BIOS.obj (.text:ti_sysbios_knl_Task_schedule__I)
                  c3743580    00000160                   : BIOS.obj (.text:ti_sysbios_knl_Task_startCore__E)
                  c37436e0    00000140     ipc.ae674 : Ipc.obj (.text:HeapMemMP_openByAddr)
                  c3743820    00000140               : Ipc.obj (.text:MessageQ_put)
                  c3743960    00000140               : Ipc.obj (.text:Notify_registerEvent)
                  c3743aa0    00000140     boot.ae674 : autoinit.oe674 (.text:_auto_init_elf)
                  c3743be0    00000140     rts6740_elf.lib : _printfi.obj (.text:_pproc_fflags)
                  c3743d20    00000140                     : lowlev.obj (.text:getdevice)
                  c3743e60    00000140     ipc.ae674 : Ipc.obj (.text:ti_sdo_ipc_SharedRegion_start__F)
                  c3743fa0    00000140               : Ipc.obj (.text:ti_sdo_ipc_notifyDrivers_NotifyDriverShm_disableEvent__E)
                  c37440e0    00000140               : Ipc.obj (.text:ti_sdo_ipc_transports_TransportShm_openByAddr__F)
                  c3744220    00000140               : Ipc.obj (.text:ti_sdo_ipc_transports_TransportShm_put__E)
                  c3744360    00000140     sysbios.ae674 : BIOS.obj (.text:ti_sysbios_heaps_HeapMem_free__E)
                  c37444a0    00000140                   : BIOS.obj (.text:ti_sysbios_knl_Task_Module_startup__F)
                  c37445e0    00000140                   : BIOS.obj (.text:ti_sysbios_knl_Task_sleep__E)
                  c3744720    00000140     ti.targets.rts6000.ae674 : Text.oe674 (.text:xdc_runtime_Text_putLab__F)
                  c3744860    00000120     ti.syslink.ipc.rtos.ae674 : FrameQBufMgr_ShMem.oe674 (.text:FrameQBufMgr_ShMem_getvNumFreeFrames)
                  c3744980    00000120                               : FrameQBufMgr_ShMem.oe674 (.text:FrameQBufMgr_ShMem_open)
                  c3744aa0    00000120     ipc.ae674 : Ipc.obj (.text:HeapMemMP_sharedMemReq)
                  c3744bc0    00000120     rts6740_elf.lib : fclose.obj (.text:_closefile)
                  c3744ce0    00000120                     : _printfi.obj (.text:_ltostr)
                  c3744e00    00000120                     : fseek.obj (.text:fseek)
                  c3744f20    00000120     ipc.ae674 : Ipc.obj (.text:ti_sdo_ipc_MessageQ_Module_startup__F)
                  c3745040    00000120               : Ipc.obj (.text:ti_sdo_ipc_transports_TransportShm_sharedMemReq__F)
                  c3745160    00000120     sysbios.ae674 : BIOS.obj (.text:ti_sysbios_family_c64p_Exception_Module_startup__F)
                  c3745280    00000120                   : BIOS.obj (.text:ti_sysbios_knl_Clock_workFunc__E)
                  c37453a0    00000120     ti.targets.rts6000.ae674 : LoggerBuf.oe674 (.text:xdc_runtime_LoggerBuf_setFilterLevel__F)
                  c37454c0    00000120                              : Text.oe674 (.text:xdc_runtime_Text_putMod__F)
                  c37455e0    00000100     ti.syslink.ipc.rtos.ae674 : ClientNotifyMgr.oe674 (.text:ClientNotifyMgr_swiFxn)
                  c37456e0    00000100                               : FrameQBufMgr_ShMem.oe674 (.text:FrameQBufMgr_Shmem_updateCacheFlags)
                  c37457e0    00000100                               : FrameQBufMgr.oe674 (.text:FrameQBufMgr_destroy)
                  c37458e0    00000100     rts6740_elf.lib : trgdrv.obj (.text:HOSTlseek)
                  c37459e0    00000100     ipc.ae674 : Ipc.obj (.text:ListMP_sharedMemReq)
                  c3745ae0    00000100               : Ipc.obj (.text:Notify_registerEventSingle)
                  c3745be0    00000100               : Ipc.obj (.text:Notify_sendEvent)
                  c3745ce0    00000100               : Ipc.obj (.text:Notify_unregisterEventSingle)
                  c3745de0    00000100     ti.syslink.ipc.rtos.ae674 : FrameQ_ShMem.oe674 (.text:_FrameQ_ShMem_resetNotifyId)
                  c3745ee0    00000100                               : FrameQ_ShMem.oe674 (.text:_FrameQ_ShMem_setNotifyId)
                  c3745fe0    00000100     rts6740_elf.lib : _io_perm.obj (.text:_wrt_ok)
                  c37460e0    00000100     ipc.ae674 : Ipc.obj (.text:ti_sdo_ipc_GateMP_start__F)
                  c37461e0    00000100               : Ipc.obj (.text:ti_sdo_ipc_Notify_Instance_finalize__F)
                  c37462e0    00000100               : Ipc.obj (.text:ti_sdo_ipc_SharedRegion_attach__F)
                  c37463e0    00000100               : Ipc.obj (.text:ti_sdo_ipc_SharedRegion_clearReservedMemory__F)
                  c37464e0    00000100               : Ipc.obj (.text:ti_sdo_ipc_nsremote_NameServerRemoteNotify_Instance_finalize__F)
                  c37465e0    00000100               : Ipc.obj (.text:ti_sdo_ipc_transports_TransportShmSetup_attach__E)
                  c37466e0    00000100               : Ipc.obj (.text:ti_sdo_utils_NameServer_findLocal__I)
                  c37467e0    00000100     sysbios.ae674 : BIOS.obj (.text:ti_sysbios_family_c64p_Hwi_Module_startup__F)
                  c37468e0    00000100                   : BIOS.obj (.text:ti_sysbios_family_c64p_Hwi_dispatchC__I)
                  c37469e0    00000100                   : BIOS.obj (.text:ti_sysbios_gates_GateMutexPri_leave__E)
                  c3746ae0    00000100                   : BIOS.obj (.text:ti_sysbios_knl_Clock_startI__E)
                  c3746be0    00000100                   : BIOS.obj (.text:ti_sysbios_knl_Semaphore_post__E)
                  c3746ce0    00000100                   : BIOS.obj (.text:ti_sysbios_knl_Swi_restoreHwi__E)
                  c3746de0    00000100                   : BIOS.obj (.text:ti_sysbios_timers_timer64_Timer_initDevice__I)
                  c3746ee0    00000100     ti.targets.rts6000.ae674 : Core-mem.oe674 (.text:xdc_runtime_Core_deleteObject__I)
                  c3746fe0    00000100                              : LoggerBuf.oe674 (.text:xdc_runtime_LoggerBuf_getFilterLevel__F)
                  c37470e0    00000100                              : Startup.oe674 (.text:xdc_runtime_Startup_exec__F)
                  c37471e0    00000100                              : Text.oe674 (.text:xdc_runtime_Text_visitRope2__I)
                  c37472e0    000000e0     ti.syslink.ipc.rtos.ae674 : ClientNotifyMgr.oe674 (.text:ClientNotifyMgr_cbFxn)
                  c37473c0    000000e0                               : ClientNotifyMgr.oe674 (.text:ClientNotifyMgr_enableNotification)
                  c37474a0    000000e0                               : ClientNotifyMgr.oe674 (.text:ClientNotifyMgr_thFxn)
                  c3747580    000000e0                               : FrameQBufMgr.oe674 (.text:FrameQBufMgr_getHandle)
                  c3747660    000000e0                               : FrameQBufMgr.oe674 (.text:FrameQBufMgr_getInstNo)
                  c3747740    000000e0                               : FrameQ_ShMem.oe674 (.text:FrameQ_ShMem_open)
                  c3747820    000000e0     rts6740_elf.lib : trgdrv.obj (.text:HOSTopen)
                  c3747900    000000e0     ipc.ae674 : Ipc.obj (.text:NameServer_getLocal)
                  c37479e0    000000e0     ti.syslink.ipc.rtos.ae674 : RingIOShm.oe674 (.text:RingIOShm_setup)
                  c3747ac0    000000e0                               : RingIO.oe674 (.text:RingIO_destroy)
                  c3747ba0    000000e0                               : SharedMemoryMgr.oe674 (.text:SyslinkMemMgr_SharedMemory_translate)
                  c3747c80    000000e0     rts6740_elf.lib : atoi.obj (.text:atoi)
                  c3747d60    000000e0                     : lowlev.obj (.text:close)
                  c3747e40    000000e0                     : ltoa.obj (.text:ltoa)
                  c3747f20    000000e0                     : memset.obj (.text:memset)
                  c3748000    000000e0                     : printf.obj (.text:printf)
                  c37480e0    000000e0     ipc.ae674 : Ipc.obj (.text:ti_sdo_ipc_Ipc_getMasterAddr__I)
                  c37481c0    000000e0               : Ipc.obj (.text:ti_sdo_ipc_Ipc_getSlaveAddr__I)
                  c37482a0    000000e0               : Ipc.obj (.text:ti_sdo_ipc_Notify_detach__F)
                  c3748380    000000e0               : Ipc.obj (.text:ti_sdo_ipc_SharedRegion_reserveMemory__F)
                  c3748460    000000e0               : Ipc.obj (.text:ti_sdo_ipc_SharedRegion_stop__F)
                  c3748540    000000e0               : Ipc.obj (.text:ti_sdo_ipc_gates_GatePeterson_sharedMemReq__E)
                  c3748620    000000e0               : Ipc.obj (.text:ti_sdo_utils_NameServer_Module_startup__F)
                  c3748700    000000e0     sysbios.ae674 : BIOS.obj (.text:ti_sysbios_family_c64p_Cache_Module_startup__F)
                  c37487e0    000000e0                   : BIOS.obj (.text:ti_sysbios_family_c64p_Hwi_Instance_finalize__F)
                  c37488c0    000000e0                   : BIOS.obj (.text:ti_sysbios_family_c64p_Hwi_Instance_init__F)
                  c37489a0    000000e0                   : BIOS.obj (.text:ti_sysbios_knl_Task_unblockI__E)
                  c3748a80    000000e0     ti.targets.rts6000.ae674 : Error.oe674 (.text:xdc_runtime_Error_print__F)
                  c3748b60    000000e0                              : Memory.oe674 (.text:xdc_runtime_Memory_alloc__F)
                  c3748c40    000000c0     ti.syslink.ipc.rtos.ae674 : ClientNotifyMgr.oe674 (.text:ClientNotifyMgr_sharedMemReq)
                  c3748d00    000000c0                               : FrameQBufMgr_ShMem.oe674 (.text:FrameQBufMgr_ShMem_destroy)
                  c3748dc0    000000c0                               : FrameQ_ShMem.oe674 (.text:FrameQ_Shmem_updateCacheFlags)
                  c3748e80    000000c0     rts6740_elf.lib : trgdrv.obj (.text:HOSTread)
                  c3748f40    000000c0                     : trgdrv.obj (.text:HOSTunlink)
                  c3749000    000000c0                     : trgdrv.obj (.text:HOSTwrite)
                  c37490c0    000000c0     ipc.ae674 : Ipc.obj (.text:HeapMemMP_create)
                  c3749180    000000c0               : Ipc.obj (.text:Ipc_stop)
                  c3749240    000000c0               : Ipc.obj (.text:ListMP_create)
                  c3749300    000000c0               : Ipc.obj (.text:MultiProc_getId)
                  c37493c0    000000c0               : Ipc.obj (.text:NameServer_create)
                  c3749480    000000c0               : Ipc.obj (.text:SharedRegion_getId)
                  c3749540    000000c0     ti.syslink.ipc.rtos.ae674 : SyslinkMemMgr.oe674 (.text:SyslinkMemMgr_delete)
                  c3749600    000000c0     rts6740_elf.lib : dtor_list.obj (.text:_Z11__TI_atexitPFYvPvES_S_)
                  c37496c0    000000c0                     : dtor_list.obj (.text:__cxa_finalize)
                  c3749780    000000c0                     : divu.obj (.text:__divu)
                  c3749840    000000c0                     : _printfi.obj (.text:_div)
                  c3749900    000000c0                     : fflush.obj (.text:_doflush)
                  c37499c0    000000c0                     : exit.obj (.text:exit)
                  c3749a80    000000c0     dsp_pe674.oe674 (.text:ti_sdo_ipc_GateMP_Object__create__S)
                  c3749b40    000000c0     ipc.ae674 : Ipc.obj (.text:ti_sdo_ipc_GateMP_attach__F)
                  c3749c00    000000c0     dsp_pe674.oe674 (.text:ti_sdo_ipc_ListMP_Object__create__S)
                  c3749cc0    000000c0     ipc.ae674 : Ipc.obj (.text:ti_sdo_ipc_ListMP_elemClear__I)
                  c3749d80    000000c0     dsp_pe674.oe674 (.text:ti_sdo_ipc_Notify_Object__create__S)
                  c3749e40    000000c0     ipc.ae674 : Ipc.obj (.text:ti_sdo_ipc_Notify_execMany__I)
                  c3749f00    000000c0               : Ipc.obj (.text:ti_sdo_ipc_SharedRegion_detach__F)
                  c3749fc0    000000c0               : Ipc.obj (.text:ti_sdo_ipc_family_da830_InterruptDsp_intRegister__E)
                  c374a080    000000c0     dsp_pe674.oe674 (.text:ti_sdo_ipc_gates_GatePeterson_Object__create__S)
                  c374a140    000000c0     ipc.ae674 : Ipc.obj (.text:ti_sdo_ipc_gates_GatePeterson_postInit__I)
                  c374a200    000000c0     dsp_pe674.oe674 (.text:ti_sdo_ipc_heaps_HeapMemMP_Object__create__S)
                  c374a2c0    000000c0     dsp_pe674.oe674 (.text:ti_sdo_ipc_notifyDrivers_NotifyDriverShm_Object__create__S)
                  c374a380    000000c0     dsp_pe674.oe674 (.text:ti_sdo_ipc_nsremote_NameServerRemoteNotify_Object__create__S)
                  c374a440    000000c0     ipc.ae674 : Ipc.obj (.text:ti_sdo_ipc_nsremote_NameServerRemoteNotify_attach__E)
                  c374a500    000000c0     dsp_pe674.oe674 (.text:ti_sdo_ipc_transports_TransportShm_Object__create__S)
                  c374a5c0    000000c0     dsp_pe674.oe674 (.text:ti_sdo_utils_NameServer_Object__create__S)
                  c374a680    000000c0     ipc.ae674 : Ipc.obj (.text:ti_sdo_utils_NameServer_postInit__I)
                  c374a740    000000c0     dsp_pe674.oe674 (.text:ti_sysbios_family_c64p_Hwi_Object__create__S)
                  c374a800    000000c0     sysbios.ae674 : BIOS.obj (.text:ti_sysbios_heaps_HeapMem_getStats__E)
                  c374a8c0    000000c0                   : BIOS.obj (.text:ti_sysbios_knl_Swi_Instance_init__F)
                  c374a980    000000c0     dsp_pe674.oe674 (.text:ti_sysbios_knl_Swi_Object__create__S)
                  c374aa40    000000c0     sysbios.ae674 : BIOS.obj (.text:ti_sysbios_knl_Swi_run__I)
                  c374ab00    000000c0     dsp_pe674.oe674 (.text:ti_sysbios_knl_Task_Object__create__S)
                  c374abc0    000000c0     sysbios.ae674 : BIOS.obj (.text:ti_sysbios_knl_Task_allBlockedFunction__I)
                  c374ac80    000000c0                   : BIOS.obj (.text:ti_sysbios_timers_timer64_Timer_startup__E)
                  c374ad40    000000c0     ti.targets.rts6000.ae674 : LoggerBuf.oe674 (.text:xdc_runtime_LoggerBuf_Instance_init__F)
                  c374ae00    000000c0     dsp_pe674.oe674 (.text:xdc_runtime_LoggerBuf_Object__create__S)
                  c374aec0    000000c0     dsp_pe674.oe674 (.text:xdc_runtime_Registry_findById__E)
                  c374af80    000000c0     ti.targets.rts6000.ae674 : System.oe674 (.text:xdc_runtime_System_formatNum__I)
                  c374b040    000000c0     dsp_pe674.oe674 (.text:xdc_runtime_knl_GateThread_Object__create__S)
                  c374b100    000000a0     ti.syslink.ipc.rtos.ae674 : FrameQBufMgr_ShMem.oe674 (.text:FrameQBufMgr_ShMem_getNumFreeFrames)
                  c374b1a0    000000a0                               : FrameQBufMgr_ShMem.oe674 (.text:FrameQBufMgr_ShMem_registerNotifier)
                  c374b240    000000a0                               : FrameQBufMgr_ShMem.oe674 (.text:FrameQBufMgr_ShMem_translateAddr)
                  c374b2e0    000000a0     rts6740_elf.lib : trgdrv.obj (.text:HOSTclose)
                  c374b380    000000a0     ipc.ae674 : Ipc.obj (.text:SharedRegion_getPtr)
                  c374b420    000000a0               : Ipc.obj (.text:SharedRegion_getSRPtr)
                  c374b4c0    000000a0     rts6740_elf.lib : remu.obj (.text:__remu)
                  c374b560    000000a0     boot.ae674 : boot.oe674 (.text:_c_int00)
                  c374b600    000000a0     rts6740_elf.lib : fopen.obj (.text:_cleanup)
                  c374b6a0    000000a0                     : _printfi.obj (.text:_ecpy)
                  c374b740    000000a0                     : _printfi.obj (.text:_fcpy)
                  c374b7e0    000000a0                     : _printfi.obj (.text:_pconv_f)
                  c374b880    000000a0     sysbios.ae674 : c64p_Hwi_asm.obj (.text:_ti_sysbios_family_c64p_Hwi_plug__E)
                  c374b920    000000a0     rts6740_elf.lib : lowlev.obj (.text:finddevice)
                  c374b9c0    000000a0                     : lowlev.obj (.text:lseek)
                  c374ba60    000000a0                     : memcpy64.obj (.text:memcpy)
                  c374bb00    000000a0     ipc.ae674 : Ipc.obj (.text:ti_sdo_ipc_GateMP_detach__F)
                  c374bba0    000000a0               : Ipc.obj (.text:ti_sdo_ipc_GateMP_getRegion0ReservedSize__F)
                  c374bc40    000000a0               : Ipc.obj (.text:ti_sdo_ipc_GateMP_stop__F)
                  c374bce0    000000a0               : Ipc.obj (.text:ti_sdo_ipc_gates_GatePeterson_leave__E)
                  c374bd80    000000a0               : Ipc.obj (.text:ti_sdo_ipc_notifyDrivers_NotifyDriverShm_Instance_finalize__F)
                  c374be20    000000a0               : Ipc.obj (.text:ti_sdo_ipc_transports_TransportShmSetup_detach__E)
                  c374bec0    000000a0     sysbios.ae674 : BIOS.obj (.text:ti_sysbios_family_c64p_Hwi_eventMap__E)
                  c374bf60    000000a0                   : BIOS.obj (.text:ti_sysbios_family_c64p_Hwi_getStackInfo__E)
                  c374c000    000000a0                   : BIOS.obj (.text:ti_sysbios_gates_GateMutex_enter__E)
                  c374c0a0    000000a0                   : BIOS.obj (.text:ti_sysbios_heaps_HeapMem_init__I)
                  c374c140    000000a0                   : BIOS.obj (.text:ti_sysbios_knl_Idle_run__E)
                  c374c1e0    000000a0                   : BIOS.obj (.text:ti_sysbios_knl_Semaphore_pendTimeout__I)
                  c374c280    000000a0                   : BIOS.obj (.text:ti_sysbios_knl_Swi_restore__E)
                  c374c320    000000a0                   : BIOS.obj (.text:ti_sysbios_timers_timer64_Timer_stop__E)
                  c374c3c0    000000a0     rts6740_elf.lib : lowlev.obj (.text:write)
                  c374c460    000000a0     ti.targets.rts6000.ae674 : Assert.oe674 (.text:xdc_runtime_Assert_raise__I)
                  c374c500    000000a0                              : LoggerBuf.oe674 (.text:xdc_runtime_LoggerBuf_Module_startup__F)
                  c374c5a0    000000a0                              : SysMin.oe674 (.text:xdc_runtime_SysMin_abort__F)
                  c374c640    000000a0                              : SysMin.oe674 (.text:xdc_runtime_SysMin_flush__F)
                  c374c6e0    000000a0                              : SysMin.oe674 (.text:xdc_runtime_SysMin_putch__F)
                  c374c780    000000a0                              : Text.oe674 (.text:xdc_runtime_Text_xprintf__I)
                  c374c820    00000080     ti.syslink.ipc.rtos.ae674 : FrameQBufMgr_ShMem.oe674 (.text:FrameQBufMgr_ShMem_invalidateHeaderBuf)
                  c374c8a0    00000080                               : FrameQBufMgr.oe674 (.text:FrameQBufMgr_freeInstNo)
                  c374c920    00000080                               : FrameQ_ShMem.oe674 (.text:FrameQ_ShMem_destroy)
                  c374c9a0    00000080     ipc.ae674 : Ipc.obj (.text:GateMP_close)
                  c374ca20    00000080               : Ipc.obj (.text:GateMP_create)
                  c374caa0    00000080               : Ipc.obj (.text:HeapMemMP_restore)
                  c374cb20    00000080               : Ipc.obj (.text:SharedRegion_getEntry)
                  c374cba0    00000080     ti.syslink.ipc.rtos.ae674 : SharedMemoryMgr.oe674 (.text:SyslinkMemMgr_SharedMemory_delete)
                  c374cc20    00000080                               : TilerMemoryMgr.oe674 (.text:SyslinkMemMgr_TilerMemory_delete)
                  c374cca0    00000080     rts6740_elf.lib : llshift.obj (.text:__c6xabi_llshl)
                  c374cd20    00000080     sysbios.ae674 : c62_TaskSupport_asm.obj (.text:_ti_sysbios_family_c62_TaskSupport_swap__E)
                  c374cda0    00000080     dsp_pe674.oe674 (.text:malloc)
                  c374ce20    00000080     rts6740_elf.lib : trgmsg.obj (.text:readmsg)
                  c374cea0    00000080                     : strncpy.obj (.text:strncpy)
                  c374cf20    00000080     ipc.ae674 : Ipc.obj (.text:ti_sdo_ipc_Notify_Module_startup__F)
                  c374cfa0    00000080               : Ipc.obj (.text:ti_sdo_ipc_family_da830_NotifySetup_sharedMemReq__E)
                  c374d020    00000080     dsp_pe674.oe674 (.text:ti_sdo_ipc_gates_GateMPSupportNull_Object__create__S)
                  c374d0a0    00000080     ipc.ae674 : Ipc.obj (.text:ti_sdo_ipc_notifyDrivers_NotifyDriverShm_sharedMemReq__F)
                  c374d120    00000080               : Ipc.obj (.text:ti_sdo_ipc_nsremote_NameServerRemoteNotify_detach__E)
                  c374d1a0    00000080               : Ipc.obj (.text:ti_sdo_ipc_transports_TransportShm_swiFxn__I)
                  c374d220    00000080     dsp_pe674.oe674 (.text:ti_sdo_utils_List_Object__create__S)
                  c374d2a0    00000080     sysbios.ae674 : BIOS.obj (.text:ti_sysbios_BIOS_errorRaiseHook__I)
                  c374d320    00000080     dsp_pe674.oe674 (.text:ti_sysbios_gates_GateAll_Object__create__S)
                  c374d3a0    00000080     dsp_pe674.oe674 (.text:ti_sysbios_gates_GateHwi_Object__create__S)
                  c374d420    00000080     dsp_pe674.oe674 (.text:ti_sysbios_gates_GateMutexPri_Object__create__S)
                  c374d4a0    00000080     dsp_pe674.oe674 (.text:ti_sysbios_gates_GateMutex_Object__create__S)
                  c374d520    00000080     dsp_pe674.oe674 (.text:ti_sysbios_gates_GateSwi_Object__create__S)
                  c374d5a0    00000080     sysbios.ae674 : BIOS.obj (.text:ti_sysbios_hal_Hwi_checkStack:ti_sysbios_hal_Hwi_checkStack)
                  c374d620    00000080                   : BIOS.obj (.text:ti_sysbios_hal_Hwi_initStack:ti_sysbios_hal_Hwi_initStack)
                  c374d6a0    00000080                   : BIOS.obj (.text:ti_sysbios_heaps_HeapMem_Instance_init__F)
                  c374d720    00000080     dsp_pe674.oe674 (.text:ti_sysbios_heaps_HeapMem_Object__create__S)
                  c374d7a0    00000080     sysbios.ae674 : BIOS.obj (.text:ti_sysbios_knl_Clock_Module_startup__F)
                  c374d820    00000080                   : BIOS.obj (.text:ti_sysbios_knl_Clock_getTicks__E)
                  c374d8a0    00000080     dsp_pe674.oe674 (.text:ti_sysbios_knl_Queue_Object__create__S)
                  c374d920    00000080     dsp_pe674.oe674 (.text:ti_sysbios_knl_Semaphore_Object__create__S)
                  c374d9a0    00000080     sysbios.ae674 : BIOS.obj (.text:ti_sysbios_knl_Swi_post__E)
                  c374da20    00000080                   : BIOS.obj (.text:ti_sysbios_knl_Task_processVitalTaskFlag__I)
                  c374daa0    00000080                   : BIOS.obj (.text:ti_sysbios_knl_Task_restoreHwi__E)
                  c374db20    00000080                   : BIOS.obj (.text:ti_sysbios_knl_Task_restore__E)
                  c374dba0    00000080                   : BIOS.obj (.text:ti_sysbios_knl_Task_yield__E)
                  c374dc20    00000080                   : BIOS.obj (.text:ti_sysbios_timers_timer64_Timer_getExpiredCounts__E)
                  c374dca0    00000080                   : BIOS.obj (.text:ti_sysbios_timers_timer64_Timer_getPeriod__E)
                  c374dd20    00000080     dsp_pe674.oe674 (.text:ti_sysbios_xdcruntime_GateThreadSupport_Object__create__S)
                  c374dda0    00000080     rts6740_elf.lib : lowlev.obj (.text:unlink)
                  c374de20    00000080     ti.targets.rts6000.ae674 : Core-label.oe674 (.text:xdc_runtime_Core_assignLabel__I)
                  c374dea0    00000080                              : Core-params.oe674 (.text:xdc_runtime_Core_assignParams__I)
                  c374df20    00000080                              : LoggerBuf.oe674 (.text:xdc_runtime_LoggerBuf_filterOutEvent__I)
                  c374dfa0    00000080                              : System.oe674 (.text:xdc_runtime_System_atexit__F)
                  c374e020    00000080                              : System.oe674 (.text:xdc_runtime_System_putchar__I)
                  c374e0a0    00000080                              : System.oe674 (.text:xdc_runtime_System_rtsExit__I)
                  c374e120    00000080                              : Text.oe674 (.text:xdc_runtime_Text_printVisFxn__I)
                  c374e1a0    00000060     ti.syslink.ipc.rtos.ae674 : ClientNotifyMgr.oe674 (.text:ClientNotifyMgr_Params_init)
                  c374e200    00000060                               : ClientNotifyMgr.oe674 (.text:ClientNotifyMgr_callBack)
                  c374e260    00000060                               : ClientNotifyMgr.oe674 (.text:ClientNotifyMgr_getConfig)
                  c374e2c0    00000060                               : ClientNotifyMgr.oe674 (.text:ClientNotifyMgr_setNameServer)
                  c374e320    00000060                               : FrameQBufMgr.oe674 (.text:FrameQBufMgr_Params_init)
                  c374e380    00000060                               : FrameQBufMgr_ShMem.oe674 (.text:FrameQBufMgr_ShMem_getConfig)
                  c374e3e0    00000060                               : FrameQBufMgr_ShMem.oe674 (.text:FrameQBufMgr_ShMem_invalidateFrameBuf)
                  c374e440    00000060                               : FrameQBufMgr_ShMem.oe674 (.text:FrameQBufMgr_ShMem_unregisterNotifier)
                  c374e4a0    00000060                               : FrameQBufMgr_ShMem.oe674 (.text:FrameQBufMgr_ShMem_writeBackFrameBuf)
                  c374e500    00000060                               : FrameQBufMgr_ShMem.oe674 (.text:FrameQBufMgr_ShMem_writeBackHeaderBuf)
                  c374e560    00000060                               : FrameQBufMgr.oe674 (.text:FrameQBufMgr_getConfig)
                  c374e5c0    00000060                               : FrameQ_ShMem.oe674 (.text:FrameQ_ShMem_alloc)
                  c374e620    00000060                               : FrameQ_ShMem.oe674 (.text:FrameQ_ShMem_allocv)
                  c374e680    00000060                               : FrameQ_ShMem.oe674 (.text:FrameQ_ShMem_freev)
                  c374e6e0    00000060                               : FrameQ_ShMem.oe674 (.text:FrameQ_ShMem_getConfig)
                  c374e740    00000060     ipc.ae674 : Ipc.obj (.text:GateMP_Params_init)
                  c374e7a0    00000060               : Ipc.obj (.text:HeapMemMP_Params_init)
                  c374e800    00000060               : Ipc.obj (.text:Ipc_isAttached)
                  c374e860    00000060               : Ipc.obj (.text:Notify_numIntLines)
                  c374e8c0    00000060               : Ipc.obj (.text:Notify_sharedMemReq)
                  c374e920    00000060               : Ipc.obj (.text:SharedRegion_getCacheLineSize)
                  c374e980    00000060               : Ipc.obj (.text:SharedRegion_getHeap)
                  c374e9e0    00000060               : Ipc.obj (.text:SharedRegion_isCacheEnabled)
                  c374ea40    00000060     ti.syslink.ipc.rtos.ae674 : SharedMemoryMgr.oe674 (.text:SyslinkMemMgr_SharedMemory_alloc)
                  c374eaa0    00000060                               : SharedMemoryMgr.oe674 (.text:SyslinkMemMgr_SharedMemory_create)
                  c374eb00    00000060                               : SharedMemoryMgr.oe674 (.text:SyslinkMemMgr_SharedMemory_free)
                  c374eb60    00000060                               : TilerMemoryMgr.oe674 (.text:SyslinkMemMgr_TilerMemory_create)
                  c374ebc0    00000060                               : SyslinkMemMgr.oe674 (.text:SyslinkMemMgr_alloc)
                  c374ec20    00000060                               : SyslinkMemMgr.oe674 (.text:SyslinkMemMgr_free)
                  c374ec80    00000060     rts6740_elf.lib : imath64.obj (.text:_subcull)
                  c374ece0    00000060     dsp_pe674.oe674 (.text:calloc)
                  c374ed40    00000060     rts6740_elf.lib : memccpy.obj (.text:memccpy)
                  c374eda0    00000060     ipc.ae674 : Ipc.obj (.text:ti_sdo_ipc_GateMP_createLocal__F)
                  c374ee00    00000060               : Ipc.obj (.text:ti_sdo_ipc_Ipc_getRegion0ReservedSize__I)
                  c374ee60    00000060               : Ipc.obj (.text:ti_sdo_ipc_gates_GatePeterson_Instance_finalize__F)
                  c374eec0    00000060               : Ipc.obj (.text:ti_sdo_ipc_notifyDrivers_NotifyDriverShm_enableEvent__E)
                  c374ef20    00000060               : Ipc.obj (.text:ti_sdo_ipc_notifyDrivers_NotifyDriverShm_setNotifyHandle__E)
                  c374ef80    00000060               : Ipc.obj (.text:ti_sdo_ipc_transports_TransportShmSetup_sharedMemReq__E)
                  c374efe0    00000060     dsp_pe674.oe674 (.text:ti_sysbios_BIOS_exitFunc__I)
                  c374f040    00000060     sysbios.ae674 : BIOS.obj (.text:ti_sysbios_BIOS_registerRTSLock__I)
                  c374f0a0    00000060                   : BIOS.obj (.text:ti_sysbios_BIOS_removeRTSLock__I)
                  c374f100    00000060                   : BIOS.obj (.text:ti_sysbios_BIOS_rtsLock__I)
                  c374f160    00000060                   : BIOS.obj (.text:ti_sysbios_family_c62_TaskSupport_start__E)
                  c374f1c0    00000060                   : BIOS.obj (.text:ti_sysbios_family_c64p_Cache_all__I)
                  c374f220    00000060                   : BIOS.obj (.text:ti_sysbios_family_c64p_Cache_marInit__I)
                  c374f280    00000060                   : BIOS.obj (.text:ti_sysbios_family_c64p_Cache_setMar__E)
                  c374f2e0    00000060                   : BIOS.obj (.text:ti_sysbios_family_c64p_Cache_setSize__E)
                  c374f340    00000060                   : BIOS.obj (.text:ti_sysbios_family_c64p_Cache_wait__E)
                  c374f3a0    00000060                   : BIOS.obj (.text:ti_sysbios_gates_GateAll_enter__E)
                  c374f400    00000060                   : BIOS.obj (.text:ti_sysbios_gates_GateAll_leave__E)
                  c374f460    00000060                   : BIOS.obj (.text:ti_sysbios_gates_GateMutex_Instance_init__F)
                  c374f4c0    00000060     dsp_pe674.oe674 (.text:ti_sysbios_knl_Clock_doTick__I)
                  c374f520    00000060     sysbios.ae674 : BIOS.obj (.text:ti_sysbios_knl_Clock_setupTimerToSkipTicks__E)
                  c374f580    00000060                   : BIOS.obj (.text:ti_sysbios_knl_Semaphore_Instance_init__F)
                  c374f5e0    00000060                   : BIOS.obj (.text:ti_sysbios_knl_Swi_Module_startup__F)
                  c374f640    00000060                   : BIOS.obj (.text:ti_sysbios_knl_Task_enter__I)
                  c374f6a0    00000060                   : BIOS.obj (.text:ti_sysbios_knl_Task_sleepTimeout__I)
                  c374f700    00000060     ti.syslink.ipc.rtos.ae674 : Syslink.oe674 (.text:ti_syslink_ipc_rtos_Syslink_attach)
                  c374f760    00000060     rts6740_elf.lib : trgmsg.obj (.text:writemsg)
                  c374f7c0    00000060     ti.targets.rts6000.ae674 : Memory.oe674 (.text:xdc_runtime_Memory_calloc__F)
                  c374f820    00000060                              : Memory.oe674 (.text:xdc_runtime_Memory_valloc__F)
                  c374f880    00000060                              : SysMin.oe674 (.text:xdc_runtime_SysMin_Module_startup__F)
                  c374f8e0    00000060                              : SysMin.oe674 (.text:xdc_runtime_SysMin_exit__F)
                  c374f940    00000060     dsp_pe674.oe674 (.text:xdc_runtime_SysMin_output__I)
                  c374f9a0    00000060     ti.targets.rts6000.ae674 : System.oe674 (.text:xdc_runtime_System_aprintf_va__F)
                  c374fa00    00000060                              : System.oe674 (.text:xdc_runtime_System_printf_va__F)
                  c374fa60    00000060                              : Text.oe674 (.text:xdc_runtime_Text_cordText__F)
                  c374fac0    00000040     ti.syslink.ipc.rtos.ae674 : FrameQ_ShMem.oe674 (.text:FrameQ_ShMem_dup)
                  c374fb00    00000040                               : FrameQ_ShMem.oe674 (.text:FrameQ_ShMem_free)
                  c374fb40    00000040                               : FrameQ_ShMem.oe674 (.text:FrameQ_ShMem_getNumFreeFrames)
                  c374fb80    00000040                               : FrameQ_ShMem.oe674 (.text:FrameQ_ShMem_getvNumFreeFrames)
                  c374fbc0    00000040                               : FrameQ_ShMem.oe674 (.text:FrameQ_ShMem_sendNotify)
                  c374fc00    00000040                               : FrameQ.oe674 (.text:FrameQ_getConfig)
                  c374fc40    00000040     ipc.ae674 : Ipc.obj (.text:Notify_intLineRegistered)
                  c374fc80    00000040     ti.syslink.ipc.rtos.ae674 : RingIOShm.oe674 (.text:RingIOShm_destroy)
                  c374fcc0    00000040                               : SharedMemoryMgr.oe674 (.text:SyslinkMemMgr_SharedMemory_Params_init)
                  c374fd00    00000040                               : TilerMemoryMgr.oe674 (.text:SyslinkMemMgr_TilerMemory_Params_init)
                  c374fd40    00000040     rts6740_elf.lib : frcmpyd_div.obj (.text:__c6xabi_frcmpyd_div)
                  c374fd80    00000040                     : isinf.obj (.text:__c6xabi_isinf)
                  c374fdc0    00000040                     : _printfi.obj (.text:__c6xabi_isnan)
                  c374fe00    00000040                     : llshift.obj (.text:__c6xabi_llshru)
                  c374fe40    00000040                     : strasg.obj (.text:__strasgi_64plus)
                  c374fe80    00000040                     : args_main.obj (.text:_args_main)
                  c374fec0    00000040     sysbios.ae674 : c62_TaskSupport_asm.obj (.text:_ti_sysbios_family_c62_TaskSupport_buildTaskStack)
                  c374ff00    00000040                   : c64p_Hwi_asm_switch.obj (.text:_ti_sysbios_family_xxx_Hwi_switchToIsrStack)
                  c374ff40    00000040     dsp_pe674.oe674 (.text:free)
                  c374ff80    00000040     main_dsp.obj (.text)
                  c374ffc0    00000040     ti.syslink.ipc.rtos.ae674 : FrameQBufMgr_ShMem.oe674 (.text:strcpy)
                  c3750000    00000040     dsp_pe674.oe674 (.text:ti_sdo_ipc_GateMP_Object__delete__S)
                  c3750040    00000040     dsp_pe674.oe674 (.text:ti_sdo_ipc_ListMP_Object__delete__S)
                  c3750080    00000040     ipc.ae674 : Ipc.obj (.text:ti_sdo_ipc_MessageQ_registerTransport__F)
                  c37500c0    00000040               : Ipc.obj (.text:ti_sdo_ipc_MessageQ_unregisterTransport__F)
                  c3750100    00000040     dsp_pe674.oe674 (.text:ti_sdo_ipc_Notify_Object__delete__S)
                  c3750140    00000040     ipc.ae674 : Ipc.obj (.text:ti_sdo_ipc_Notify_exec__F)
                  c3750180    00000040               : Ipc.obj (.text:ti_sdo_ipc_SharedRegion_resetInternalFields__F)
                  c37501c0    00000040               : Ipc.obj (.text:ti_sdo_ipc_family_da830_InterruptDsp_intClear__E)
                  c3750200    00000040               : Ipc.obj (.text:ti_sdo_ipc_family_da830_InterruptDsp_intSend__E)
                  c3750240    00000040     dsp_pe674.oe674 (.text:ti_sdo_ipc_gates_GateMPSupportNull_Handle__label__S)
                  c3750280    00000040     dsp_pe674.oe674 (.text:ti_sdo_ipc_gates_GateMPSupportNull_Object__delete__S)
                  c37502c0    00000040     dsp_pe674.oe674 (.text:ti_sdo_ipc_gates_GatePeterson_Handle__label__S)
                  c3750300    00000040     dsp_pe674.oe674 (.text:ti_sdo_ipc_gates_GatePeterson_Object__delete__S)
                  c3750340    00000040     dsp_pe674.oe674 (.text:ti_sdo_ipc_heaps_HeapMemMP_Handle__label__S)
                  c3750380    00000040     dsp_pe674.oe674 (.text:ti_sdo_ipc_heaps_HeapMemMP_Object__delete__S)
                  c37503c0    00000040     dsp_pe674.oe674 (.text:ti_sdo_ipc_notifyDrivers_NotifyDriverShm_Handle__label__S)
                  c3750400    00000040     dsp_pe674.oe674 (.text:ti_sdo_ipc_notifyDrivers_NotifyDriverShm_Object__delete__S)
                  c3750440    00000040     dsp_pe674.oe674 (.text:ti_sdo_ipc_nsremote_NameServerRemoteNotify_Handle__label__S)
                  c3750480    00000040     dsp_pe674.oe674 (.text:ti_sdo_ipc_nsremote_NameServerRemoteNotify_Object__delete__S)
                  c37504c0    00000040     ipc.ae674 : Ipc.obj (.text:ti_sdo_ipc_nsremote_NameServerRemoteNotify_sharedMemReq__E)
                  c3750500    00000040     dsp_pe674.oe674 (.text:ti_sdo_ipc_transports_TransportShm_Handle__label__S)
                  c3750540    00000040     dsp_pe674.oe674 (.text:ti_sdo_ipc_transports_TransportShm_Object__delete__S)
                  c3750580    00000040     dsp_pe674.oe674 (.text:ti_sdo_utils_List_Object__delete__S)
                  c37505c0    00000040     dsp_pe674.oe674 (.text:ti_sdo_utils_List_Object__destruct__S)
                  c3750600    00000040     ipc.ae674 : Ipc.obj (.text:ti_sdo_utils_List_get__E)
                  c3750640    00000040               : Ipc.obj (.text:ti_sdo_utils_List_putHead__E)
                  c3750680    00000040               : Ipc.obj (.text:ti_sdo_utils_List_put__E)
                  c37506c0    00000040     dsp_pe674.oe674 (.text:ti_sdo_utils_NameServer_Module__startupDone__F)
                  c3750700    00000040     dsp_pe674.oe674 (.text:ti_sdo_utils_NameServer_Object__delete__S)
                  c3750740    00000040     dsp_pe674.oe674 (.text:ti_sdo_utils_NameServer_Object__get__S)
                  c3750780    00000040     ipc.ae674 : Ipc.obj (.text:ti_sdo_utils_NameServer_registerRemoteDriver__E)
                  c37507c0    00000040               : Ipc.obj (.text:ti_sdo_utils_NameServer_unregisterRemoteDriver__E)
                  c3750800    00000040     sysbios.ae674 : BIOS.obj (.text:ti_sysbios_BIOS_rtsUnlock__I)
                  c3750840    00000040     dsp_pe674.oe674 (.text:ti_sysbios_BIOS_startFunc__I)
                  c3750880    00000040     dsp_pe674.oe674 (.text:ti_sysbios_family_c64p_Hwi_Module__startupDone__F)
                  c37508c0    00000040     dsp_pe674.oe674 (.text:ti_sysbios_family_c64p_Hwi_Object__delete__S)
                  c3750900    00000040     sysbios.ae674 : BIOS.obj (.text:ti_sysbios_family_c64p_Hwi_disableInterrupt__E)
                  c3750940    00000040                   : BIOS.obj (.text:ti_sysbios_family_c64p_Hwi_enableInterrupt__E)
                  c3750980    00000040                   : BIOS.obj (.text:ti_sysbios_family_c64p_primus_TimerSupport_enable__E)
                  c37509c0    00000040     dsp_pe674.oe674 (.text:ti_sysbios_gates_GateAll_Handle__label__S)
                  c3750a00    00000040     dsp_pe674.oe674 (.text:ti_sysbios_gates_GateAll_Object__delete__S)
                  c3750a40    00000040     dsp_pe674.oe674 (.text:ti_sysbios_gates_GateHwi_Handle__label__S)
                  c3750a80    00000040     dsp_pe674.oe674 (.text:ti_sysbios_gates_GateHwi_Object__delete__S)
                  c3750ac0    00000040     dsp_pe674.oe674 (.text:ti_sysbios_gates_GateMutexPri_Handle__label__S)
                  c3750b00    00000040     sysbios.ae674 : BIOS.obj (.text:ti_sysbios_gates_GateMutexPri_Instance_init__F)
                  c3750b40    00000040     dsp_pe674.oe674 (.text:ti_sysbios_gates_GateMutexPri_Object__delete__S)
                  c3750b80    00000040     dsp_pe674.oe674 (.text:ti_sysbios_gates_GateMutexPri_Object__destruct__S)
                  c3750bc0    00000040     dsp_pe674.oe674 (.text:ti_sysbios_gates_GateMutex_Handle__label__S)
                  c3750c00    00000040     dsp_pe674.oe674 (.text:ti_sysbios_gates_GateMutex_Object__delete__S)
                  c3750c40    00000040     sysbios.ae674 : BIOS.obj (.text:ti_sysbios_gates_GateMutex_leave__E)
                  c3750c80    00000040     dsp_pe674.oe674 (.text:ti_sysbios_gates_GateSwi_Handle__label__S)
                  c3750cc0    00000040     dsp_pe674.oe674 (.text:ti_sysbios_gates_GateSwi_Object__delete__S)
                  c3750d00    00000040     dsp_pe674.oe674 (.text:ti_sysbios_hal_Timer_Module__startupDone__F)
                  c3750d40    00000040     dsp_pe674.oe674 (.text:ti_sysbios_heaps_HeapMem_Handle__label__S)
                  c3750d80    00000040     dsp_pe674.oe674 (.text:ti_sysbios_heaps_HeapMem_Object__delete__S)
                  c3750dc0    00000040     dsp_pe674.oe674 (.text:ti_sysbios_heaps_HeapMem_Object__get__S)
                  c3750e00    00000040     dsp_pe674.oe674 (.text:ti_sysbios_knl_Queue_Object__destruct__S)
                  c3750e40    00000040     sysbios.ae674 : BIOS.obj (.text:ti_sysbios_knl_Queue_put__E)
                  c3750e80    00000040     dsp_pe674.oe674 (.text:ti_sysbios_knl_Semaphore_Object__delete__S)
                  c3750ec0    00000040     dsp_pe674.oe674 (.text:ti_sysbios_knl_Semaphore_Object__destruct__S)
                  c3750f00    00000040     dsp_pe674.oe674 (.text:ti_sysbios_knl_Swi_Object__delete__S)
                  c3750f40    00000040     dsp_pe674.oe674 (.text:ti_sysbios_knl_Swi_Object__destruct__S)
                  c3750f80    00000040     dsp_pe674.oe674 (.text:ti_sysbios_knl_Swi_Object__get__S)
                  c3750fc0    00000040     dsp_pe674.oe674 (.text:ti_sysbios_knl_Task_Object__delete__S)
                  c3751000    00000040     dsp_pe674.oe674 (.text:ti_sysbios_knl_Task_Object__get__S)
                  c3751040    00000040     dsp_pe674.oe674 (.text:ti_sysbios_timers_timer64_Timer_Module__startupDone__F)
                  c3751080    00000040     sysbios.ae674 : BIOS.obj (.text:ti_sysbios_xdcruntime_GateThreadSupport_Instance_init__F)
                  c37510c0    00000040     dsp_pe674.oe674 (.text:ti_sysbios_xdcruntime_GateThreadSupport_Object__delete__S)
                  c3751100    00000040     ti.syslink.ipc.rtos.ae674 : Syslink.oe674 (.text:ti_syslink_ipc_rtos_Syslink_detach)
                  c3751140    00000040     ti.targets.rts6000.ae674 : Error.oe674 (.text:xdc_runtime_Error_check__F)
                  c3751180    00000040                              : Error.oe674 (.text:xdc_runtime_Error_init__F)
                  c37511c0    00000040     dsp_pe674.oe674 (.text:xdc_runtime_GateNull_Handle__label__S)
                  c3751200    00000040     dsp_pe674.oe674 (.text:xdc_runtime_GateNull_Object__create__S)
                  c3751240    00000040     dsp_pe674.oe674 (.text:xdc_runtime_GateNull_Object__delete__S)
                  c3751280    00000040     dsp_pe674.oe674 (.text:xdc_runtime_LoggerBuf_Handle__label__S)
                  c37512c0    00000040     ti.targets.rts6000.ae674 : LoggerBuf.oe674 (.text:xdc_runtime_LoggerBuf_Instance_finalize__F)
                  c3751300    00000040     dsp_pe674.oe674 (.text:xdc_runtime_LoggerBuf_Object__delete__S)
                  c3751340    00000040     dsp_pe674.oe674 (.text:xdc_runtime_LoggerBuf_Object__get__S)
                  c3751380    00000040     ti.targets.rts6000.ae674 : LoggerBuf.oe674 (.text:xdc_runtime_LoggerBuf_write0__F)
                  c37513c0    00000040     dsp_pe674.oe674 (.text:xdc_runtime_LoggerBuf_write8__E)
                  c3751400    00000040     ti.targets.rts6000.ae674 : Memory.oe674 (.text:xdc_runtime_Memory_free__F)
                  c3751440    00000040                              : Registry.oe674 (.text:xdc_runtime_Registry_findById__F)
                  c3751480    00000040                              : System.oe674 (.text:xdc_runtime_System_abort__F)
                  c37514c0    00000040     dsp_pe674.oe674 (.text:xdc_runtime_System_aprintf__E)
                  c3751500    00000040     dsp_pe674.oe674 (.text:xdc_runtime_System_printf__E)
                  c3751540    00000040     ti.targets.rts6000.ae674 : Text.oe674 (.text:xdc_runtime_Text_ropeText__F)
                  c3751580    00000040     dsp_pe674.oe674 (.text:xdc_runtime_knl_GateThread_Handle__label__S)
                  c37515c0    00000040     ti.targets.rts6000.ae674 : GateThread.oe674 (.text:xdc_runtime_knl_GateThread_Instance_finalize__F)
                  c3751600    00000040                              : GateThread.oe674 (.text:xdc_runtime_knl_GateThread_Instance_init__F)
                  c3751640    00000040     dsp_pe674.oe674 (.text:xdc_runtime_knl_GateThread_Object__delete__S)
                  c3751680    00000020     ti.syslink.ipc.rtos.ae674 : ClientNotifyMgr.oe674 (.text:ClientNotifyMgr_close)
                  c37516a0    00000020                               : ClientNotifyMgr.oe674 (.text:ClientNotifyMgr_create)
                  c37516c0    00000020                               : ClientNotifyMgr.oe674 (.text:ClientNotifyMgr_deleteNameServer)
                  c37516e0    00000020                               : FrameQBufMgr_ShMem.oe674 (.text:FrameQBufMgr_ShMem_add)
                  c3751700    00000020                               : FrameQBufMgr_ShMem.oe674 (.text:FrameQBufMgr_ShMem_close)
                  c3751720    00000020                               : FrameQBufMgr_ShMem.oe674 (.text:FrameQBufMgr_ShMem_control)
                  c3751740    00000020                               : FrameQBufMgr_ShMem.oe674 (.text:FrameQBufMgr_ShMem_getId)
                  c3751760    00000020                               : FrameQBufMgr_ShMem.oe674 (.text:FrameQBufMgr_ShMem_isCacheEnabledForFrameBuf)
                  c3751780    00000020                               : FrameQBufMgr_ShMem.oe674 (.text:FrameQBufMgr_ShMem_isCacheEnabledForHeaderBuf)
                  c37517a0    00000020                               : FrameQBufMgr_ShMem.oe674 (.text:FrameQBufMgr_ShMem_remove)
                  c37517c0    00000020                               : FrameQBufMgr.oe674 (.text:FrameQBufMgr_alloc)
                  c37517e0    00000020                               : FrameQBufMgr.oe674 (.text:FrameQBufMgr_allocv)
                  c3751800    00000020                               : FrameQBufMgr.oe674 (.text:FrameQBufMgr_close)
                  c3751820    00000020                               : FrameQBufMgr.oe674 (.text:FrameQBufMgr_dup)
                  c3751840    00000020                               : FrameQBufMgr.oe674 (.text:FrameQBufMgr_dupv)
                  c3751860    00000020                               : FrameQBufMgr.oe674 (.text:FrameQBufMgr_free)
                  c3751880    00000020                               : FrameQBufMgr.oe674 (.text:FrameQBufMgr_freev)
                  c37518a0    00000020                               : FrameQBufMgr.oe674 (.text:FrameQBufMgr_getBaseHeaderSize)
                  c37518c0    00000020                               : FrameQBufMgr.oe674 (.text:FrameQBufMgr_getId)
                  c37518e0    00000020                               : FrameQBufMgr.oe674 (.text:FrameQBufMgr_getNumFreeFrames)
                  c3751900    00000020                               : FrameQBufMgr.oe674 (.text:FrameQBufMgr_getvNumFreeFrames)
                  c3751920    00000020                               : FrameQBufMgr.oe674 (.text:FrameQBufMgr_invalidateFrameBuf)
                  c3751940    00000020                               : FrameQBufMgr.oe674 (.text:FrameQBufMgr_invalidateHeaderBuf)
                  c3751960    00000020                               : FrameQBufMgr.oe674 (.text:FrameQBufMgr_isCacheEnabledForFrameBuf)
                  c3751980    00000020                               : FrameQBufMgr.oe674 (.text:FrameQBufMgr_isCacheEnabledForHeaderBuf)
                  c37519a0    00000020                               : FrameQBufMgr.oe674 (.text:FrameQBufMgr_registerNotifier)
                  c37519c0    00000020                               : FrameQBufMgr.oe674 (.text:FrameQBufMgr_translateAddr)
                  c37519e0    00000020                               : FrameQBufMgr.oe674 (.text:FrameQBufMgr_unregisterNotifier)
                  c3751a00    00000020                               : FrameQBufMgr.oe674 (.text:FrameQBufMgr_writeBackFrameBuf)
                  c3751a20    00000020                               : FrameQBufMgr.oe674 (.text:FrameQBufMgr_writeBackHeaderBuf)
                  c3751a40    00000020                               : FrameQ_ShMem.oe674 (.text:FrameQ_ShMem_Params_init)
                  c3751a60    00000020                               : FrameQ_ShMem.oe674 (.text:FrameQ_ShMem_close)
                  c3751a80    00000020                               : FrameQ_ShMem.oe674 (.text:FrameQ_ShMem_control)
                  c3751aa0    00000020     ipc.ae674 : Ipc.obj (.text:GateMP_delete)
                  c3751ac0    00000020               : Ipc.obj (.text:GateMP_enter)
                  c3751ae0    00000020               : Ipc.obj (.text:GateMP_getDefaultRemote)
                  c3751b00    00000020               : Ipc.obj (.text:GateMP_getLocalProtect)
                  c3751b20    00000020               : Ipc.obj (.text:GateMP_leave)
                  c3751b40    00000020               : Ipc.obj (.text:ListMP_Params_init)
                  c3751b60    00000020               : Ipc.obj (.text:ListMP_close)
                  c3751b80    00000020               : Ipc.obj (.text:ListMP_delete)
                  c3751ba0    00000020               : Ipc.obj (.text:MultiProc_getNumProcessors)
                  c3751bc0    00000020               : Ipc.obj (.text:MultiProc_self)
                  c3751be0    00000020               : Ipc.obj (.text:NameServer_Params_init)
                  c3751c00    00000020               : Ipc.obj (.text:NameServer_addUInt32)
                  c3751c20    00000020               : Ipc.obj (.text:NameServer_delete)
                  c3751c40    00000020               : Ipc.obj (.text:NameServer_getUInt32)
                  c3751c60    00000020               : Ipc.obj (.text:NameServer_removeEntry)
                  c3751c80    00000020     ti.syslink.ipc.rtos.ae674 : RingIOShm.oe674 (.text:RingIOShm_getConfig)
                  c3751ca0    00000020                               : RingIO.oe674 (.text:RingIO_Params_init)
                  c3751cc0    00000020                               : RingIO.oe674 (.text:RingIO_getConfig)
                  c3751ce0    00000020     ipc.ae674 : Ipc.obj (.text:SharedRegion_invalidSRPtr)
                  c3751d00    00000020     ti.syslink.ipc.rtos.ae674 : _Syslink.oe674 (.text:SysLink_destroy)
                  c3751d20    00000020                               : TilerMemoryMgr.oe674 (.text:SyslinkMemMgr_TilerMemory_alloc)
                  c3751d40    00000020                               : TilerMemoryMgr.oe674 (.text:SyslinkMemMgr_TilerMemory_free)
                  c3751d60    00000020                               : TilerMemoryMgr.oe674 (.text:SyslinkMemMgr_TilerMemory_translate)
                  c3751d80    00000020                               : SyslinkMemMgr.oe674 (.text:SyslinkMemMgr_translate)
                  c3751da0    00000020                               : FrameQBufMgr_ShMem.oe674 (.text:_FrameQBufMgr_ShMem_getCliNotifyMgrGateShAddr)
                  c3751dc0    00000020                               : FrameQBufMgr_ShMem.oe674 (.text:_FrameQBufMgr_ShMem_getCliNotifyMgrShAddr)
                  c3751de0    00000020                               : FrameQBufMgr_ShMem.oe674 (.text:_FrameQBufMgr_ShMem_resetNotifyId)
                  c3751e00    00000020                               : FrameQBufMgr_ShMem.oe674 (.text:_FrameQBufMgr_ShMem_setNotifyId)
                  c3751e20    00000020                               : FrameQ_ShMem.oe674 (.text:_FrameQ_ShMem_getCliNotifyMgrGate)
                  c3751e40    00000020                               : FrameQ_ShMem.oe674 (.text:_FrameQ_ShMem_getCliNotifyMgrGateShAddr)
                  c3751e60    00000020                               : FrameQ_ShMem.oe674 (.text:_FrameQ_ShMem_getCliNotifyMgrHandle)
                  c3751e80    00000020                               : FrameQ_ShMem.oe674 (.text:_FrameQ_ShMem_getCliNotifyMgrShAddr)
                  c3751ea0    00000020     rts6740_elf.lib : negll.obj (.text:__c6xabi_negll)
                  c3751ec0    00000020                     : dtor_list.obj (.text:__cxa_atexit)
                  c3751ee0    00000020                     : dtor_list.obj (.text:__cxa_ia64_exit)
                  c3751f00    00000020     ti.targets.rts6000.ae674 : xdc_noinit.oe674 (.text:__xdc__init)
                  c3751f20    00000020     rts6740_elf.lib : _lock.obj (.text:_nop)
                  c3751f40    00000020                     : printf.obj (.text:_outc)
                  c3751f60    00000020                     : printf.obj (.text:_outs)
                  c3751f80    00000020                     : _lock.obj (.text:_register_lock)
                  c3751fa0    00000020                     : _lock.obj (.text:_register_unlock)
                  c3751fc0    00000020     sysbios.ae674 : c62_TaskSupport_asm.obj (.text:_ti_sysbios_family_c62_TaskSupport_glue)
                  c3751fe0    00000020                   : c64p_Hwi_asm_switch.obj (.text:_ti_sysbios_family_xxx_Hwi_switchToTaskStack)
                  c3752000    00000020     rts6740_elf.lib : exit.obj (.text:abort)
                  c3752020    00000020                     : dtor_list.obj (.text:atexit)
                  c3752040    00000020                     : remove.obj (.text:remove)
                  c3752060    00000020     dsp_pe674.oe674 (.text:ti_sdo_ipc_GateMP_Params__init__S)
                  c3752080    00000020     dsp_pe674.oe674 (.text:ti_sdo_ipc_GateMP_RemoteCustom1Proxy_Object__create__S)
                  c37520a0    00000020     dsp_pe674.oe674 (.text:ti_sdo_ipc_GateMP_RemoteCustom1Proxy_Object__delete__S)
                  c37520c0    00000020     dsp_pe674.oe674 (.text:ti_sdo_ipc_GateMP_RemoteCustom1Proxy_Params__init__S)
                  c37520e0    00000020     dsp_pe674.oe674 (.text:ti_sdo_ipc_GateMP_RemoteCustom1Proxy_Proxy__abstract__S)
                  c3752100    00000020     dsp_pe674.oe674 (.text:ti_sdo_ipc_GateMP_RemoteCustom1Proxy_Proxy__delegate__S)
                  c3752120    00000020     dsp_pe674.oe674 (.text:ti_sdo_ipc_GateMP_RemoteCustom1Proxy_getReservedMask__E)
                  c3752140    00000020     dsp_pe674.oe674 (.text:ti_sdo_ipc_GateMP_RemoteCustom1Proxy_sharedMemReq__E)
                  c3752160    00000020     dsp_pe674.oe674 (.text:ti_sdo_ipc_GateMP_RemoteCustom2Proxy_Object__create__S)
                  c3752180    00000020     dsp_pe674.oe674 (.text:ti_sdo_ipc_GateMP_RemoteCustom2Proxy_Object__delete__S)
                  c37521a0    00000020     dsp_pe674.oe674 (.text:ti_sdo_ipc_GateMP_RemoteCustom2Proxy_Params__init__S)
                  c37521c0    00000020     dsp_pe674.oe674 (.text:ti_sdo_ipc_GateMP_RemoteCustom2Proxy_Proxy__abstract__S)
                  c37521e0    00000020     dsp_pe674.oe674 (.text:ti_sdo_ipc_GateMP_RemoteCustom2Proxy_Proxy__delegate__S)
                  c3752200    00000020     dsp_pe674.oe674 (.text:ti_sdo_ipc_GateMP_RemoteCustom2Proxy_getReservedMask__E)
                  c3752220    00000020     dsp_pe674.oe674 (.text:ti_sdo_ipc_GateMP_RemoteCustom2Proxy_sharedMemReq__E)
                  c3752240    00000020     dsp_pe674.oe674 (.text:ti_sdo_ipc_GateMP_RemoteSystemProxy_Object__create__S)
                  c3752260    00000020     dsp_pe674.oe674 (.text:ti_sdo_ipc_GateMP_RemoteSystemProxy_Object__delete__S)
                  c3752280    00000020     dsp_pe674.oe674 (.text:ti_sdo_ipc_GateMP_RemoteSystemProxy_Params__init__S)
                  c37522a0    00000020     dsp_pe674.oe674 (.text:ti_sdo_ipc_GateMP_RemoteSystemProxy_Proxy__abstract__S)
                  c37522c0    00000020     dsp_pe674.oe674 (.text:ti_sdo_ipc_GateMP_RemoteSystemProxy_Proxy__delegate__S)
                  c37522e0    00000020     dsp_pe674.oe674 (.text:ti_sdo_ipc_GateMP_RemoteSystemProxy_getReservedMask__E)
                  c3752300    00000020     dsp_pe674.oe674 (.text:ti_sdo_ipc_GateMP_RemoteSystemProxy_sharedMemReq__E)
                  c3752320    00000020     dsp_pe674.oe674 (.text:ti_sdo_ipc_GateMP_attach__E)
                  c3752340    00000020     dsp_pe674.oe674 (.text:ti_sdo_ipc_GateMP_detach__E)
                  c3752360    00000020     dsp_pe674.oe674 (.text:ti_sdo_ipc_GateMP_getRegion0ReservedSize__E)
                  c3752380    00000020     dsp_pe674.oe674 (.text:ti_sdo_ipc_GateMP_getSharedAddr__E)
                  c37523a0    00000020     ipc.ae674 : Ipc.obj (.text:ti_sdo_ipc_GateMP_getSharedAddr__F)
                  c37523c0    00000020     dsp_pe674.oe674 (.text:ti_sdo_ipc_GateMP_start__E)
                  c37523e0    00000020     dsp_pe674.oe674 (.text:ti_sdo_ipc_GateMP_stop__E)
                  c3752400    00000020     dsp_pe674.oe674 (.text:ti_sdo_ipc_ListMP_Params__init__S)
                  c3752420    00000020     dsp_pe674.oe674 (.text:ti_sdo_ipc_MessageQ_Module_startup__E)
                  c3752440    00000020     dsp_pe674.oe674 (.text:ti_sdo_ipc_MessageQ_Object__get__S)
                  c3752460    00000020     dsp_pe674.oe674 (.text:ti_sdo_ipc_MessageQ_SetupTransportProxy_attach__E)
                  c3752480    00000020     dsp_pe674.oe674 (.text:ti_sdo_ipc_MessageQ_SetupTransportProxy_detach__E)
                  c37524a0    00000020     dsp_pe674.oe674 (.text:ti_sdo_ipc_MessageQ_SetupTransportProxy_isRegistered__E)
                  c37524c0    00000020     dsp_pe674.oe674 (.text:ti_sdo_ipc_MessageQ_SetupTransportProxy_sharedMemReq__E)
                  c37524e0    00000020     dsp_pe674.oe674 (.text:ti_sdo_ipc_MessageQ_registerTransport__E)
                  c3752500    00000020     dsp_pe674.oe674 (.text:ti_sdo_ipc_MessageQ_unregisterTransport__E)
                  c3752520    00000020     dsp_pe674.oe674 (.text:ti_sdo_ipc_Notify_Module_GateProxy_enter__E)
                  c3752540    00000020     dsp_pe674.oe674 (.text:ti_sdo_ipc_Notify_Module_GateProxy_leave__E)
                  c3752560    00000020     dsp_pe674.oe674 (.text:ti_sdo_ipc_Notify_Module_startup__E)
                  c3752580    00000020     dsp_pe674.oe674 (.text:ti_sdo_ipc_Notify_SetupProxy_attach__E)
                  c37525a0    00000020     dsp_pe674.oe674 (.text:ti_sdo_ipc_Notify_SetupProxy_numIntLines__E)
                  c37525c0    00000020     dsp_pe674.oe674 (.text:ti_sdo_ipc_Notify_SetupProxy_sharedMemReq__E)
                  c37525e0    00000020     dsp_pe674.oe674 (.text:ti_sdo_ipc_Notify_detach__E)
                  c3752600    00000020     dsp_pe674.oe674 (.text:ti_sdo_ipc_Notify_exec__E)
                  c3752620    00000020     dsp_pe674.oe674 (.text:ti_sdo_ipc_SharedRegion_attach__E)
                  c3752640    00000020     dsp_pe674.oe674 (.text:ti_sdo_ipc_SharedRegion_clearReservedMemory__E)
                  c3752660    00000020     dsp_pe674.oe674 (.text:ti_sdo_ipc_SharedRegion_detach__E)
                  c3752680    00000020     dsp_pe674.oe674 (.text:ti_sdo_ipc_SharedRegion_reserveMemory__E)
                  c37526a0    00000020     dsp_pe674.oe674 (.text:ti_sdo_ipc_SharedRegion_resetInternalFields__E)
[...]
c378443c   ti_sysbios_knl_Clock_Module__root__V
c3784448   ti_sysbios_knl_Clock_Module__state__V
c3784470   ti_sysbios_knl_Idle_Module__root__V
c3784472   ti_sysbios_knl_Intrinsics_Module__root__V
c3784474   ti_sysbios_knl_Queue_Module__root__V
c3784480   ti_sysbios_knl_Semaphore_Module__root__V
c378448c   ti_sysbios_knl_Swi_Module__root__V
c3784498   ti_sysbios_knl_Swi_Module__state__V
c37844b4   ti_sysbios_knl_Task_Module__root__V
c37844c0   ti_sysbios_knl_Task_Module__state__V
c3784504   ti_sysbios_syncs_SyncSem_Module__root__V
c3784510   ti_sysbios_timers_timer64_Timer_Module__root__V
c378451c   ti_sysbios_timers_timer64_Timer_Module__state__V
c3784530   ti_sysbios_xdcruntime_GateThreadSupport_Module__root__V
c378453c   xdc_runtime_Defaults_Module__root__V
c378453e   xdc_runtime_Error_Module__root__V
c3784540   xdc_runtime_Error_Module__state__V
c3784544   xdc_runtime_GateNull_Module__root__V
c378454c   xdc_runtime_LoggerBuf_Module__root__V
c3784554   xdc_runtime_LoggerBuf_Module__state__V
c378455a   xdc_runtime_Main_Module__root__V
c378455c   xdc_runtime_Memory_Module__state__V
c3784560   xdc_runtime_Registry_Module__root__V
c3784564   xdc_runtime_Registry_Module__state__V
c378456c   xdc_runtime_Startup_Module__state__V
c3784574   xdc_runtime_SysMin_Module__state__V
c3784580   xdc_runtime_System_Module__state__V
c378458c   xdc_runtime_Text_Module__state__V
c3784594   xdc_runtime_knl_GateThread_Module__root__V
c37845a0   __xdc__init__addr
c37847f0   _ftable
c37849d0   ti_sdo_utils_NameServer_Object__table__V
c3784ab0   FrameQ_ShMem_fxns
c3784b20   FrameQ_ShMem_module_obj
c3784b8c   _ft_end
c3784c30   ti_sdo_ipc_SharedRegion_Module_State_0_regions__A
c3784cc0   ti_sysbios_knl_Swi_Module_State_0_readyQ__A
c3784d40   ti_sysbios_knl_Task_Module_State_0_readyQ__A
c3784e38   ti_sysbios_timers_timer64_Timer_Module_State_0_device__A
c3784e98   TSK_idle
c3784e98   ti_sysbios_knl_Task_Object__table__V
c3784ee8   ti_sysbios_timers_timer64_Timer_Object__table__V
c3784fb8   ti_sysbios_gates_GateMutex_Object__table__V
c3784ff8   ti_sysbios_knl_Swi_Object__table__V
c3785028   ti_sdo_ipc_Ipc_Module_State_0_procEntry__A
c3785050   xdc_runtime_LoggerBuf_Object__table__V
c3785078   ti_sdo_ipc_MessageQ_Module_State_0_heaps__A
c3785098   ti_sysbios_timers_timer64_Timer_Module_State_0_gctrl__A
c37850b8   ti_sysbios_timers_timer64_Timer_Module_State_0_handles__A
c37850d8   ti_sysbios_timers_timer64_Timer_Module_State_0_intFreqs__A
c37850f8   xdc_runtime_System_Module_State_0_atexitHandlers__A
c3785134   SyslinkMemMgr_SharedMemory_fxns
c3785150   SyslinkMemMgr_TilerMemory_fxns
c3785170   ti_sysbios_family_c64p_Hwi_Object__table__V
c3785188   ti_sysbios_gates_GateMutexPri_Object__table__V
c37851a0   ti_sysbios_heaps_HeapMem_Object__table__V
c37851b8   ti_sysbios_gates_GateAll_Object__table__V
c37851c8   _cleanup_ptr
c37851cc   _dtors_ptr
c37851d0   __TI_enable_exit_profile_output
c37851d4   Syslink_RingIO_moduleCfg
c37851dc   Syslink_RingIOShm_moduleCfg
c37851e0   ti_sysbios_gates_GateSwi_Object__table__V
c37851ec   _lock
c37851f0   _unlock
c37851f8   ti_sdo_ipc_Notify_Module_State_0_notifyHandles__A
c3785200   ti_sdo_ipc_transports_TransportShmSetup_Module_State_0_handles__A
c3785208   ti_sysbios_family_c64p_primus_TimerSupport_Module_State_0_suspSrc__A
c3785210   ti_sysbios_hal_Hwi_Object__table__V
c3785218   ti_sysbios_hal_Timer_Object__table__V
c3785220   ti_sdo_ipc_GateMP_Module_State_0_remoteCustom2Gates__A
c3785228   ti_sdo_ipc_Notify_Module_State_0_notifyHandles_0__A
c3785230   ti_sdo_ipc_Notify_Module_State_0_notifyHandles_1__A
c3785238   ti_sysbios_gates_GateHwi_Object__table__V
c3785240   ti_sysbios_knl_Task_Module_State_0_idleTask__A
c3785248   xdc_runtime_GateNull_Object__table__V
c3785250   xdc_runtime_Text_charTab__A
c37885a0   xdc_runtime_Text_nodeTab__A
c3788704   ti_sdo_ipc_GateMP_E_gateUnavailable__C
c3788708   _ctypes_
c378880a   ti_sdo_ipc_GateMP_Module__id__C
c37889e2   ti_sdo_ipc_Ipc_generateSlaveDataForHost__C
c3788a7c   ti_sdo_ipc_GateMP_E_localGate__C
c3788a80   xdc_runtime_Startup_sfxnTab__A
c3788ac0   ti_sysbios_knl_Task_Object__PARAMS__C
c3788afc   xdc_runtime_LoggerBuf_Module__FXNS__C
c3788b38   ti_sdo_ipc_notifyDrivers_NotifyDriverShm_Module__FXNS__C
c3788b70   ti_sdo_ipc_GateMP_Object__PARAMS__C
c3788ba4   ti_sdo_ipc_notifyDrivers_NotifyDriverShm_Object__PARAMS__C
c3788bd8   ti_sdo_ipc_heaps_HeapMemMP_Object__PARAMS__C
c3788c08   ti_sysbios_family_c64p_Hwi_Object__PARAMS__C
c3788cbc   ti_sdo_ipc_ListMP_Object__PARAMS__C
c3788ce8   ti_sdo_ipc_gates_GateMPSupportNull_Module__FXNS__C
c3788d14   ti_sdo_ipc_gates_GatePeterson_Module__FXNS__C
c3788d40   ti_sdo_utils_NameServer_Object__PARAMS__C
c3788d6c   ti_sdo_ipc_heaps_HeapMemMP_Module__FXNS__C
c3788d94   ti_sdo_ipc_nsremote_NameServerRemoteNotify_Module__FXNS__C
c3788dbc   ti_sdo_ipc_transports_TransportShm_Module__FXNS__C
c3788de4   ti_sdo_ipc_transports_TransportShm_Object__PARAMS__C
c3788e0c   ti_sysbios_heaps_HeapMem_Module__FXNS__C
c3788e34   ti_sysbios_knl_Swi_Object__PARAMS__C
c3788e5c   xdc_runtime_LoggerBuf_Object__PARAMS__C
c3788ea8   ti_sdo_ipc_gates_GateMPSupportNull_Object__PARAMS__C
c3788ecc   ti_sdo_ipc_gates_GatePeterson_Object__PARAMS__C
c3788ef0   ti_sysbios_gates_GateAll_Module__FXNS__C
c3788f14   ti_sysbios_gates_GateHwi_Module__FXNS__C
c3788f38   ti_sysbios_gates_GateMutexPri_Module__FXNS__C
c3788f5c   ti_sysbios_gates_GateMutex_Module__FXNS__C
c3788f80   ti_sysbios_gates_GateSwi_Module__FXNS__C
c3788fa4   ti_sysbios_heaps_HeapMem_Object__PARAMS__C
c3788fc8   ti_sysbios_knl_Semaphore_Object__PARAMS__C
c3788fec   xdc_runtime_GateNull_Module__FXNS__C
c3789010   xdc_runtime_knl_GateThread_Module__FXNS__C
c3789058   ti_sdo_ipc_GateMP_Object__DESC__C
c3789078   ti_sdo_ipc_ListMP_Object__DESC__C
c3789098   ti_sdo_ipc_Notify_Object__DESC__C
c37890b8   ti_sdo_ipc_gates_GateMPSupportNull_Object__DESC__C
c37890d8   ti_sdo_ipc_gates_GatePeterson_Object__DESC__C
c37890f8   ti_sdo_ipc_heaps_HeapMemMP_Object__DESC__C
c3789118   ti_sdo_ipc_notifyDrivers_NotifyDriverShm_Object__DESC__C
c3789138   ti_sdo_ipc_nsremote_NameServerRemoteNotify_Object__DESC__C
c3789158   ti_sdo_ipc_nsremote_NameServerRemoteNotify_Object__PARAMS__C
c3789178   ti_sdo_ipc_transports_TransportShm_Object__DESC__C
c3789198   ti_sdo_utils_List_Object__DESC__C
c37891b8   ti_sdo_utils_NameServer_Object__DESC__C
c37891d8   ti_sysbios_family_c64p_Hwi_Object__DESC__C
c37891f8   ti_sysbios_gates_GateAll_Object__DESC__C
c3789218   ti_sysbios_gates_GateHwi_Object__DESC__C
c3789238   ti_sysbios_gates_GateMutexPri_Object__DESC__C
c3789258   ti_sysbios_gates_GateMutex_Object__DESC__C
c3789278   ti_sysbios_gates_GateSwi_Object__DESC__C
c3789298   ti_sysbios_heaps_HeapMem_Object__DESC__C
c37892b8   ti_sysbios_knl_Queue_Object__DESC__C
c37892d8   ti_sysbios_knl_Semaphore_Object__DESC__C
c37892f8   ti_sysbios_knl_Swi_Object__DESC__C
c3789318   ti_sysbios_knl_Task_Object__DESC__C
c3789338   ti_sysbios_xdcruntime_GateThreadSupport_Object__DESC__C
c3789358   xdc_runtime_GateNull_Object__DESC__C
c3789378   xdc_runtime_LoggerBuf_Object__DESC__C
c3789398   xdc_runtime_Startup_sfxnRts__A
c37893b8   xdc_runtime_knl_GateThread_Object__DESC__C
c3789420   ti_sdo_ipc_Notify_Object__PARAMS__C
c3789438   ti_sdo_utils_List_Object__PARAMS__C
c3789450   ti_sysbios_gates_GateAll_Object__PARAMS__C
c3789468   ti_sysbios_gates_GateHwi_Object__PARAMS__C
c3789480   ti_sysbios_gates_GateMutexPri_Object__PARAMS__C
c3789498   ti_sysbios_gates_GateMutex_Object__PARAMS__C
c37894b0   ti_sysbios_gates_GateSwi_Object__PARAMS__C
c37894c8   ti_sysbios_knl_Queue_Object__PARAMS__C
c37894e0   ti_sysbios_knl_Task_hooks__A
c37894f8   ti_sysbios_xdcruntime_GateThreadSupport_Object__PARAMS__C
c3789510   xdc_runtime_GateNull_Object__PARAMS__C
c3789528   xdc_runtime_knl_GateThread_Object__PARAMS__C
c3789556   ti_sdo_ipc_Ipc_sr0MemorySetup__C
c378956c   ti_sdo_ipc_Ipc_E_internal__C
c3789584   ti_sdo_ipc_Ipc_E_nameFailed__C
c378959c   ti_sdo_ipc_Ipc_E_versionMismatch__C
c37895b4   ti_sdo_ipc_Ipc_numUserFxns__C
c37895e2   ti_sdo_ipc_ListMP_Module__id__C
c37895e4   ti_sdo_ipc_Ipc_procSync__C
c37895fa   ti_sdo_ipc_Notify_numLines__C
c37895fc   ti_sdo_ipc_Ipc_userFxns__C
c378963c   ti_sdo_ipc_MessageQ_Instance_State_highList__O
c3789640   ti_sdo_ipc_Ipc_userFxns__A
c378964c   ti_sysbios_family_c64p_Cache_initSize__C
c3789660   ti_sdo_utils_MultiProc_nameList__A
c3789668   ti_sysbios_knl_Idle_coreList__C
c3789670   ti_sysbios_knl_Idle_funcList__C
c3789678   ti_sysbios_knl_Task_hooks__C
c3789680   xdc_runtime_Startup_firstFxns__A
c3789688   xdc_runtime_Startup_firstFxns__C
c3789690   xdc_runtime_Startup_lastFxns__C
c3789698   ti_sdo_ipc_MessageQ_Instance_State_normalList__O
c378969c   ti_sdo_ipc_MessageQ_Object__count__C
c37896a0   ti_sdo_ipc_Notify_Module__gateObj__C
c37896a4   ti_sdo_ipc_Notify_Object__heap__C
c37896a8   ti_sdo_ipc_Notify_numEvents__C
c37896ac   ti_sdo_ipc_Notify_sendEventPollCount__C
c37896b0   ti_sdo_ipc_SharedRegion_INVALIDSRPTR__C
c37896b4   ti_sdo_ipc_SharedRegion_numOffsetBits__C
c37896b8   ti_sdo_ipc_SharedRegion_offsetMask__C
c37896bc   ti_sdo_ipc_family_da830_NotifySetup_armRecvIntId0__C
c37896c0   ti_sdo_ipc_family_da830_NotifySetup_armRecvIntId1__C
c37896c4   ti_sdo_ipc_family_da830_NotifySetup_dspIntVectId0__C
c37896c8   ti_sdo_ipc_family_da830_NotifySetup_dspIntVectId1__C
c37896cc   ti_sdo_ipc_family_da830_NotifySetup_dspRecvIntId0__C
c37896d0   ti_sdo_ipc_family_da830_NotifySetup_dspRecvIntId1__C
c37896d4   ti_sdo_ipc_gates_GatePeterson_E_gateRemotelyOpened__C
c37896d8   ti_sdo_ipc_heaps_HeapMemMP_E_memory__C
c37896dc   ti_sdo_ipc_interfaces_IGateMPSupport_Interface__BASE__C
c37896e0   ti_sdo_ipc_interfaces_IMessageQTransport_Interface__BASE__C
c37896e4   ti_sdo_ipc_interfaces_INotifyDriver_Interface__BASE__C
c37896e8   ti_sdo_ipc_notifyDrivers_NotifyDriverShm_Object__heap__C
c37896ec   ti_sdo_ipc_nsremote_NameServerRemoteNotify_Instance_State_semMultiBlock__O
c37896f0   ti_sdo_ipc_nsremote_NameServerRemoteNotify_Instance_State_semRemoteWait__O
c37896f4   ti_sdo_ipc_nsremote_NameServerRemoteNotify_Instance_State_swiObj__O
c37896f8   ti_sdo_ipc_nsremote_NameServerRemoteNotify_notifyEventId__C
c37896fc   ti_sdo_ipc_nsremote_NameServerRemoteNotify_timeout__C
c3789700   ti_sdo_ipc_transports_TransportShmSetup_priority__C
c3789704   ti_sdo_ipc_transports_TransportShm_Instance_State_swiObj__O
c3789708   ti_sdo_utils_INameServerRemote_Interface__BASE__C
c378970c   ti_sdo_utils_MultiProc_nameList__C
c3789710   ti_sdo_utils_NameServer_E_entryExists__C
c3789714   ti_sdo_utils_NameServer_E_maxReached__C
c3789718   ti_sdo_utils_NameServer_Instance_State_freeList__O
c378971c   ti_sdo_utils_NameServer_Instance_State_nameList__O
c3789720   ti_sdo_utils_NameServer_Object__count__C
c3789724   ti_sdo_utils_NameServer_Object__heap__C
c3789728   ti_sysbios_BIOS_installedErrorHook__C
c378972c   ti_sysbios_family_c62_TaskSupport_stackAlignment__C
c3789730   ti_sysbios_family_c64p_Cache_EMIFA_BASE__C
c3789734   ti_sysbios_family_c64p_Cache_EMIFA_CFG__C
c3789738   ti_sysbios_family_c64p_Cache_EMIFA_LENGTH__C
c378973c   ti_sysbios_family_c64p_Cache_EMIFB_BASE__C
c3789740   ti_sysbios_family_c64p_Cache_EMIFB_CFG__C
c3789744   ti_sysbios_family_c64p_Cache_EMIFB_LENGTH__C
c3789748   ti_sysbios_family_c64p_Cache_EMIFC_BASE__C
c378974c   ti_sysbios_family_c64p_Cache_EMIFC_CFG__C
c3789750   ti_sysbios_family_c64p_Cache_EMIFC_LENGTH__C
c3789754   ti_sysbios_family_c64p_Cache_MAR0_31__C
c3789758   ti_sysbios_family_c64p_Cache_MAR128_159__C
c378975c   ti_sysbios_family_c64p_Cache_MAR160_191__C
c3789760   ti_sysbios_family_c64p_Cache_MAR192_223__C
c3789764   ti_sysbios_family_c64p_Cache_MAR224_255__C
c3789768   ti_sysbios_family_c64p_Cache_MAR32_63__C
c378976c   ti_sysbios_family_c64p_Cache_MAR64_95__C
c3789770   ti_sysbios_family_c64p_Cache_MAR96_127__C
c3789774   ti_sysbios_family_c64p_Exception_E_exceptionMax__C
c3789778   ti_sysbios_family_c64p_Exception_E_exceptionMin__C
c378977c   ti_sysbios_family_c64p_Exception_exceptionHook__C
c3789780   ti_sysbios_family_c64p_Exception_externalHook__C
c3789784   ti_sysbios_family_c64p_Exception_internalHook__C
c3789788   ti_sysbios_family_c64p_Exception_nmiHook__C
c378978c   ti_sysbios_family_c64p_Hwi_E_alreadyDefined__C
c3789790   ti_sysbios_family_c64p_Hwi_E_handleNotFound__C
c3789794   ti_sysbios_gates_GateMutexPri_Instance_State_pendQ__O
c3789798   ti_sysbios_gates_GateMutex_Instance_State_sem__O
c378979c   ti_sysbios_hal_Hwi_E_stackOverflow__C
c37897a0   ti_sysbios_heaps_HeapMem_E_memory__C
c37897a4   ti_sysbios_heaps_HeapMem_Module__gateObj__C
c37897a8   ti_sysbios_heaps_HeapMem_Object__count__C
c37897ac   ti_sysbios_heaps_HeapMem_reqAlign__C
c37897b0   ti_sysbios_knl_Clock_Module_State_clockQ__O
c37897b4   ti_sysbios_knl_Clock_tickMode__C
c37897b8   ti_sysbios_knl_Clock_tickSource__C
c37897bc   ti_sysbios_knl_Semaphore_Instance_State_pendQ__O
c37897c0   ti_sysbios_knl_Idle_coreList__A
c37897c4   ti_sysbios_knl_Swi_Object__count__C
c37897c8   ti_sysbios_knl_Idle_funcList__A
c37897cc   ti_sysbios_knl_Swi_numPriorities__C
c37897d0   ti_sysbios_knl_Task_E_deleteNotAllowed__C
c37897d4   ti_sysbios_knl_Task_E_spOutOfBounds__C
c37897d8   ti_sysbios_knl_Task_E_stackOverflow__C
c37897dc   ti_sysbios_knl_Task_Module_State_inactiveQ__O
c37897e0   ti_sysbios_knl_Task_Module_State_terminatedQ__O
c37897e4   ti_sysbios_knl_Task_Object__count__C
c37897e8   ti_sysbios_knl_Task_Object__heap__C
c37897ec   ti_sysbios_knl_Task_allBlockedFunc__C
c37897f0   ti_sysbios_knl_Task_defaultStackHeap__C
c37897f4   ti_sysbios_knl_Task_defaultStackSize__C
c37897f8   ti_sysbios_knl_Task_numConstructedTasks__C
c37897fc   ti_sysbios_timers_timer64_Timer_E_cannotSupport__C
c3789800   ti_sysbios_timers_timer64_Timer_anyMask__C
c3789804   ti_sysbios_timers_timer64_Timer_freqDivisor__C
c3789808   ti_sysbios_timers_timer64_Timer_numLocalTimers__C
c378980c   ti_sysbios_timers_timer64_Timer_numTimerDevices__C
c3789810   ti_sysbios_xdcruntime_GateThreadSupport_Instance_State_gate__O
c3789814   xdc_runtime_Assert_E_assertFailed__C
c3789818   xdc_runtime_Core_A_initializedParams__C
c378981c   xdc_runtime_Core_Module__diagsEnabled__C
c3789820   xdc_runtime_Core_Module__diagsIncluded__C
c3789824   xdc_runtime_Core_Module__diagsMask__C
c3789828   xdc_runtime_Error_E_memory__C
c378982c   xdc_runtime_Error_Module__diagsEnabled__C
c3789830   xdc_runtime_Error_Module__diagsIncluded__C
c3789834   xdc_runtime_Error_Module__diagsMask__C
c3789838   xdc_runtime_Error_Module__loggerFxn8__C
c378983c   xdc_runtime_Error_Module__loggerObj__C
c3789840   xdc_runtime_Error_policy__C
c3789844   xdc_runtime_Error_raiseHook__C
c3789848   xdc_runtime_IFilterLogger_Interface__BASE__C
c378984c   xdc_runtime_IGateProvider_Interface__BASE__C
c3789850   xdc_runtime_IHeap_Interface__BASE__C
c3789854   xdc_runtime_ILogger_Interface__BASE__C
c3789858   xdc_runtime_IModule_Interface__BASE__C
c378985c   xdc_runtime_Log_L_error__C
c3789860   xdc_runtime_LoggerBuf_E_badLevel__C
c3789864   xdc_runtime_LoggerBuf_Module__gateObj__C
c3789868   xdc_runtime_LoggerBuf_Object__count__C
c378986c   xdc_runtime_LoggerBuf_statusLogger__C
c3789870   xdc_runtime_Memory_defaultHeapInstance__C
c3789874   xdc_runtime_Startup_execImpl__C
c3789878   xdc_runtime_Startup_lastFxns__A
c378987c   xdc_runtime_Startup_maxPasses__C
c3789880   xdc_runtime_Startup_sfxnRts__C
c3789884   xdc_runtime_Startup_sfxnTab__C
c3789888   xdc_runtime_SysMin_bufSize__C
c378988c   xdc_runtime_SysMin_outputFunc__C
c3789890   xdc_runtime_System_Module__gateObj__C
c3789894   xdc_runtime_System_extendFxn__C
c3789898   xdc_runtime_System_maxAtexitHandlers__C
c378989c   xdc_runtime_Text_charTab__C
c37898a0   xdc_runtime_Text_nameEmpty__C
c37898a4   xdc_runtime_Text_nameStatic__C
c37898a8   xdc_runtime_Text_nameUnknown__C
c37898ac   xdc_runtime_Text_nodeTab__C
c37898b0   xdc_runtime_Text_visitRopeFxn__C
c37898b4   ti_sdo_ipc_SharedRegion_numEntries__C
c37898b6   ti_sdo_ipc_SharedRegion_translate__C
c37898b8   ti_sdo_ipc_family_da830_NotifySetup_useSecondLine__C
c37898ba   ti_sdo_ipc_gates_GatePeterson_Module__id__C
c37898bc   ti_sdo_ipc_heaps_HeapMemMP_Module__id__C
c37898be   ti_sdo_ipc_nsremote_NameServerRemoteNotify_Module__id__C
c37898c0   ti_sdo_ipc_transports_TransportShm_Module__id__C
c37898c2   ti_sdo_ipc_transports_TransportShm_notifyEventId__C
c37898c4   ti_sdo_utils_MultiProc_numProcessors__C
c37898c6   ti_sdo_utils_MultiProc_numProcsInCluster__C
c37898c8   ti_sdo_utils_NameServer_Module__id__C
c37898ca   ti_sdo_utils_NameServer_singleProcessor__C
c37898cc   ti_sysbios_family_c64p_Exception_Module__id__C
c37898ce   ti_sysbios_family_c64p_Exception_enableExternalMPC__C
c37898d0   ti_sysbios_family_c64p_Exception_enablePrint__C
c37898d2   ti_sysbios_family_c64p_Exception_useInternalBuffer__C
c37898d4   ti_sysbios_family_c64p_Hwi_Module__id__C
c37898d6   ti_sysbios_hal_Hwi_Module__id__C
c37898d8   ti_sysbios_heaps_HeapMem_Module__id__C
c37898da   ti_sysbios_knl_Task_Module__id__C
c37898dc   ti_sysbios_knl_Task_deleteTerminatedTasks__C
c37898de   ti_sysbios_knl_Task_initStackFlag__C
c37898e0   ti_sysbios_timers_timer64_Timer_Module__id__C
c37898e2   ti_sysbios_timers_timer64_Timer_startupNeeded__C
c37898e4   xdc_runtime_Core_Module__id__C
c37898e6   xdc_runtime_Error_Module__loggerDefined__C
c37898e8   xdc_runtime_Error_maxDepth__C
c37898ea   xdc_runtime_LoggerBuf_Module__id__C
c37898ec   xdc_runtime_LoggerBuf_filterByLevel__C
c37898ee   xdc_runtime_Memory_Module__id__C
c37898f0   xdc_runtime_SysMin_flushAtExit__C
c37898f2   xdc_runtime_Text_charCnt__C
c37898f4   xdc_runtime_Text_isLoaded__C
c37898f6   xdc_runtime_Text_registryModsLastId__C
c37898f8   xdc_runtime_Text_unnamedModsLastId__C
c3789900   _stack
c378a900   __CIOBUF_
c378a900   __TI_STACK_END
c378aa20   __c_args__
c378aad4   __TI_STATIC_BASE
c378aad4   gFrameQ_nsHandle
c378aad8   gFrameQBufMgr_nsHandle
c378aadc   Syslink_terminateEventId
c378aae0   Syslink_terminateEventLineId
c378aae4   CLIENTNOTIFYMGR_NAMESERVERNAME
c378aaf8   FrameQ_ShMem_module
c378ac00   ti_sysbios_family_c64p_Hwi0
c378ac00   ti_sysbios_family_c64p_Hwi_int0
c378ac20   ti_sysbios_family_c64p_Hwi_int1
c378ac40   ti_sysbios_family_c64p_Hwi_int2
c378ac60   ti_sysbios_family_c64p_Hwi_int3
c378ac80   ti_sysbios_family_c64p_Hwi_int4
c378aca0   ti_sysbios_family_c64p_Hwi_int5
c378acc0   ti_sysbios_family_c64p_Hwi_int6
c378ace0   ti_sysbios_family_c64p_Hwi_int7
c378ad00   ti_sysbios_family_c64p_Hwi_int8
c378ad20   ti_sysbios_family_c64p_Hwi_int9
c378ad40   ti_sysbios_family_c64p_Hwi_int10
c378ad60   ti_sysbios_family_c64p_Hwi_int11
c378ad80   ti_sysbios_family_c64p_Hwi_int12
c378ada0   ti_sysbios_family_c64p_Hwi_int13
c378adc0   ti_sysbios_family_c64p_Hwi_int14
c378ade0   ti_sysbios_family_c64p_Hwi_int15
c378b000   _Ipc_ResetVector
c378b008   Ipc_sr0MemorySetup
ffffffff   __TI_pprof_out_hndl
ffffffff   __TI_prof_data_size
ffffffff   __TI_prof_data_start
ffffffff   __binit__
ffffffff   binit
UNDEFED    __TI_CINIT_Base
UNDEFED    __TI_CINIT_Limit
UNDEFED    __TI_Handler_Table_Base
UNDEFED    __TI_Handler_Table_Limit
UNDEFED    __TI_INITARRAY_Base
UNDEFED    __TI_INITARRAY_Limit

[1381 symbols]


DYNAMIC SYMBOLS: SORTED ALPHABETICALLY BY Name 

address    name
--------   ----
UNDEFED    
c3784e98   TSK_idle
c378b000   _Ipc_ResetVector
c378a900   __TI_STACK_END
00001000   __TI_STACK_SIZE
c378aad4   __TI_STATIC_BASE
ffffffff   __TI_pprof_out_hndl
ffffffff   __TI_prof_data_size
ffffffff   __TI_prof_data_start
ffffffff   __binit__
c378aa20   __c_args__
00000064   _argsize
ffffffff   binit
00000001   xdc_runtime_Startup__EXECFXN__C
00000001   xdc_runtime_Startup__RESETFXN__C

[15 symbols]


IMPORTED and EXPORTED SYMBOLS: SORTED ALPHABETICALLY BY Name 

IMPORTED SYMBOLS

name                           size      Imported from
-----------------------------  --------  -------------

[0 symbols]


EXPORTED SYMBOLS

address    name
--------   ----
c378b000   _Ipc_ResetVector
