******************************************************************************
               TMS320C6x Linker Unix v7.4.4                    
******************************************************************************
>> Linked Wed Oct 25 16:31:43 2017

OUTPUT FILE NAME:   <bin/debug/server_dsp.xe674>
ENTRY POINT SYMBOL: "ti_sysbios_family_c64p_Hwi0"  address: c3788000


MEMORY CONFIGURATION

         name            origin    length      used     unused   attr    fill
----------------------  --------  ---------  --------  --------  ----  --------
  IROM                  11700000   00100000  00000000  00100000  R  X
  IRAM                  11800000   00038000  00000000  00038000  RW X
  L3_CBA_RAM            80000000   00020000  00000000  00020000  RW X
  SR_0                  c2000000   00010000  00010000  00000000  RW X
  SR_1                  c2010000   00a00000  00a00000  00000000  RW X
  DSP_PROG              c3000000   00a00000  007883dc  00277c24  RW X


SEGMENT ALLOCATION MAP

run origin  load origin   length   init length attrs members
----------  ----------- ---------- ----------- ----- -------
c3000000    c3000000    00721830   00000000    rw-
  c3000000    c3000000    00721830   00000000    rw- .far
c3721830    c3721830    00000010   00000010    rw-
  c3721830    c3721830    00000010   00000010    rw- .fardata.1
c3721840    c3721840    00030560   00030560    r-x
  c3721840    c3721840    00030560   00030560    r-x .text
c3751da0    c3751da0    00030814   00030814    rw-
  c3751da0    c3751da0    00030814   00030814    rw- .fardata.2
c37825b8    c37825b8    00004964   00004964    r--
  c37825b8    c37825b8    00004964   00004964    r-- .const
c3786f20    c3786f20    00001000   00000000    rw-
  c3786f20    c3786f20    00001000   00000000    rw- .stack
c3787f20    c3787f20    00000084   00000084    r--
  c3787f20    c3787f20    00000084   00000084    r-- .switch
c3787fa4    c3787fa4    00000008   00000000    rw-
  c3787fa4    c3787fa4    00000008   00000000    rw- .bss
c3787fac    c3787fac    00000028   00000028    rw-
  c3787fac    c3787fac    00000028   00000028    rw- .neardata
c3788000    c3788000    00000200   00000200    r-x
  c3788000    c3788000    00000200   00000200    r-x .vecs
c3788200    c3788200    00000120   00000000    rw-
  c3788200    c3788200    00000120   00000000    rw- .cio
c3788320    c3788320    00000064   00000064    rw-
  c3788320    c3788320    00000064   00000064    rw- .args
c3788400    c3788400    0000008c   0000008c    r--
  c3788400    c3788400    0000008c   0000008c    r-- ti_sdo_ipc_init


SECTION ALLOCATION MAP

 output                                  attributes/
section   page    origin      length       input sections
--------  ----  ----------  ----------   ----------------
.cinit     0    c3000000    00000000     UNINITIALIZED

.init_array 
*          0    c3000000    00000000     UNINITIALIZED

ti.sdo.ipc.SharedRegion_0 
*          0    c2000000    00010000     NOLOAD SECTION
                  c2000000    00010000     --HOLE--

ti.sdo.ipc.SharedRegion_1 
*          0    c2010000    00a00000     NOLOAD SECTION
                  c2010000    00a00000     --HOLE--

xdc.meta   0    c3000000    000000e0     COPY SECTION
                  c3000000    000000e0     dsp_pe674.oe674 (xdc.meta)

.far       0    c3000000    00721830     UNINITIALIZED
                  c3000000    00721010     dsp_pe674.oe674 (.far)
                  c3721010    00000800     dsp_pe674.oe674 (.far:taskStackSection)
                  c3721810    0000000c     ti.syslink.ipc.rtos.ae674 : FrameQ.oe674 (.far)
                  c372181c    00000004                               : RingIOShm.oe674 (.far)
                  c3721820    00000008     rts6740_elf.lib : trgdrv.obj (.far)
                  c3721828    00000008     ti.syslink.ipc.rtos.ae674 : RingIO.oe674 (.far)

.fardata.1 
*          0    c3721830    00000010     
                  c3721830    00000010     dsp_pe674.oe674 (.fardata:ti_sdo_ipc_MessageQ_Module_State_0_transports__A)

.text      0    c3721840    00030560     
                  c3721840    000021e0     ti.syslink.ipc.rtos.ae674 : FrameQBufMgr_ShMem.oe674 (.text:FrameQBufMgr_ShMem_create)
                  c3723a20    00001060                               : FrameQ_ShMem.oe674 (.text:FrameQ_ShMem_create)
                  c3724a80    00000fa0                               : ClientNotifyMgr.oe674 (.text:_ClientNotifyMgr_create)
                  c3725a20    00000d20                               : FrameQ_ShMem.oe674 (.text:_FrameQ_ShMem_open)
                  c3726740    00000c40     utils.lib : uartStdio.obj (.text)
                  c3727380    00000b40     ipc.ae674 : Ipc.obj (.text:ti_sdo_ipc_GateMP_Instance_init__F)
                  c3727ec0    00000a60     ti.syslink.ipc.rtos.ae674 : FrameQ_ShMem.oe674 (.text:FrameQ_ShMem_delete)
                  c3728920    00000900                               : FrameQBufMgr_ShMem.oe674 (.text:FrameQBufMgr_ShMem_delete)
                  c3729220    00000900                               : FrameQ_ShMem.oe674 (.text:FrameQ_ShMem_putv)
                  c3729b20    000008a0                               : ClientNotifyMgr.oe674 (.text:ClientNotifyMgr_delete)
                  c372a3c0    000008a0     sysbios.ae674 : BIOS.obj (.text:ti_sysbios_family_c64p_Exception_handler__I)
                  c372ac60    000008a0     ti.targets.rts6000.ae674 : System.oe674 (.text:xdc_runtime_System_doPrint__I)
                  c372b500    00000800     ti.syslink.ipc.rtos.ae674 : FrameQ_ShMem.oe674 (.text:FrameQ_ShMem_put)
                  c372bd00    000007e0                               : ClientNotifyMgr.oe674 (.text:ClientNotifyMgr_setup)
                  c372c4e0    000007c0     ipc.ae674 : Ipc.obj (.text:Ipc_attach)
                  c372cca0    00000700               : Ipc.obj (.text:Ipc_detach)
                  c372d3a0    00000700               : Ipc.obj (.text:ti_sdo_ipc_transports_TransportShm_Instance_init__F)
                  c372daa0    000006e0     ti.syslink.ipc.rtos.ae674 : FrameQBufMgr_ShMem.oe674 (.text:FrameQBufMgr_ShMem_dupv)
                  c372e180    000006a0                               : FrameQ_ShMem.oe674 (.text:FrameQ_ShMem_getv)
                  c372e820    00000640                               : FrameQBufMgr_ShMem.oe674 (.text:FrameQBufMgr_ShMem_dup)
                  c372ee60    000005e0                               : ClientNotifyMgr.oe674 (.text:ClientNotifyMgr_sendNotificationMulti)
                  c372f440    000005e0                               : FrameQBufMgr_ShMem.oe674 (.text:FrameQBufMgr_ShMem_allocv)
                  c372fa20    000005a0                               : ClientNotifyMgr.oe674 (.text:ClientNotifyMgr_threadFxn)
                  c372ffc0    00000500     syslink_service.oe674 (.text)
                  c37304c0    000004e0     ipc.ae674 : Ipc.obj (.text:ti_sdo_ipc_heaps_HeapMemMP_Instance_init__F)
                  c37309a0    000004c0     ti.syslink.ipc.rtos.ae674 : ClientNotifyMgr.oe674 (.text:ClientNotifyMgr_execCallBackFxn)
                  c3730e60    000004c0     resource_sync.oe674 (.text)
                  c3731320    000004c0     syslink.oe674 (.text)
                  c37317e0    000004c0     ipc.ae674 : Ipc.obj (.text:ti_sdo_ipc_ListMP_Instance_init__F)
                  c3731ca0    000004a0     ti.syslink.ipc.rtos.ae674 : ClientNotifyMgr.oe674 (.text:ClientNotifyMgr_sendNotification)
                  c3732140    00000460                               : ClientNotifyMgr.oe674 (.text:ClientNotifyMgr_sendForceNotificationMulti)
                  c37325a0    00000460     ipc.ae674 : Ipc.obj (.text:ti_sdo_ipc_GateMP_setRegion0Reserved__F)
                  c3732a00    00000460               : Ipc.obj (.text:ti_sdo_ipc_nsremote_NameServerRemoteNotify_get__F)
                  c3732e60    00000420     ti.syslink.ipc.rtos.ae674 : FrameQBufMgr_ShMem.oe674 (.text:FrameQBufMgr_ShMem_sharedMemReq)
                  c3733280    00000420                               : FrameQ_ShMem.oe674 (.text:FrameQ_ShMem_flushAll)
                  c37336a0    00000420                               : FrameQ_ShMem.oe674 (.text:_FrameQ_ShMem_setOpenFlags)
                  c3733ac0    00000420     ipc.ae674 : Ipc.obj (.text:ti_sdo_ipc_GateMP_Instance_finalize__F)
                  c3733ee0    000003e0     ti.syslink.ipc.rtos.ae674 : FrameQBufMgr_ShMem.oe674 (.text:FrameQBufMgr_ShMem_freev)
                  c37342c0    000003c0     ipc.ae674 : Ipc.obj (.text:ti_sdo_ipc_heaps_HeapMemMP_alloc__E)
                  c3734680    000003c0               : Ipc.obj (.text:ti_sdo_ipc_heaps_HeapMemMP_free__E)
                  c3734a40    000003a0     ti.syslink.ipc.rtos.ae674 : ClientNotifyMgr.oe674 (.text:ClientNotifyMgr_registerClient)
                  c3734de0    000003a0                               : ClientNotifyMgr.oe674 (.text:ClientNotifyMgr_unregisterClient)
                  c3735180    000003a0                               : FrameQ_ShMem.oe674 (.text:FrameQ_ShMem_getvNumFrames)
                  c3735520    000003a0     ipc.ae674 : Ipc.obj (.text:NameServer_add)
                  c37358c0    00000360     ti.syslink.ipc.rtos.ae674 : FrameQBufMgr_ShMem.oe674 (.text:FrameQBufMgr_ShMem_free)
                  c3735c20    00000340                               : FrameQBufMgr.oe674 (.text:FrameQBufMgr_open)
                  c3735f60    00000340                               : FrameQ_ShMem.oe674 (.text:FrameQ_ShMem_get)
                  c37362a0    00000340     drivers.lib : uart.obj (.text)
                  c37365e0    00000320     ti.syslink.ipc.rtos.ae674 : FrameQBufMgr.oe674 (.text:FrameQBufMgr_create)
                  c3736900    00000300                               : FrameQBufMgr_ShMem.oe674 (.text:FrameQBufMgr_ShMem_alloc)
                  c3736c00    00000300     ipc.ae674 : Ipc.obj (.text:Ipc_writeConfig)
                  c3736f00    00000300     sysbios.ae674 : BIOS.obj (.text:ti_sysbios_knl_Semaphore_pend__E)
                  c3737200    00000300                   : BIOS.obj (.text:ti_sysbios_knl_Task_Instance_finalize__F)
                  c3737500    000002e0     ipc.ae674 : Ipc.obj (.text:ListMP_getHead)
                  c37377e0    000002e0               : Ipc.obj (.text:ti_sdo_ipc_Ipc_procSyncStart__I)
                  c3737ac0    000002e0               : Ipc.obj (.text:ti_sdo_ipc_nsremote_NameServerRemoteNotify_Instance_init__F)
                  c3737da0    000002c0     ti.syslink.ipc.rtos.ae674 : FrameQ_ShMem.oe674 (.text:FrameQ_ShMem_registerNotifier)
                  c3738060    000002c0     ipc.ae674 : Ipc.obj (.text:NameServer_get)
                  c3738320    000002c0     drivers.lib : gpio.obj (.text)
                  c37385e0    000002c0     sysbios.ae674 : BIOS.obj (.text:ti_sysbios_timers_timer64_Timer_Module_startup__F)
                  c37388a0    000002a0     ipc.ae674 : Ipc.obj (.text:ti_sdo_ipc_transports_TransportShm_Instance_finalize__F)
                  c3738b40    000002a0     sysbios.ae674 : BIOS.obj (.text:ti_sysbios_timers_timer64_Timer_deviceConfig__I)
                  c3738de0    00000280     ipc.ae674 : Ipc.obj (.text:ListMP_putHead)
                  c3739060    00000280               : Ipc.obj (.text:ListMP_putTail)
                  c37392e0    00000280               : Ipc.obj (.text:ListMP_remove)
                  c3739560    00000280               : Ipc.obj (.text:ti_sdo_ipc_gates_GatePeterson_Instance_init__F)
                  c37397e0    00000280     ti.targets.rts6000.ae674 : Error.oe674 (.text:xdc_runtime_Error_raiseX__F)
                  c3739a60    00000260     ti.syslink.ipc.rtos.ae674 : FrameQBufMgr_ShMem.oe674 (.text:FrameQBufMgr_ShMem_Params_init)
                  c3739cc0    00000260     ipc.ae674 : Ipc.obj (.text:GateMP_openByAddr)
                  c3739f20    00000260               : Ipc.obj (.text:Ipc_start)
                  c373a180    00000260     rts6740_elf.lib : imath64.obj (.text:__c6xabi_divull)
                  c373a3e0    00000260     sysbios.ae674 : BIOS.obj (.text:ti_sysbios_family_c64p_Exception_internalHandler__I)
                  c373a640    00000260                   : BIOS.obj (.text:ti_sysbios_timers_timer64_Timer_setPeriodMicroSecs__E)
                  c373a8a0    00000260     ti.targets.rts6000.ae674 : Startup.oe674 (.text:xdc_runtime_Startup_startMods__I)
                  c373ab00    00000260     dsp_pe674.oe674 (.text:xdc_runtime_System_printfExtend__I)
                  c373ad60    00000240     ti.syslink.ipc.rtos.ae674 : FrameQ_ShMem.oe674 (.text:FrameQ_ShMem_unregisterNotifier)
                  c373afa0    00000240                               : FrameQ.oe674 (.text:FrameQ_setup)
                  c373b1e0    00000240     ipc.ae674 : Ipc.obj (.text:Notify_unregisterEvent)
                  c373b420    00000240               : Ipc.obj (.text:ti_sdo_ipc_family_da830_NotifySetup_attach__E)
                  c373b660    00000240               : Ipc.obj (.text:ti_sdo_ipc_heaps_HeapMemMP_getStats__E)
                  c373b8a0    00000240     ti.targets.rts6000.ae674 : LoggerBuf.oe674 (.text:xdc_runtime_LoggerBuf_write8__F)
                  c373bae0    00000220     ti.syslink.ipc.rtos.ae674 : ClientNotifyMgr.oe674 (.text:ClientNotifyMgr_destroy)
                  c373bd00    00000220                               : FrameQ_ShMem.oe674 (.text:FrameQ_ShMem_sharedMemReq)
                  c373bf20    00000220                               : SyslinkMemMgr.oe674 (.text:SyslinkMemMgr_create)
                  c373c140    00000220     ipc.ae674 : Ipc.obj (.text:ti_sdo_ipc_nsremote_NameServerRemoteNotify_swiFxn__I)
                  c373c360    00000220     sysbios.ae674 : BIOS.obj (.text:ti_sysbios_family_c64p_Hwi_reconfig__E)
                  c373c580    00000220                   : BIOS.obj (.text:ti_sysbios_gates_GateMutexPri_enter__E)
                  c373c7a0    00000220     ti.targets.rts6000.ae674 : Core-mem.oe674 (.text:xdc_runtime_Core_createObject__I)
                  c373c9c0    00000200     sysbios.ae674 : c64p_Hwi_disp_always.obj (.text:_ti_sysbios_family_c64p_Hwi_dispatchAlways)
                  c373cbc0    00000200     ipc.ae674 : Ipc.obj (.text:ti_sdo_ipc_Ipc_procSyncFinish__I)
                  c373cdc0    00000200               : Ipc.obj (.text:ti_sdo_ipc_notifyDrivers_NotifyDriverShm_Instance_init__F)
                  c373cfc0    00000200               : Ipc.obj (.text:ti_sdo_ipc_notifyDrivers_NotifyDriverShm_sendEvent__E)
                  c373d1c0    000001e0     ti.syslink.ipc.rtos.ae674 : FrameQBufMgr.oe674 (.text:FrameQBufMgr_setup)
                  c373d3a0    000001e0                               : FrameQ_ShMem.oe674 (.text:FrameQ_ShMem_getNumFrames)
                  c373d580    000001e0     ipc.ae674 : Ipc.obj (.text:GateMP_sharedMemReq)
                  c373d760    000001e0               : Ipc.obj (.text:ListMP_openByAddr)
                  c373d940    000001e0     Platform.lib : GPIO.obj (.text)
                  c373db20    000001e0     server.oe674 (.text)
                  c373dd00    000001e0     ipc.ae674 : Ipc.obj (.text:ti_sdo_utils_NameServer_Instance_finalize__F)
                  c373dee0    000001e0     sysbios.ae674 : BIOS.obj (.text:ti_sysbios_family_c64p_Exception_externalHandler__I)
                  c373e0c0    000001e0                   : BIOS.obj (.text:ti_sysbios_knl_Task_Instance_init__F)
                  c373e2a0    000001e0                   : BIOS.obj (.text:ti_sysbios_knl_Task_checkStacks__E)
                  c373e480    000001c0     ipc.ae674 : Ipc.obj (.text:ti_sdo_ipc_GateMP_getFreeResource__I)
                  c373e640    000001c0               : Ipc.obj (.text:ti_sdo_ipc_heaps_HeapMemMP_postInit__I)
                  c373e800    000001c0     sysbios.ae674 : BIOS.obj (.text:ti_sysbios_family_c64p_Cache_block__I)
                  c373e9c0    000001c0                   : BIOS.obj (.text:ti_sysbios_family_c64p_Exception_decodeMpfsr__I)
                  c373eb80    000001c0                   : BIOS.obj (.text:ti_sysbios_knl_Task_exit__E)
                  c373ed40    000001c0                   : BIOS.obj (.text:ti_sysbios_knl_Task_postInit__I)
                  c373ef00    000001c0     ti.targets.rts6000.ae674 : Text.oe674 (.text:xdc_runtime_Text_putSite__F)
                  c373f0c0    000001a0     ti.syslink.ipc.rtos.ae674 : FrameQBufMgr_ShMem.oe674 (.text:FrameQBufMgr_ShMem_setup)
                  c373f260    000001a0                               : FrameQBufMgr.oe674 (.text:FrameQBufMgr_delete)
                  c373f400    000001a0     ipc.ae674 : Ipc.obj (.text:ti_sdo_ipc_notifyDrivers_NotifyDriverShm_registerEvent__E)
                  c373f5a0    000001a0               : Ipc.obj (.text:ti_sdo_ipc_notifyDrivers_NotifyDriverShm_unregisterEvent__E)
                  c373f740    000001a0               : Ipc.obj (.text:ti_sdo_utils_NameServer_Instance_init__F)
                  c373f8e0    000001a0     sysbios.ae674 : BIOS.obj (.text:ti_sysbios_timers_timer64_Timer_start__E)
                  c373fa80    000001a0     ti.targets.rts6000.ae674 : LoggerBuf.oe674 (.text:xdc_runtime_LoggerBuf_write4__F)
                  c373fc20    00000180     ipc.ae674 : Ipc.obj (.text:NameServer_getHandle)
                  c373fda0    00000180     Platform.lib : UART.obj (.text)
                  c373ff20    00000180     ti.syslink.ipc.rtos.ae674 : RingIO.oe674 (.text:RingIO_setup)
                  c37400a0    00000180     drivers.lib : psc.obj (.text)
                  c3740220    00000180     sysbios.ae674 : c64p_Exception_asm.obj (.text)
                  c37403a0    00000180     ipc.ae674 : Ipc.obj (.text:ti_sdo_ipc_gates_GatePeterson_enter__E)
                  c3740520    00000180               : Ipc.obj (.text:ti_sdo_ipc_notifyDrivers_NotifyDriverShm_isr__I)
                  c37406a0    00000180     sysbios.ae674 : BIOS.obj (.text:ti_sysbios_heaps_HeapMem_alloc__E)
                  c3740820    00000180                   : BIOS.obj (.text:ti_sysbios_knl_Swi_schedule__I)
                  c37409a0    00000180                   : BIOS.obj (.text:ti_sysbios_knl_Task_setPri__E)
                  c3740b20    00000160     ti.syslink.ipc.rtos.ae674 : ClientNotifyMgr.oe674 (.text:ClientNotifyMgr_waitOnMultiSubEntryNotify)
                  c3740c80    00000160                               : FrameQBufMgr_ShMem.oe674 (.text:FrameQBufMgr_ShMem_invalidate)
                  c3740de0    00000160                               : FrameQBufMgr_ShMem.oe674 (.text:FrameQBufMgr_ShMem_writeBack)
                  c3740f40    00000160                               : FrameQ_ShMem.oe674 (.text:FrameQ_ShMem_setup)
                  c37410a0    00000160                               : FrameQ.oe674 (.text:FrameQ_destroy)
                  c3741200    00000160                               : _Syslink.oe674 (.text:SysLink_setup)
                  c3741360    00000160     ipc.ae674 : Ipc.obj (.text:ti_sdo_ipc_GateMP_openRegion0Reserved__F)
                  c37414c0    00000160               : Ipc.obj (.text:ti_sdo_ipc_ListMP_Instance_finalize__F)
                  c3741620    00000160               : Ipc.obj (.text:ti_sdo_ipc_Notify_Instance_init__F)
                  c3741780    00000160               : Ipc.obj (.text:ti_sdo_ipc_heaps_HeapMemMP_Instance_finalize__F)
                  c37418e0    00000160               : Ipc.obj (.text:ti_sdo_utils_NameServer_removeLocal__I)
                  c3741a40    00000160     sysbios.ae674 : BIOS.obj (.text:ti_sysbios_knl_Task_schedule__I)
                  c3741ba0    00000160                   : BIOS.obj (.text:ti_sysbios_knl_Task_startCore__E)
                  c3741d00    00000140     ipc.ae674 : Ipc.obj (.text:HeapMemMP_openByAddr)
                  c3741e40    00000140               : Ipc.obj (.text:MessageQ_put)
                  c3741f80    00000140               : Ipc.obj (.text:Notify_registerEvent)
                  c37420c0    00000140     boot.ae674 : autoinit.oe674 (.text:_auto_init_elf)
                  c3742200    00000140     ipc.ae674 : Ipc.obj (.text:ti_sdo_ipc_SharedRegion_start__F)
                  c3742340    00000140               : Ipc.obj (.text:ti_sdo_ipc_notifyDrivers_NotifyDriverShm_disableEvent__E)
                  c3742480    00000140               : Ipc.obj (.text:ti_sdo_ipc_transports_TransportShm_openByAddr__F)
                  c37425c0    00000140               : Ipc.obj (.text:ti_sdo_ipc_transports_TransportShm_put__E)
                  c3742700    00000140     sysbios.ae674 : BIOS.obj (.text:ti_sysbios_heaps_HeapMem_free__E)
                  c3742840    00000140                   : BIOS.obj (.text:ti_sysbios_knl_Task_Module_startup__F)
                  c3742980    00000140                   : BIOS.obj (.text:ti_sysbios_knl_Task_sleep__E)
                  c3742ac0    00000140     ti.targets.rts6000.ae674 : Text.oe674 (.text:xdc_runtime_Text_putLab__F)
                  c3742c00    00000120     ti.syslink.ipc.rtos.ae674 : FrameQBufMgr_ShMem.oe674 (.text:FrameQBufMgr_ShMem_getvNumFreeFrames)
                  c3742d20    00000120                               : FrameQBufMgr_ShMem.oe674 (.text:FrameQBufMgr_ShMem_open)
                  c3742e40    00000120     ipc.ae674 : Ipc.obj (.text:HeapMemMP_sharedMemReq)
                  c3742f60    00000120               : Ipc.obj (.text:ti_sdo_ipc_MessageQ_Module_startup__F)
                  c3743080    00000120               : Ipc.obj (.text:ti_sdo_ipc_transports_TransportShm_sharedMemReq__F)
                  c37431a0    00000120     sysbios.ae674 : BIOS.obj (.text:ti_sysbios_family_c64p_Exception_Module_startup__F)
                  c37432c0    00000120                   : BIOS.obj (.text:ti_sysbios_knl_Clock_workFunc__E)
                  c37433e0    00000120     ti.targets.rts6000.ae674 : LoggerBuf.oe674 (.text:xdc_runtime_LoggerBuf_setFilterLevel__F)
                  c3743500    00000120                              : Text.oe674 (.text:xdc_runtime_Text_putMod__F)
                  c3743620    00000100     ti.syslink.ipc.rtos.ae674 : ClientNotifyMgr.oe674 (.text:ClientNotifyMgr_swiFxn)
                  c3743720    00000100                               : FrameQBufMgr_ShMem.oe674 (.text:FrameQBufMgr_Shmem_updateCacheFlags)
                  c3743820    00000100                               : FrameQBufMgr.oe674 (.text:FrameQBufMgr_destroy)
                  c3743920    00000100     ipc.ae674 : Ipc.obj (.text:ListMP_sharedMemReq)
                  c3743a20    00000100               : Ipc.obj (.text:Notify_registerEventSingle)
                  c3743b20    00000100               : Ipc.obj (.text:Notify_sendEvent)
                  c3743c20    00000100               : Ipc.obj (.text:Notify_unregisterEventSingle)
                  c3743d20    00000100     ti.syslink.ipc.rtos.ae674 : FrameQ_ShMem.oe674 (.text:_FrameQ_ShMem_resetNotifyId)
                  c3743e20    00000100                               : FrameQ_ShMem.oe674 (.text:_FrameQ_ShMem_setNotifyId)
                  c3743f20    00000100     ipc.ae674 : Ipc.obj (.text:ti_sdo_ipc_GateMP_start__F)
                  c3744020    00000100               : Ipc.obj (.text:ti_sdo_ipc_Notify_Instance_finalize__F)
                  c3744120    00000100     dsp_pe674.oe674 (.text:ti_sdo_ipc_Notify_Object__create__S)
                  c3744220    00000100     ipc.ae674 : Ipc.obj (.text:ti_sdo_ipc_SharedRegion_attach__F)
                  c3744320    00000100               : Ipc.obj (.text:ti_sdo_ipc_SharedRegion_clearReservedMemory__F)
                  c3744420    00000100     dsp_pe674.oe674 (.text:ti_sdo_ipc_gates_GatePeterson_Object__create__S)
                  c3744520    00000100     ipc.ae674 : Ipc.obj (.text:ti_sdo_ipc_nsremote_NameServerRemoteNotify_Instance_finalize__F)
                  c3744620    00000100     dsp_pe674.oe674 (.text:ti_sdo_ipc_nsremote_NameServerRemoteNotify_Object__create__S)
                  c3744720    00000100     ipc.ae674 : Ipc.obj (.text:ti_sdo_ipc_transports_TransportShmSetup_attach__E)
                  c3744820    00000100     dsp_pe674.oe674 (.text:ti_sdo_ipc_transports_TransportShm_Object__create__S)
                  c3744920    00000100     dsp_pe674.oe674 (.text:ti_sdo_utils_NameServer_Object__create__S)
                  c3744a20    00000100     ipc.ae674 : Ipc.obj (.text:ti_sdo_utils_NameServer_findLocal__I)
                  c3744b20    00000100     sysbios.ae674 : BIOS.obj (.text:ti_sysbios_family_c64p_Hwi_Module_startup__F)
                  c3744c20    00000100     dsp_pe674.oe674 (.text:ti_sysbios_family_c64p_Hwi_Object__create__S)
                  c3744d20    00000100     sysbios.ae674 : BIOS.obj (.text:ti_sysbios_family_c64p_Hwi_dispatchC__I)
                  c3744e20    00000100                   : BIOS.obj (.text:ti_sysbios_gates_GateMutexPri_leave__E)
                  c3744f20    00000100                   : BIOS.obj (.text:ti_sysbios_knl_Clock_startI__E)
                  c3745020    00000100                   : BIOS.obj (.text:ti_sysbios_knl_Semaphore_post__E)
                  c3745120    00000100     dsp_pe674.oe674 (.text:ti_sysbios_knl_Swi_Object__create__S)
                  c3745220    00000100     sysbios.ae674 : BIOS.obj (.text:ti_sysbios_knl_Swi_restoreHwi__E)
                  c3745320    00000100     dsp_pe674.oe674 (.text:ti_sysbios_knl_Task_Object__create__S)
                  c3745420    00000100     sysbios.ae674 : BIOS.obj (.text:ti_sysbios_timers_timer64_Timer_initDevice__I)
                  c3745520    00000100     ti.targets.rts6000.ae674 : Core-mem.oe674 (.text:xdc_runtime_Core_deleteObject__I)
                  c3745620    00000100                              : LoggerBuf.oe674 (.text:xdc_runtime_LoggerBuf_getFilterLevel__F)
                  c3745720    00000100                              : Startup.oe674 (.text:xdc_runtime_Startup_exec__F)
                  c3745820    00000100                              : Text.oe674 (.text:xdc_runtime_Text_visitRope2__I)
                  c3745920    000000e0     ti.syslink.ipc.rtos.ae674 : ClientNotifyMgr.oe674 (.text:ClientNotifyMgr_cbFxn)
                  c3745a00    000000e0                               : ClientNotifyMgr.oe674 (.text:ClientNotifyMgr_enableNotification)
                  c3745ae0    000000e0                               : ClientNotifyMgr.oe674 (.text:ClientNotifyMgr_thFxn)
                  c3745bc0    000000e0                               : FrameQBufMgr.oe674 (.text:FrameQBufMgr_getHandle)
                  c3745ca0    000000e0                               : FrameQBufMgr.oe674 (.text:FrameQBufMgr_getInstNo)
                  c3745d80    000000e0                               : FrameQ_ShMem.oe674 (.text:FrameQ_ShMem_open)
                  c3745e60    000000e0     ipc.ae674 : Ipc.obj (.text:NameServer_getLocal)
                  c3745f40    000000e0     Platform.lib : UARTConsole.obj (.text)
                  c3746020    000000e0     ti.syslink.ipc.rtos.ae674 : RingIOShm.oe674 (.text:RingIOShm_setup)
                  c3746100    000000e0                               : RingIO.oe674 (.text:RingIO_destroy)
                  c37461e0    000000e0                               : SharedMemoryMgr.oe674 (.text:SyslinkMemMgr_SharedMemory_translate)
                  c37462c0    000000e0     rts6740_elf.lib : memset.obj (.text:memset)
                  c37463a0    000000e0     dsp_pe674.oe674 (.text:ti_sdo_ipc_GateMP_Object__create__S)
                  c3746480    000000e0     ipc.ae674 : Ipc.obj (.text:ti_sdo_ipc_Ipc_getMasterAddr__I)
                  c3746560    000000e0               : Ipc.obj (.text:ti_sdo_ipc_Ipc_getSlaveAddr__I)
                  c3746640    000000e0     dsp_pe674.oe674 (.text:ti_sdo_ipc_ListMP_Object__create__S)
                  c3746720    000000e0     ipc.ae674 : Ipc.obj (.text:ti_sdo_ipc_Notify_detach__F)
                  c3746800    000000e0               : Ipc.obj (.text:ti_sdo_ipc_SharedRegion_reserveMemory__F)
                  c37468e0    000000e0               : Ipc.obj (.text:ti_sdo_ipc_SharedRegion_stop__F)
                  c37469c0    000000e0               : Ipc.obj (.text:ti_sdo_ipc_gates_GatePeterson_sharedMemReq__E)
                  c3746aa0    000000e0     dsp_pe674.oe674 (.text:ti_sdo_ipc_heaps_HeapMemMP_Object__create__S)
                  c3746b80    000000e0     dsp_pe674.oe674 (.text:ti_sdo_ipc_notifyDrivers_NotifyDriverShm_Object__create__S)
                  c3746c60    000000e0     ipc.ae674 : Ipc.obj (.text:ti_sdo_utils_NameServer_Module_startup__F)
                  c3746d40    000000e0     sysbios.ae674 : BIOS.obj (.text:ti_sysbios_family_c64p_Cache_Module_startup__F)
                  c3746e20    000000e0                   : BIOS.obj (.text:ti_sysbios_family_c64p_Hwi_Instance_finalize__F)
                  c3746f00    000000e0                   : BIOS.obj (.text:ti_sysbios_family_c64p_Hwi_Instance_init__F)
                  c3746fe0    000000e0                   : BIOS.obj (.text:ti_sysbios_knl_Task_unblockI__E)
                  c37470c0    000000e0     ti.targets.rts6000.ae674 : Error.oe674 (.text:xdc_runtime_Error_print__F)
                  c37471a0    000000e0     dsp_pe674.oe674 (.text:xdc_runtime_LoggerBuf_Object__create__S)
                  c3747280    000000e0     ti.targets.rts6000.ae674 : Memory.oe674 (.text:xdc_runtime_Memory_alloc__F)
                  c3747360    000000e0     dsp_pe674.oe674 (.text:xdc_runtime_knl_GateThread_Object__create__S)
                  c3747440    000000c0     ti.syslink.ipc.rtos.ae674 : ClientNotifyMgr.oe674 (.text:ClientNotifyMgr_sharedMemReq)
                  c3747500    000000c0                               : FrameQBufMgr_ShMem.oe674 (.text:FrameQBufMgr_ShMem_destroy)
                  c37475c0    000000c0                               : FrameQ_ShMem.oe674 (.text:FrameQ_Shmem_updateCacheFlags)
                  c3747680    000000c0     rts6740_elf.lib : trgdrv.obj (.text:HOSTwrite)
                  c3747740    000000c0     ipc.ae674 : Ipc.obj (.text:HeapMemMP_create)
                  c3747800    000000c0               : Ipc.obj (.text:Ipc_stop)
                  c37478c0    000000c0               : Ipc.obj (.text:ListMP_create)
                  c3747980    000000c0               : Ipc.obj (.text:MultiProc_getId)
                  c3747a40    000000c0               : Ipc.obj (.text:NameServer_create)
                  c3747b00    000000c0               : Ipc.obj (.text:SharedRegion_getId)
                  c3747bc0    000000c0     ti.syslink.ipc.rtos.ae674 : SyslinkMemMgr.oe674 (.text:SyslinkMemMgr_delete)
                  c3747c80    000000c0     rts6740_elf.lib : dtor_list.obj (.text:_Z11__TI_atexitPFYvPvES_S_)
                  c3747d40    000000c0                     : dtor_list.obj (.text:__cxa_finalize)
                  c3747e00    000000c0                     : divu.obj (.text:__divu)
                  c3747ec0    000000c0                     : exit.obj (.text:exit)
                  c3747f80    000000c0     ipc.ae674 : Ipc.obj (.text:ti_sdo_ipc_GateMP_attach__F)
                  c3748040    000000c0               : Ipc.obj (.text:ti_sdo_ipc_ListMP_elemClear__I)
                  c3748100    000000c0               : Ipc.obj (.text:ti_sdo_ipc_Notify_execMany__I)
                  c37481c0    000000c0               : Ipc.obj (.text:ti_sdo_ipc_SharedRegion_detach__F)
                  c3748280    000000c0               : Ipc.obj (.text:ti_sdo_ipc_family_da830_InterruptDsp_intRegister__E)
                  c3748340    000000c0               : Ipc.obj (.text:ti_sdo_ipc_gates_GatePeterson_postInit__I)
                  c3748400    000000c0               : Ipc.obj (.text:ti_sdo_ipc_nsremote_NameServerRemoteNotify_attach__E)
                  c37484c0    000000c0               : Ipc.obj (.text:ti_sdo_utils_NameServer_postInit__I)
                  c3748580    000000c0     sysbios.ae674 : BIOS.obj (.text:ti_sysbios_heaps_HeapMem_getStats__E)
                  c3748640    000000c0                   : BIOS.obj (.text:ti_sysbios_knl_Swi_Instance_init__F)
                  c3748700    000000c0                   : BIOS.obj (.text:ti_sysbios_knl_Swi_run__I)
                  c37487c0    000000c0                   : BIOS.obj (.text:ti_sysbios_knl_Task_allBlockedFunction__I)
                  c3748880    000000c0                   : BIOS.obj (.text:ti_sysbios_timers_timer64_Timer_startup__E)
                  c3748940    000000c0     ti.targets.rts6000.ae674 : LoggerBuf.oe674 (.text:xdc_runtime_LoggerBuf_Instance_init__F)
                  c3748a00    000000c0     dsp_pe674.oe674 (.text:xdc_runtime_Registry_findById__E)
                  c3748ac0    000000c0     ti.targets.rts6000.ae674 : System.oe674 (.text:xdc_runtime_System_formatNum__I)
                  c3748b80    000000a0     ti.syslink.ipc.rtos.ae674 : FrameQBufMgr_ShMem.oe674 (.text:FrameQBufMgr_ShMem_getNumFreeFrames)
                  c3748c20    000000a0                               : FrameQBufMgr_ShMem.oe674 (.text:FrameQBufMgr_ShMem_registerNotifier)
                  c3748cc0    000000a0                               : FrameQBufMgr_ShMem.oe674 (.text:FrameQBufMgr_ShMem_translateAddr)
                  c3748d60    000000a0     ipc.ae674 : Ipc.obj (.text:SharedRegion_getPtr)
                  c3748e00    000000a0               : Ipc.obj (.text:SharedRegion_getSRPtr)
                  c3748ea0    000000a0     rts6740_elf.lib : remu.obj (.text:__remu)
                  c3748f40    000000a0     boot.ae674 : boot.oe674 (.text:_c_int00)
                  c3748fe0    000000a0     sysbios.ae674 : c64p_Hwi_asm.obj (.text:_ti_sysbios_family_c64p_Hwi_plug__E)
                  c3749080    000000a0     rts6740_elf.lib : memcpy64.obj (.text:memcpy)
                  c3749120    000000a0     ipc.ae674 : Ipc.obj (.text:ti_sdo_ipc_GateMP_detach__F)
                  c37491c0    000000a0               : Ipc.obj (.text:ti_sdo_ipc_GateMP_getRegion0ReservedSize__F)
                  c3749260    000000a0               : Ipc.obj (.text:ti_sdo_ipc_GateMP_stop__F)
                  c3749300    000000a0               : Ipc.obj (.text:ti_sdo_ipc_gates_GatePeterson_leave__E)
                  c37493a0    000000a0               : Ipc.obj (.text:ti_sdo_ipc_notifyDrivers_NotifyDriverShm_Instance_finalize__F)
                  c3749440    000000a0               : Ipc.obj (.text:ti_sdo_ipc_transports_TransportShmSetup_detach__E)
                  c37494e0    000000a0     sysbios.ae674 : BIOS.obj (.text:ti_sysbios_family_c64p_Hwi_eventMap__E)
                  c3749580    000000a0                   : BIOS.obj (.text:ti_sysbios_family_c64p_Hwi_getStackInfo__E)
                  c3749620    000000a0                   : BIOS.obj (.text:ti_sysbios_gates_GateMutex_enter__E)
                  c37496c0    000000a0                   : BIOS.obj (.text:ti_sysbios_heaps_HeapMem_init__I)
                  c3749760    000000a0                   : BIOS.obj (.text:ti_sysbios_knl_Idle_run__E)
                  c3749800    000000a0                   : BIOS.obj (.text:ti_sysbios_knl_Semaphore_pendTimeout__I)
                  c37498a0    000000a0                   : BIOS.obj (.text:ti_sysbios_knl_Swi_restore__E)
                  c3749940    000000a0                   : BIOS.obj (.text:ti_sysbios_timers_timer64_Timer_stop__E)
                  c37499e0    000000a0     ti.targets.rts6000.ae674 : Assert.oe674 (.text:xdc_runtime_Assert_raise__I)
                  c3749a80    000000a0                              : LoggerBuf.oe674 (.text:xdc_runtime_LoggerBuf_Module_startup__F)
                  c3749b20    000000a0                              : SysMin.oe674 (.text:xdc_runtime_SysMin_abort__F)
                  c3749bc0    000000a0                              : SysMin.oe674 (.text:xdc_runtime_SysMin_flush__F)
                  c3749c60    000000a0                              : SysMin.oe674 (.text:xdc_runtime_SysMin_putch__F)
                  c3749d00    000000a0                              : Text.oe674 (.text:xdc_runtime_Text_xprintf__I)
                  c3749da0    00000080     ti.syslink.ipc.rtos.ae674 : FrameQBufMgr_ShMem.oe674 (.text:FrameQBufMgr_ShMem_invalidateHeaderBuf)
                  c3749e20    00000080                               : FrameQBufMgr.oe674 (.text:FrameQBufMgr_freeInstNo)
                  c3749ea0    00000080                               : FrameQ_ShMem.oe674 (.text:FrameQ_ShMem_destroy)
                  c3749f20    00000080     ipc.ae674 : Ipc.obj (.text:GateMP_close)
                  c3749fa0    00000080               : Ipc.obj (.text:GateMP_create)
                  c374a020    00000080               : Ipc.obj (.text:HeapMemMP_restore)
                  c374a0a0    00000080               : Ipc.obj (.text:SharedRegion_getEntry)
                  c374a120    00000080     ti.syslink.ipc.rtos.ae674 : SharedMemoryMgr.oe674 (.text:SyslinkMemMgr_SharedMemory_delete)
                  c374a1a0    00000080                               : TilerMemoryMgr.oe674 (.text:SyslinkMemMgr_TilerMemory_delete)
                  c374a220    00000080     rts6740_elf.lib : llshift.obj (.text:__c6xabi_llshl)
                  c374a2a0    00000080     sysbios.ae674 : c62_TaskSupport_asm.obj (.text:_ti_sysbios_family_c62_TaskSupport_swap__E)
                  c374a320    00000080     main_dsp.oe674 (.text)
                  c374a3a0    00000080     dsp_pe674.oe674 (.text:malloc)
                  c374a420    00000080     rts6740_elf.lib : trgmsg.obj (.text:readmsg)
                  c374a4a0    00000080                     : strncpy.obj (.text:strncpy)
                  c374a520    00000080     ipc.ae674 : Ipc.obj (.text:ti_sdo_ipc_Notify_Module_startup__F)
                  c374a5a0    00000080               : Ipc.obj (.text:ti_sdo_ipc_family_da830_NotifySetup_sharedMemReq__E)
                  c374a620    00000080     dsp_pe674.oe674 (.text:ti_sdo_ipc_gates_GateMPSupportNull_Object__create__S)
                  c374a6a0    00000080     ipc.ae674 : Ipc.obj (.text:ti_sdo_ipc_notifyDrivers_NotifyDriverShm_sharedMemReq__F)
                  c374a720    00000080               : Ipc.obj (.text:ti_sdo_ipc_nsremote_NameServerRemoteNotify_detach__E)
                  c374a7a0    00000080               : Ipc.obj (.text:ti_sdo_ipc_transports_TransportShm_swiFxn__I)
                  c374a820    00000080     dsp_pe674.oe674 (.text:ti_sdo_utils_List_Object__create__S)
                  c374a8a0    00000080     sysbios.ae674 : BIOS.obj (.text:ti_sysbios_BIOS_errorRaiseHook__I)
                  c374a920    00000080     dsp_pe674.oe674 (.text:ti_sysbios_BIOS_exitFunc__I)
                  c374a9a0    00000080     dsp_pe674.oe674 (.text:ti_sysbios_gates_GateAll_Object__create__S)
                  c374aa20    00000080     dsp_pe674.oe674 (.text:ti_sysbios_gates_GateHwi_Object__create__S)
                  c374aaa0    00000080     dsp_pe674.oe674 (.text:ti_sysbios_gates_GateMutexPri_Object__create__S)
                  c374ab20    00000080     dsp_pe674.oe674 (.text:ti_sysbios_gates_GateMutex_Object__create__S)
                  c374aba0    00000080     dsp_pe674.oe674 (.text:ti_sysbios_gates_GateSwi_Object__create__S)
                  c374ac20    00000080     sysbios.ae674 : BIOS.obj (.text:ti_sysbios_hal_Hwi_checkStack:ti_sysbios_hal_Hwi_checkStack)
                  c374aca0    00000080                   : BIOS.obj (.text:ti_sysbios_hal_Hwi_initStack:ti_sysbios_hal_Hwi_initStack)
                  c374ad20    00000080                   : BIOS.obj (.text:ti_sysbios_heaps_HeapMem_Instance_init__F)
                  c374ada0    00000080     dsp_pe674.oe674 (.text:ti_sysbios_heaps_HeapMem_Object__create__S)
                  c374ae20    00000080     sysbios.ae674 : BIOS.obj (.text:ti_sysbios_knl_Clock_Module_startup__F)
                  c374aea0    00000080     dsp_pe674.oe674 (.text:ti_sysbios_knl_Clock_doTick__I)
                  c374af20    00000080     sysbios.ae674 : BIOS.obj (.text:ti_sysbios_knl_Clock_getTicks__E)
                  c374afa0    00000080     dsp_pe674.oe674 (.text:ti_sysbios_knl_Queue_Object__create__S)
                  c374b020    00000080     dsp_pe674.oe674 (.text:ti_sysbios_knl_Semaphore_Object__create__S)
                  c374b0a0    00000080     sysbios.ae674 : BIOS.obj (.text:ti_sysbios_knl_Swi_post__E)
                  c374b120    00000080                   : BIOS.obj (.text:ti_sysbios_knl_Task_processVitalTaskFlag__I)
                  c374b1a0    00000080                   : BIOS.obj (.text:ti_sysbios_knl_Task_restoreHwi__E)
                  c374b220    00000080                   : BIOS.obj (.text:ti_sysbios_knl_Task_restore__E)
                  c374b2a0    00000080                   : BIOS.obj (.text:ti_sysbios_knl_Task_yield__E)
                  c374b320    00000080                   : BIOS.obj (.text:ti_sysbios_timers_timer64_Timer_getExpiredCounts__E)
                  c374b3a0    00000080                   : BIOS.obj (.text:ti_sysbios_timers_timer64_Timer_getPeriod__E)
                  c374b420    00000080     dsp_pe674.oe674 (.text:ti_sysbios_xdcruntime_GateThreadSupport_Object__create__S)
                  c374b4a0    00000080     ti.targets.rts6000.ae674 : Core-label.oe674 (.text:xdc_runtime_Core_assignLabel__I)
                  c374b520    00000080                              : Core-params.oe674 (.text:xdc_runtime_Core_assignParams__I)
                  c374b5a0    00000080                              : LoggerBuf.oe674 (.text:xdc_runtime_LoggerBuf_filterOutEvent__I)
                  c374b620    00000080                              : System.oe674 (.text:xdc_runtime_System_atexit__F)
                  c374b6a0    00000080                              : System.oe674 (.text:xdc_runtime_System_putchar__I)
                  c374b720    00000080                              : System.oe674 (.text:xdc_runtime_System_rtsExit__I)
                  c374b7a0    00000080                              : Text.oe674 (.text:xdc_runtime_Text_printVisFxn__I)
                  c374b820    00000060     ti.syslink.ipc.rtos.ae674 : ClientNotifyMgr.oe674 (.text:ClientNotifyMgr_Params_init)
                  c374b880    00000060                               : ClientNotifyMgr.oe674 (.text:ClientNotifyMgr_callBack)
                  c374b8e0    00000060                               : ClientNotifyMgr.oe674 (.text:ClientNotifyMgr_getConfig)
                  c374b940    00000060                               : ClientNotifyMgr.oe674 (.text:ClientNotifyMgr_setNameServer)
                  c374b9a0    00000060                               : FrameQBufMgr.oe674 (.text:FrameQBufMgr_Params_init)
                  c374ba00    00000060                               : FrameQBufMgr_ShMem.oe674 (.text:FrameQBufMgr_ShMem_getConfig)
                  c374ba60    00000060                               : FrameQBufMgr_ShMem.oe674 (.text:FrameQBufMgr_ShMem_invalidateFrameBuf)
                  c374bac0    00000060                               : FrameQBufMgr_ShMem.oe674 (.text:FrameQBufMgr_ShMem_unregisterNotifier)
                  c374bb20    00000060                               : FrameQBufMgr_ShMem.oe674 (.text:FrameQBufMgr_ShMem_writeBackFrameBuf)
                  c374bb80    00000060                               : FrameQBufMgr_ShMem.oe674 (.text:FrameQBufMgr_ShMem_writeBackHeaderBuf)
                  c374bbe0    00000060                               : FrameQBufMgr.oe674 (.text:FrameQBufMgr_getConfig)
                  c374bc40    00000060                               : FrameQ_ShMem.oe674 (.text:FrameQ_ShMem_alloc)
                  c374bca0    00000060                               : FrameQ_ShMem.oe674 (.text:FrameQ_ShMem_allocv)
                  c374bd00    00000060                               : FrameQ_ShMem.oe674 (.text:FrameQ_ShMem_freev)
                  c374bd60    00000060                               : FrameQ_ShMem.oe674 (.text:FrameQ_ShMem_getConfig)
                  c374bdc0    00000060     ipc.ae674 : Ipc.obj (.text:GateMP_Params_init)
                  c374be20    00000060               : Ipc.obj (.text:HeapMemMP_Params_init)
                  c374be80    00000060               : Ipc.obj (.text:Ipc_isAttached)
                  c374bee0    00000060               : Ipc.obj (.text:Notify_numIntLines)
                  c374bf40    00000060               : Ipc.obj (.text:Notify_sharedMemReq)
                  c374bfa0    00000060               : Ipc.obj (.text:SharedRegion_getCacheLineSize)
                  c374c000    00000060               : Ipc.obj (.text:SharedRegion_getHeap)
                  c374c060    00000060               : Ipc.obj (.text:SharedRegion_isCacheEnabled)
                  c374c0c0    00000060     ti.syslink.ipc.rtos.ae674 : SharedMemoryMgr.oe674 (.text:SyslinkMemMgr_SharedMemory_alloc)
                  c374c120    00000060                               : SharedMemoryMgr.oe674 (.text:SyslinkMemMgr_SharedMemory_create)
                  c374c180    00000060                               : SharedMemoryMgr.oe674 (.text:SyslinkMemMgr_SharedMemory_free)
                  c374c1e0    00000060                               : TilerMemoryMgr.oe674 (.text:SyslinkMemMgr_TilerMemory_create)
                  c374c240    00000060                               : SyslinkMemMgr.oe674 (.text:SyslinkMemMgr_alloc)
                  c374c2a0    00000060                               : SyslinkMemMgr.oe674 (.text:SyslinkMemMgr_free)
                  c374c300    00000060     rts6740_elf.lib : imath64.obj (.text:_subcull)
                  c374c360    00000060     dsp_pe674.oe674 (.text:calloc)
                  c374c3c0    00000060     dsp_pe674.oe674 (.text:ti_sdo_ipc_GateMP_Object__delete__S)
                  c374c420    00000060     ipc.ae674 : Ipc.obj (.text:ti_sdo_ipc_GateMP_createLocal__F)
                  c374c480    00000060               : Ipc.obj (.text:ti_sdo_ipc_Ipc_getRegion0ReservedSize__I)
                  c374c4e0    00000060     dsp_pe674.oe674 (.text:ti_sdo_ipc_ListMP_Object__delete__S)
                  c374c540    00000060     dsp_pe674.oe674 (.text:ti_sdo_ipc_Notify_Object__delete__S)
                  c374c5a0    00000060     ipc.ae674 : Ipc.obj (.text:ti_sdo_ipc_gates_GatePeterson_Instance_finalize__F)
                  c374c600    00000060     dsp_pe674.oe674 (.text:ti_sdo_ipc_gates_GatePeterson_Object__delete__S)
                  c374c660    00000060     dsp_pe674.oe674 (.text:ti_sdo_ipc_heaps_HeapMemMP_Object__delete__S)
                  c374c6c0    00000060     dsp_pe674.oe674 (.text:ti_sdo_ipc_notifyDrivers_NotifyDriverShm_Object__delete__S)
                  c374c720    00000060     ipc.ae674 : Ipc.obj (.text:ti_sdo_ipc_notifyDrivers_NotifyDriverShm_enableEvent__E)
                  c374c780    00000060               : Ipc.obj (.text:ti_sdo_ipc_notifyDrivers_NotifyDriverShm_setNotifyHandle__E)
                  c374c7e0    00000060     dsp_pe674.oe674 (.text:ti_sdo_ipc_nsremote_NameServerRemoteNotify_Object__delete__S)
                  c374c840    00000060     ipc.ae674 : Ipc.obj (.text:ti_sdo_ipc_transports_TransportShmSetup_sharedMemReq__E)
                  c374c8a0    00000060     dsp_pe674.oe674 (.text:ti_sdo_ipc_transports_TransportShm_Object__delete__S)
                  c374c900    00000060     dsp_pe674.oe674 (.text:ti_sdo_utils_NameServer_Object__delete__S)
                  c374c960    00000060     sysbios.ae674 : BIOS.obj (.text:ti_sysbios_BIOS_registerRTSLock__I)
                  c374c9c0    00000060                   : BIOS.obj (.text:ti_sysbios_BIOS_removeRTSLock__I)
                  c374ca20    00000060                   : BIOS.obj (.text:ti_sysbios_BIOS_rtsLock__I)
                  c374ca80    00000060                   : BIOS.obj (.text:ti_sysbios_family_c62_TaskSupport_start__E)
                  c374cae0    00000060                   : BIOS.obj (.text:ti_sysbios_family_c64p_Cache_all__I)
                  c374cb40    00000060                   : BIOS.obj (.text:ti_sysbios_family_c64p_Cache_marInit__I)
                  c374cba0    00000060                   : BIOS.obj (.text:ti_sysbios_family_c64p_Cache_setMar__E)
                  c374cc00    00000060                   : BIOS.obj (.text:ti_sysbios_family_c64p_Cache_setSize__E)
                  c374cc60    00000060                   : BIOS.obj (.text:ti_sysbios_family_c64p_Cache_wait__E)
                  c374ccc0    00000060     dsp_pe674.oe674 (.text:ti_sysbios_family_c64p_Hwi_Object__delete__S)
                  c374cd20    00000060     sysbios.ae674 : BIOS.obj (.text:ti_sysbios_gates_GateAll_enter__E)
                  c374cd80    00000060                   : BIOS.obj (.text:ti_sysbios_gates_GateAll_leave__E)
                  c374cde0    00000060     dsp_pe674.oe674 (.text:ti_sysbios_gates_GateMutexPri_Object__delete__S)
                  c374ce40    00000060     sysbios.ae674 : BIOS.obj (.text:ti_sysbios_gates_GateMutex_Instance_init__F)
                  c374cea0    00000060     dsp_pe674.oe674 (.text:ti_sysbios_gates_GateMutex_Object__delete__S)
                  c374cf00    00000060     sysbios.ae674 : BIOS.obj (.text:ti_sysbios_knl_Clock_setupTimerToSkipTicks__E)
                  c374cf60    00000060                   : BIOS.obj (.text:ti_sysbios_knl_Semaphore_Instance_init__F)
                  c374cfc0    00000060     dsp_pe674.oe674 (.text:ti_sysbios_knl_Semaphore_Object__delete__S)
                  c374d020    00000060     sysbios.ae674 : BIOS.obj (.text:ti_sysbios_knl_Swi_Module_startup__F)
                  c374d080    00000060     dsp_pe674.oe674 (.text:ti_sysbios_knl_Swi_Object__delete__S)
                  c374d0e0    00000060     dsp_pe674.oe674 (.text:ti_sysbios_knl_Task_Object__delete__S)
                  c374d140    00000060     sysbios.ae674 : BIOS.obj (.text:ti_sysbios_knl_Task_enter__I)
                  c374d1a0    00000060                   : BIOS.obj (.text:ti_sysbios_knl_Task_sleepTimeout__I)
                  c374d200    00000060     dsp_pe674.oe674 (.text:ti_sysbios_xdcruntime_GateThreadSupport_Object__delete__S)
                  c374d260    00000060     ti.syslink.ipc.rtos.ae674 : Syslink.oe674 (.text:ti_syslink_ipc_rtos_Syslink_attach)
                  c374d2c0    00000060     rts6740_elf.lib : trgmsg.obj (.text:writemsg)
                  c374d320    00000060     dsp_pe674.oe674 (.text:xdc_runtime_GateNull_Object__create__S)
                  c374d380    00000060     dsp_pe674.oe674 (.text:xdc_runtime_LoggerBuf_Object__delete__S)
                  c374d3e0    00000060     ti.targets.rts6000.ae674 : Memory.oe674 (.text:xdc_runtime_Memory_calloc__F)
                  c374d440    00000060                              : Memory.oe674 (.text:xdc_runtime_Memory_valloc__F)
                  c374d4a0    00000060                              : SysMin.oe674 (.text:xdc_runtime_SysMin_Module_startup__F)
                  c374d500    00000060                              : SysMin.oe674 (.text:xdc_runtime_SysMin_exit__F)
                  c374d560    00000060     dsp_pe674.oe674 (.text:xdc_runtime_SysMin_output__I)
                  c374d5c0    00000060     ti.targets.rts6000.ae674 : System.oe674 (.text:xdc_runtime_System_aprintf_va__F)
                  c374d620    00000060                              : System.oe674 (.text:xdc_runtime_System_printf_va__F)
                  c374d680    00000060                              : Text.oe674 (.text:xdc_runtime_Text_cordText__F)
                  c374d6e0    00000060     dsp_pe674.oe674 (.text:xdc_runtime_knl_GateThread_Object__delete__S)
                  c374d740    00000040     ti.syslink.ipc.rtos.ae674 : FrameQ_ShMem.oe674 (.text:FrameQ_ShMem_dup)
                  c374d780    00000040                               : FrameQ_ShMem.oe674 (.text:FrameQ_ShMem_free)
                  c374d7c0    00000040                               : FrameQ_ShMem.oe674 (.text:FrameQ_ShMem_getNumFreeFrames)
                  c374d800    00000040                               : FrameQ_ShMem.oe674 (.text:FrameQ_ShMem_getvNumFreeFrames)
                  c374d840    00000040                               : FrameQ_ShMem.oe674 (.text:FrameQ_ShMem_sendNotify)
                  c374d880    00000040                               : FrameQ.oe674 (.text:FrameQ_getConfig)
                  c374d8c0    00000040     ipc.ae674 : Ipc.obj (.text:Notify_intLineRegistered)
                  c374d900    00000040     ti.syslink.ipc.rtos.ae674 : RingIOShm.oe674 (.text:RingIOShm_destroy)
                  c374d940    00000040                               : SharedMemoryMgr.oe674 (.text:SyslinkMemMgr_SharedMemory_Params_init)
                  c374d980    00000040                               : TilerMemoryMgr.oe674 (.text:SyslinkMemMgr_TilerMemory_Params_init)
                  c374d9c0    00000040     rts6740_elf.lib : llshift.obj (.text:__c6xabi_llshru)
                  c374da00    00000040                     : strasg.obj (.text:__strasgi_64plus)
                  c374da40    00000040                     : args_main.obj (.text:_args_main)
                  c374da80    00000040     sysbios.ae674 : c62_TaskSupport_asm.obj (.text:_ti_sysbios_family_c62_TaskSupport_buildTaskStack)
                  c374dac0    00000040                   : c64p_Hwi_asm_switch.obj (.text:_ti_sysbios_family_xxx_Hwi_switchToIsrStack)
                  c374db00    00000040     dsp_pe674.oe674 (.text:free)
                  c374db40    00000040     ti.syslink.ipc.rtos.ae674 : FrameQBufMgr_ShMem.oe674 (.text:strcpy)
                  c374db80    00000040     ipc.ae674 : Ipc.obj (.text:ti_sdo_ipc_MessageQ_registerTransport__F)
                  c374dbc0    00000040               : Ipc.obj (.text:ti_sdo_ipc_MessageQ_unregisterTransport__F)
                  c374dc00    00000040               : Ipc.obj (.text:ti_sdo_ipc_Notify_exec__F)
                  c374dc40    00000040               : Ipc.obj (.text:ti_sdo_ipc_SharedRegion_resetInternalFields__F)
                  c374dc80    00000040               : Ipc.obj (.text:ti_sdo_ipc_family_da830_InterruptDsp_intClear__E)
                  c374dcc0    00000040               : Ipc.obj (.text:ti_sdo_ipc_family_da830_InterruptDsp_intSend__E)
                  c374dd00    00000040     dsp_pe674.oe674 (.text:ti_sdo_ipc_gates_GateMPSupportNull_Handle__label__S)
                  c374dd40    00000040     dsp_pe674.oe674 (.text:ti_sdo_ipc_gates_GateMPSupportNull_Object__delete__S)
                  c374dd80    00000040     dsp_pe674.oe674 (.text:ti_sdo_ipc_gates_GatePeterson_Handle__label__S)
                  c374ddc0    00000040     dsp_pe674.oe674 (.text:ti_sdo_ipc_heaps_HeapMemMP_Handle__label__S)
                  c374de00    00000040     dsp_pe674.oe674 (.text:ti_sdo_ipc_notifyDrivers_NotifyDriverShm_Handle__label__S)
                  c374de40    00000040     dsp_pe674.oe674 (.text:ti_sdo_ipc_nsremote_NameServerRemoteNotify_Handle__label__S)
                  c374de80    00000040     ipc.ae674 : Ipc.obj (.text:ti_sdo_ipc_nsremote_NameServerRemoteNotify_sharedMemReq__E)
                  c374dec0    00000040     dsp_pe674.oe674 (.text:ti_sdo_ipc_transports_TransportShm_Handle__label__S)
                  c374df00    00000040     dsp_pe674.oe674 (.text:ti_sdo_utils_List_Object__delete__S)
                  c374df40    00000040     ipc.ae674 : Ipc.obj (.text:ti_sdo_utils_List_get__E)
                  c374df80    00000040               : Ipc.obj (.text:ti_sdo_utils_List_putHead__E)
                  c374dfc0    00000040               : Ipc.obj (.text:ti_sdo_utils_List_put__E)
                  c374e000    00000040     dsp_pe674.oe674 (.text:ti_sdo_utils_NameServer_Module__startupDone__F)
                  c374e040    00000040     dsp_pe674.oe674 (.text:ti_sdo_utils_NameServer_Object__get__S)
                  c374e080    00000040     ipc.ae674 : Ipc.obj (.text:ti_sdo_utils_NameServer_registerRemoteDriver__E)
                  c374e0c0    00000040               : Ipc.obj (.text:ti_sdo_utils_NameServer_unregisterRemoteDriver__E)
                  c374e100    00000040     sysbios.ae674 : BIOS.obj (.text:ti_sysbios_BIOS_rtsUnlock__I)
                  c374e140    00000040     dsp_pe674.oe674 (.text:ti_sysbios_BIOS_startFunc__I)
                  c374e180    00000040     dsp_pe674.oe674 (.text:ti_sysbios_family_c64p_Hwi_Module__startupDone__F)
                  c374e1c0    00000040     sysbios.ae674 : BIOS.obj (.text:ti_sysbios_family_c64p_Hwi_disableInterrupt__E)
                  c374e200    00000040                   : BIOS.obj (.text:ti_sysbios_family_c64p_Hwi_enableInterrupt__E)
                  c374e240    00000040                   : BIOS.obj (.text:ti_sysbios_family_c64p_primus_TimerSupport_enable__E)
                  c374e280    00000040     dsp_pe674.oe674 (.text:ti_sysbios_gates_GateAll_Handle__label__S)
                  c374e2c0    00000040     dsp_pe674.oe674 (.text:ti_sysbios_gates_GateAll_Object__delete__S)
                  c374e300    00000040     dsp_pe674.oe674 (.text:ti_sysbios_gates_GateHwi_Handle__label__S)
                  c374e340    00000040     dsp_pe674.oe674 (.text:ti_sysbios_gates_GateHwi_Object__delete__S)
                  c374e380    00000040     dsp_pe674.oe674 (.text:ti_sysbios_gates_GateMutexPri_Handle__label__S)
                  c374e3c0    00000040     sysbios.ae674 : BIOS.obj (.text:ti_sysbios_gates_GateMutexPri_Instance_init__F)
                  c374e400    00000040     dsp_pe674.oe674 (.text:ti_sysbios_gates_GateMutexPri_Object__destruct__S)
                  c374e440    00000040     dsp_pe674.oe674 (.text:ti_sysbios_gates_GateMutex_Handle__label__S)
                  c374e480    00000040     sysbios.ae674 : BIOS.obj (.text:ti_sysbios_gates_GateMutex_leave__E)
                  c374e4c0    00000040     dsp_pe674.oe674 (.text:ti_sysbios_gates_GateSwi_Handle__label__S)
                  c374e500    00000040     dsp_pe674.oe674 (.text:ti_sysbios_gates_GateSwi_Object__delete__S)
                  c374e540    00000040     dsp_pe674.oe674 (.text:ti_sysbios_hal_Timer_Module__startupDone__F)
                  c374e580    00000040     dsp_pe674.oe674 (.text:ti_sysbios_heaps_HeapMem_Handle__label__S)
                  c374e5c0    00000040     dsp_pe674.oe674 (.text:ti_sysbios_heaps_HeapMem_Object__delete__S)
                  c374e600    00000040     dsp_pe674.oe674 (.text:ti_sysbios_heaps_HeapMem_Object__get__S)
                  c374e640    00000040     sysbios.ae674 : BIOS.obj (.text:ti_sysbios_knl_Queue_put__E)
                  c374e680    00000040     dsp_pe674.oe674 (.text:ti_sysbios_knl_Semaphore_Object__destruct__S)
                  c374e6c0    00000040     dsp_pe674.oe674 (.text:ti_sysbios_knl_Swi_Object__destruct__S)
                  c374e700    00000040     dsp_pe674.oe674 (.text:ti_sysbios_knl_Swi_Object__get__S)
                  c374e740    00000040     dsp_pe674.oe674 (.text:ti_sysbios_knl_Task_Object__get__S)
                  c374e780    00000040     dsp_pe674.oe674 (.text:ti_sysbios_timers_timer64_Timer_Module__startupDone__F)
                  c374e7c0    00000040     sysbios.ae674 : BIOS.obj (.text:ti_sysbios_xdcruntime_GateThreadSupport_Instance_init__F)
                  c374e800    00000040     ti.syslink.ipc.rtos.ae674 : Syslink.oe674 (.text:ti_syslink_ipc_rtos_Syslink_detach)
                  c374e840    00000040     ti.targets.rts6000.ae674 : Error.oe674 (.text:xdc_runtime_Error_check__F)
                  c374e880    00000040                              : Error.oe674 (.text:xdc_runtime_Error_init__F)
                  c374e8c0    00000040     dsp_pe674.oe674 (.text:xdc_runtime_GateNull_Handle__label__S)
                  c374e900    00000040     dsp_pe674.oe674 (.text:xdc_runtime_GateNull_Object__delete__S)
                  c374e940    00000040     dsp_pe674.oe674 (.text:xdc_runtime_LoggerBuf_Handle__label__S)
                  c374e980    00000040     ti.targets.rts6000.ae674 : LoggerBuf.oe674 (.text:xdc_runtime_LoggerBuf_Instance_finalize__F)
                  c374e9c0    00000040     dsp_pe674.oe674 (.text:xdc_runtime_LoggerBuf_Object__get__S)
                  c374ea00    00000040     ti.targets.rts6000.ae674 : LoggerBuf.oe674 (.text:xdc_runtime_LoggerBuf_write0__F)
                  c374ea40    00000040     dsp_pe674.oe674 (.text:xdc_runtime_LoggerBuf_write8__E)
                  c374ea80    00000040     ti.targets.rts6000.ae674 : Memory.oe674 (.text:xdc_runtime_Memory_free__F)
                  c374eac0    00000040                              : Registry.oe674 (.text:xdc_runtime_Registry_findById__F)
                  c374eb00    00000040                              : System.oe674 (.text:xdc_runtime_System_abort__F)
                  c374eb40    00000040     dsp_pe674.oe674 (.text:xdc_runtime_System_aprintf__E)
                  c374eb80    00000040     dsp_pe674.oe674 (.text:xdc_runtime_System_printf__E)
                  c374ebc0    00000040     ti.targets.rts6000.ae674 : Text.oe674 (.text:xdc_runtime_Text_ropeText__F)
                  c374ec00    00000040     dsp_pe674.oe674 (.text:xdc_runtime_knl_GateThread_Handle__label__S)
                  c374ec40    00000040     ti.targets.rts6000.ae674 : GateThread.oe674 (.text:xdc_runtime_knl_GateThread_Instance_finalize__F)
                  c374ec80    00000040                              : GateThread.oe674 (.text:xdc_runtime_knl_GateThread_Instance_init__F)
                  c374ecc0    00000020     ti.syslink.ipc.rtos.ae674 : ClientNotifyMgr.oe674 (.text:ClientNotifyMgr_close)
                  c374ece0    00000020                               : ClientNotifyMgr.oe674 (.text:ClientNotifyMgr_create)
                  c374ed00    00000020                               : ClientNotifyMgr.oe674 (.text:ClientNotifyMgr_deleteNameServer)
                  c374ed20    00000020                               : FrameQBufMgr_ShMem.oe674 (.text:FrameQBufMgr_ShMem_add)
                  c374ed40    00000020                               : FrameQBufMgr_ShMem.oe674 (.text:FrameQBufMgr_ShMem_close)
                  c374ed60    00000020                               : FrameQBufMgr_ShMem.oe674 (.text:FrameQBufMgr_ShMem_control)
                  c374ed80    00000020                               : FrameQBufMgr_ShMem.oe674 (.text:FrameQBufMgr_ShMem_getId)
                  c374eda0    00000020                               : FrameQBufMgr_ShMem.oe674 (.text:FrameQBufMgr_ShMem_isCacheEnabledForFrameBuf)
                  c374edc0    00000020                               : FrameQBufMgr_ShMem.oe674 (.text:FrameQBufMgr_ShMem_isCacheEnabledForHeaderBuf)
                  c374ede0    00000020                               : FrameQBufMgr_ShMem.oe674 (.text:FrameQBufMgr_ShMem_remove)
                  c374ee00    00000020                               : FrameQBufMgr.oe674 (.text:FrameQBufMgr_alloc)
                  c374ee20    00000020                               : FrameQBufMgr.oe674 (.text:FrameQBufMgr_allocv)
                  c374ee40    00000020                               : FrameQBufMgr.oe674 (.text:FrameQBufMgr_close)
                  c374ee60    00000020                               : FrameQBufMgr.oe674 (.text:FrameQBufMgr_dup)
                  c374ee80    00000020                               : FrameQBufMgr.oe674 (.text:FrameQBufMgr_dupv)
                  c374eea0    00000020                               : FrameQBufMgr.oe674 (.text:FrameQBufMgr_free)
                  c374eec0    00000020                               : FrameQBufMgr.oe674 (.text:FrameQBufMgr_freev)
                  c374eee0    00000020                               : FrameQBufMgr.oe674 (.text:FrameQBufMgr_getBaseHeaderSize)
                  c374ef00    00000020                               : FrameQBufMgr.oe674 (.text:FrameQBufMgr_getId)
                  c374ef20    00000020                               : FrameQBufMgr.oe674 (.text:FrameQBufMgr_getNumFreeFrames)
                  c374ef40    00000020                               : FrameQBufMgr.oe674 (.text:FrameQBufMgr_getvNumFreeFrames)
                  c374ef60    00000020                               : FrameQBufMgr.oe674 (.text:FrameQBufMgr_invalidateFrameBuf)
                  c374ef80    00000020                               : FrameQBufMgr.oe674 (.text:FrameQBufMgr_invalidateHeaderBuf)
                  c374efa0    00000020                               : FrameQBufMgr.oe674 (.text:FrameQBufMgr_isCacheEnabledForFrameBuf)
                  c374efc0    00000020                               : FrameQBufMgr.oe674 (.text:FrameQBufMgr_isCacheEnabledForHeaderBuf)
                  c374efe0    00000020                               : FrameQBufMgr.oe674 (.text:FrameQBufMgr_registerNotifier)
                  c374f000    00000020                               : FrameQBufMgr.oe674 (.text:FrameQBufMgr_translateAddr)
                  c374f020    00000020                               : FrameQBufMgr.oe674 (.text:FrameQBufMgr_unregisterNotifier)
                  c374f040    00000020                               : FrameQBufMgr.oe674 (.text:FrameQBufMgr_writeBackFrameBuf)
                  c374f060    00000020                               : FrameQBufMgr.oe674 (.text:FrameQBufMgr_writeBackHeaderBuf)
                  c374f080    00000020                               : FrameQ_ShMem.oe674 (.text:FrameQ_ShMem_Params_init)
                  c374f0a0    00000020                               : FrameQ_ShMem.oe674 (.text:FrameQ_ShMem_close)
                  c374f0c0    00000020                               : FrameQ_ShMem.oe674 (.text:FrameQ_ShMem_control)
                  c374f0e0    00000020     ipc.ae674 : Ipc.obj (.text:GateMP_delete)
                  c374f100    00000020               : Ipc.obj (.text:GateMP_enter)
                  c374f120    00000020               : Ipc.obj (.text:GateMP_getDefaultRemote)
                  c374f140    00000020               : Ipc.obj (.text:GateMP_getLocalProtect)
                  c374f160    00000020               : Ipc.obj (.text:GateMP_leave)
                  c374f180    00000020               : Ipc.obj (.text:ListMP_Params_init)
                  c374f1a0    00000020               : Ipc.obj (.text:ListMP_close)
                  c374f1c0    00000020               : Ipc.obj (.text:ListMP_delete)
                  c374f1e0    00000020               : Ipc.obj (.text:MultiProc_getNumProcessors)
                  c374f200    00000020               : Ipc.obj (.text:MultiProc_self)
                  c374f220    00000020               : Ipc.obj (.text:NameServer_Params_init)
                  c374f240    00000020               : Ipc.obj (.text:NameServer_addUInt32)
                  c374f260    00000020               : Ipc.obj (.text:NameServer_delete)
                  c374f280    00000020               : Ipc.obj (.text:NameServer_getUInt32)
                  c374f2a0    00000020               : Ipc.obj (.text:NameServer_removeEntry)
                  c374f2c0    00000020     ti.syslink.ipc.rtos.ae674 : RingIOShm.oe674 (.text:RingIOShm_getConfig)
                  c374f2e0    00000020                               : RingIO.oe674 (.text:RingIO_Params_init)
                  c374f300    00000020                               : RingIO.oe674 (.text:RingIO_getConfig)
                  c374f320    00000020     ipc.ae674 : Ipc.obj (.text:SharedRegion_invalidSRPtr)
                  c374f340    00000020     ti.syslink.ipc.rtos.ae674 : _Syslink.oe674 (.text:SysLink_destroy)
                  c374f360    00000020                               : TilerMemoryMgr.oe674 (.text:SyslinkMemMgr_TilerMemory_alloc)
                  c374f380    00000020                               : TilerMemoryMgr.oe674 (.text:SyslinkMemMgr_TilerMemory_free)
                  c374f3a0    00000020                               : TilerMemoryMgr.oe674 (.text:SyslinkMemMgr_TilerMemory_translate)
                  c374f3c0    00000020                               : SyslinkMemMgr.oe674 (.text:SyslinkMemMgr_translate)
                  c374f3e0    00000020     utils.lib : uartStdio.obj (.text:UARTGetc)
                  c374f400    00000020               : uartStdio.obj (.text:UARTPutc)
                  c374f420    00000020               : uartStdio.obj (.text:UARTStdioInit)
                  c374f440    00000020     ti.syslink.ipc.rtos.ae674 : FrameQBufMgr_ShMem.oe674 (.text:_FrameQBufMgr_ShMem_getCliNotifyMgrGateShAddr)
                  c374f460    00000020                               : FrameQBufMgr_ShMem.oe674 (.text:_FrameQBufMgr_ShMem_getCliNotifyMgrShAddr)
                  c374f480    00000020                               : FrameQBufMgr_ShMem.oe674 (.text:_FrameQBufMgr_ShMem_resetNotifyId)
                  c374f4a0    00000020                               : FrameQBufMgr_ShMem.oe674 (.text:_FrameQBufMgr_ShMem_setNotifyId)
                  c374f4c0    00000020                               : FrameQ_ShMem.oe674 (.text:_FrameQ_ShMem_getCliNotifyMgrGate)
                  c374f4e0    00000020                               : FrameQ_ShMem.oe674 (.text:_FrameQ_ShMem_getCliNotifyMgrGateShAddr)
                  c374f500    00000020                               : FrameQ_ShMem.oe674 (.text:_FrameQ_ShMem_getCliNotifyMgrHandle)
                  c374f520    00000020                               : FrameQ_ShMem.oe674 (.text:_FrameQ_ShMem_getCliNotifyMgrShAddr)
                  c374f540    00000020     rts6740_elf.lib : dtor_list.obj (.text:__cxa_atexit)
                  c374f560    00000020                     : dtor_list.obj (.text:__cxa_ia64_exit)
                  c374f580    00000020     ti.targets.rts6000.ae674 : xdc_noinit.oe674 (.text:__xdc__init)
                  c374f5a0    00000020     rts6740_elf.lib : _lock.obj (.text:_nop)
                  c374f5c0    00000020                     : _lock.obj (.text:_register_lock)
                  c374f5e0    00000020                     : _lock.obj (.text:_register_unlock)
                  c374f600    00000020     sysbios.ae674 : c62_TaskSupport_asm.obj (.text:_ti_sysbios_family_c62_TaskSupport_glue)
                  c374f620    00000020                   : c64p_Hwi_asm_switch.obj (.text:_ti_sysbios_family_xxx_Hwi_switchToTaskStack)
                  c374f640    00000020     rts6740_elf.lib : exit.obj (.text:abort)
                  c374f660    00000020                     : dtor_list.obj (.text:atexit)
                  c374f680    00000020     dsp_pe674.oe674 (.text:ti_sdo_ipc_GateMP_Params__init__S)
                  c374f6a0    00000020     dsp_pe674.oe674 (.text:ti_sdo_ipc_GateMP_RemoteCustom1Proxy_Object__create__S)
                  c374f6c0    00000020     dsp_pe674.oe674 (.text:ti_sdo_ipc_GateMP_RemoteCustom1Proxy_Object__delete__S)
                  c374f6e0    00000020     dsp_pe674.oe674 (.text:ti_sdo_ipc_GateMP_RemoteCustom1Proxy_Params__init__S)
                  c374f700    00000020     dsp_pe674.oe674 (.text:ti_sdo_ipc_GateMP_RemoteCustom1Proxy_Proxy__abstract__S)
                  c374f720    00000020     dsp_pe674.oe674 (.text:ti_sdo_ipc_GateMP_RemoteCustom1Proxy_Proxy__delegate__S)
                  c374f740    00000020     dsp_pe674.oe674 (.text:ti_sdo_ipc_GateMP_RemoteCustom1Proxy_getReservedMask__E)
                  c374f760    00000020     dsp_pe674.oe674 (.text:ti_sdo_ipc_GateMP_RemoteCustom1Proxy_sharedMemReq__E)
                  c374f780    00000020     dsp_pe674.oe674 (.text:ti_sdo_ipc_GateMP_RemoteCustom2Proxy_Object__create__S)
                  c374f7a0    00000020     dsp_pe674.oe674 (.text:ti_sdo_ipc_GateMP_RemoteCustom2Proxy_Object__delete__S)
                  c374f7c0    00000020     dsp_pe674.oe674 (.text:ti_sdo_ipc_GateMP_RemoteCustom2Proxy_Params__init__S)
                  c374f7e0    00000020     dsp_pe674.oe674 (.text:ti_sdo_ipc_GateMP_RemoteCustom2Proxy_Proxy__abstract__S)
                  c374f800    00000020     dsp_pe674.oe674 (.text:ti_sdo_ipc_GateMP_RemoteCustom2Proxy_Proxy__delegate__S)
                  c374f820    00000020     dsp_pe674.oe674 (.text:ti_sdo_ipc_GateMP_RemoteCustom2Proxy_getReservedMask__E)
                  c374f840    00000020     dsp_pe674.oe674 (.text:ti_sdo_ipc_GateMP_RemoteCustom2Proxy_sharedMemReq__E)
                  c374f860    00000020     dsp_pe674.oe674 (.text:ti_sdo_ipc_GateMP_RemoteSystemProxy_Object__create__S)
                  c374f880    00000020     dsp_pe674.oe674 (.text:ti_sdo_ipc_GateMP_RemoteSystemProxy_Object__delete__S)
                  c374f8a0    00000020     dsp_pe674.oe674 (.text:ti_sdo_ipc_GateMP_RemoteSystemProxy_Params__init__S)
                  c374f8c0    00000020     dsp_pe674.oe674 (.text:ti_sdo_ipc_GateMP_RemoteSystemProxy_Proxy__abstract__S)
                  c374f8e0    00000020     dsp_pe674.oe674 (.text:ti_sdo_ipc_GateMP_RemoteSystemProxy_Proxy__delegate__S)
                  c374f900    00000020     dsp_pe674.oe674 (.text:ti_sdo_ipc_GateMP_RemoteSystemProxy_getReservedMask__E)
                  c374f920    00000020     dsp_pe674.oe674 (.text:ti_sdo_ipc_GateMP_RemoteSystemProxy_sharedMemReq__E)
                  c374f940    00000020     dsp_pe674.oe674 (.text:ti_sdo_ipc_GateMP_attach__E)
                  c374f960    00000020     dsp_pe674.oe674 (.text:ti_sdo_ipc_GateMP_detach__E)
                  c374f980    00000020     dsp_pe674.oe674 (.text:ti_sdo_ipc_GateMP_getRegion0ReservedSize__E)
                  c374f9a0    00000020     dsp_pe674.oe674 (.text:ti_sdo_ipc_GateMP_getSharedAddr__E)
                  c374f9c0    00000020     ipc.ae674 : Ipc.obj (.text:ti_sdo_ipc_GateMP_getSharedAddr__F)
                  c374f9e0    00000020     dsp_pe674.oe674 (.text:ti_sdo_ipc_GateMP_start__E)
                  c374fa00    00000020     dsp_pe674.oe674 (.text:ti_sdo_ipc_GateMP_stop__E)
                  c374fa20    00000020     dsp_pe674.oe674 (.text:ti_sdo_ipc_ListMP_Params__init__S)
                  c374fa40    00000020     dsp_pe674.oe674 (.text:ti_sdo_ipc_MessageQ_Module_startup__E)
                  c374fa60    00000020     dsp_pe674.oe674 (.text:ti_sdo_ipc_MessageQ_Object__get__S)
                  c374fa80    00000020     dsp_pe674.oe674 (.text:ti_sdo_ipc_MessageQ_SetupTransportProxy_attach__E)
                  c374faa0    00000020     dsp_pe674.oe674 (.text:ti_sdo_ipc_MessageQ_SetupTransportProxy_detach__E)
                  c374fac0    00000020     dsp_pe674.oe674 (.text:ti_sdo_ipc_MessageQ_SetupTransportProxy_isRegistered__E)
                  c374fae0    00000020     dsp_pe674.oe674 (.text:ti_sdo_ipc_MessageQ_SetupTransportProxy_sharedMemReq__E)
                  c374fb00    00000020     dsp_pe674.oe674 (.text:ti_sdo_ipc_MessageQ_registerTransport__E)
                  c374fb20    00000020     dsp_pe674.oe674 (.text:ti_sdo_ipc_MessageQ_unregisterTransport__E)
                  c374fb40    00000020     dsp_pe674.oe674 (.text:ti_sdo_ipc_Notify_Module_GateProxy_enter__E)
                  c374fb60    00000020     dsp_pe674.oe674 (.text:ti_sdo_ipc_Notify_Module_GateProxy_leave__E)
                  c374fb80    00000020     dsp_pe674.oe674 (.text:ti_sdo_ipc_Notify_Module_startup__E)
                  c374fba0    00000020     dsp_pe674.oe674 (.text:ti_sdo_ipc_Notify_SetupProxy_attach__E)
                  c374fbc0    00000020     dsp_pe674.oe674 (.text:ti_sdo_ipc_Notify_SetupProxy_numIntLines__E)
                  c374fbe0    00000020     dsp_pe674.oe674 (.text:ti_sdo_ipc_Notify_SetupProxy_sharedMemReq__E)
                  c374fc00    00000020     dsp_pe674.oe674 (.text:ti_sdo_ipc_Notify_detach__E)
                  c374fc20    00000020     dsp_pe674.oe674 (.text:ti_sdo_ipc_Notify_exec__E)
                  c374fc40    00000020     dsp_pe674.oe674 (.text:ti_sdo_ipc_SharedRegion_attach__E)
                  c374fc60    00000020     dsp_pe674.oe674 (.text:ti_sdo_ipc_SharedRegion_clearReservedMemory__E)
                  c374fc80    00000020     dsp_pe674.oe674 (.text:ti_sdo_ipc_SharedRegion_detach__E)
                  c374fca0    00000020     dsp_pe674.oe674 (.text:ti_sdo_ipc_SharedRegion_reserveMemory__E)
                  c374fcc0    00000020     dsp_pe674.oe674 (.text:ti_sdo_ipc_SharedRegion_resetInternalFields__E)
                  c374fce0    00000020     dsp_pe674.oe674 (.text:ti_sdo_ipc_SharedRegion_start__E)
                  c374fd00    00000020     dsp_pe674.oe674 (.text:ti_sdo_ipc_SharedRegion_stop__E)
                  c374fd20    00000020     ipc.ae674 : Ipc.obj (.text:ti_sdo_ipc_family_da830_InterruptDsp_intDisable__E)
                  c374fd40    00000020               : Ipc.obj (.text:ti_sdo_ipc_family_da830_InterruptDsp_intEnable__E)
                  c374fd60    00000020               : Ipc.obj (.text:ti_sdo_ipc_family_da830_InterruptDsp_intUnregister__E)
                  c374fd80    00000020               : Ipc.obj (.text:ti_sdo_ipc_family_da830_NotifySetup_numIntLines__E)
                  c374fda0    00000020               : Ipc.obj (.text:ti_sdo_ipc_gates_GateMPSupportNull_Instance_init__F)
                  c374fdc0    00000020     dsp_pe674.oe674 (.text:ti_sdo_ipc_gates_GateMPSupportNull_Params__init__S)
                  c374fde0    00000020     ipc.ae674 : Ipc.obj (.text:ti_sdo_ipc_gates_GateMPSupportNull_enter__E)
                  c374fe00    00000020               : Ipc.obj (.text:ti_sdo_ipc_gates_GateMPSupportNull_getReservedMask__E)
                  c374fe20    00000020               : Ipc.obj (.text:ti_sdo_ipc_gates_GateMPSupportNull_leave__E)
                  c374fe40    00000020     dsp_pe674.oe674 (.text:ti_sdo_ipc_gates_GateMPSupportNull_query__E)
                  c374fe60    00000020     ipc.ae674 : Ipc.obj (.text:ti_sdo_ipc_gates_GateMPSupportNull_query__F)
                  c374fe80    00000020               : Ipc.obj (.text:ti_sdo_ipc_gates_GateMPSupportNull_sharedMemReq__E)
                  c374fea0    00000020     dsp_pe674.oe674 (.text:ti_sdo_ipc_gates_GatePeterson_Params__init__S)
                  c374fec0    00000020     ipc.ae674 : Ipc.obj (.text:ti_sdo_ipc_gates_GatePeterson_getReservedMask__E)
                  c374fee0    00000020     dsp_pe674.oe674 (.text:ti_sdo_ipc_gates_GatePeterson_query__E)
                  c374ff00    00000020     ipc.ae674 : Ipc.obj (.text:ti_sdo_ipc_gates_GatePeterson_query__F)
                  c374ff20    00000020     dsp_pe674.oe674 (.text:ti_sdo_ipc_heaps_HeapMemMP_Params__init__S)
                  c374ff40    00000020     dsp_pe674.oe674 (.text:ti_sdo_ipc_heaps_HeapMemMP_isBlocking__E)
                  c374ff60    00000020     ipc.ae674 : Ipc.obj (.text:ti_sdo_ipc_heaps_HeapMemMP_isBlocking__F)
                  c374ff80    00000020     dsp_pe674.oe674 (.text:ti_sdo_ipc_notifyDrivers_NotifyDriverShm_InterruptProxy_intClear__E)
                  c374ffa0    00000020     dsp_pe674.oe674 (.text:ti_sdo_ipc_notifyDrivers_NotifyDriverShm_InterruptProxy_intDisable__E)
                  c374ffc0    00000020     dsp_pe674.oe674 (.text:ti_sdo_ipc_notifyDrivers_NotifyDriverShm_InterruptProxy_intEnable__E)
                  c374ffe0    00000020     dsp_pe674.oe674 (.text:ti_sdo_ipc_notifyDrivers_NotifyDriverShm_InterruptProxy_intRegister__E)
                  c3750000    00000020     dsp_pe674.oe674 (.text:ti_sdo_ipc_notifyDrivers_NotifyDriverShm_InterruptProxy_intSend__E)
                  c3750020    00000020     dsp_pe674.oe674 (.text:ti_sdo_ipc_notifyDrivers_NotifyDriverShm_InterruptProxy_intUnregister__E)
                  c3750040    00000020     dsp_pe674.oe674 (.text:ti_sdo_ipc_notifyDrivers_NotifyDriverShm_Params__init__S)
                  c3750060    00000020     ipc.ae674 : Ipc.obj (.text:ti_sdo_ipc_notifyDrivers_NotifyDriverShm_disable__E)
                  c3750080    00000020               : Ipc.obj (.text:ti_sdo_ipc_notifyDrivers_NotifyDriverShm_enable__E)
                  c37500a0    00000020     dsp_pe674.oe674 (.text:ti_sdo_ipc_notifyDrivers_NotifyDriverShm_sharedMemReq__E)
                  c37500c0    00000020     dsp_pe674.oe674 (.text:ti_sdo_ipc_nsremote_NameServerRemoteNotify_Object__first__S)
[...]
c3781a90   ti_sysbios_heaps_HeapMem_Module__root__V
c3781a9c   ti_sysbios_knl_Clock_Module__root__V
c3781aa8   ti_sysbios_knl_Clock_Module__state__V
c3781ad0   ti_sysbios_knl_Idle_Module__root__V
c3781ad2   ti_sysbios_knl_Intrinsics_Module__root__V
c3781ad4   ti_sysbios_knl_Queue_Module__root__V
c3781ae0   ti_sysbios_knl_Semaphore_Module__root__V
c3781aec   ti_sysbios_knl_Swi_Module__root__V
c3781af8   ti_sysbios_knl_Swi_Module__state__V
c3781b14   ti_sysbios_knl_Task_Module__root__V
c3781b20   ti_sysbios_knl_Task_Module__state__V
c3781b64   ti_sysbios_syncs_SyncSem_Module__root__V
c3781b70   ti_sysbios_timers_timer64_Timer_Module__root__V
c3781b7c   ti_sysbios_timers_timer64_Timer_Module__state__V
c3781b90   ti_sysbios_xdcruntime_GateThreadSupport_Module__root__V
c3781b9c   xdc_runtime_Defaults_Module__root__V
c3781b9e   xdc_runtime_Error_Module__root__V
c3781ba0   xdc_runtime_Error_Module__state__V
c3781ba4   xdc_runtime_GateNull_Module__root__V
c3781bac   xdc_runtime_LoggerBuf_Module__root__V
c3781bb4   xdc_runtime_LoggerBuf_Module__state__V
c3781bba   xdc_runtime_Main_Module__root__V
c3781bbc   xdc_runtime_Memory_Module__state__V
c3781bc0   xdc_runtime_Registry_Module__root__V
c3781bc4   xdc_runtime_Registry_Module__state__V
c3781bcc   xdc_runtime_Startup_Module__state__V
c3781bd4   xdc_runtime_SysMin_Module__state__V
c3781be0   xdc_runtime_System_Module__state__V
c3781bec   xdc_runtime_Text_Module__state__V
c3781bf4   xdc_runtime_knl_GateThread_Module__root__V
c3781c00   __xdc__init__addr
c3781e50   ti_sdo_utils_NameServer_Object__table__V
c3781f30   FrameQ_ShMem_fxns
c3781fa0   FrameQ_ShMem_module_obj
c3782010   ti_sdo_ipc_SharedRegion_Module_State_0_regions__A
c37820a0   ti_sysbios_knl_Swi_Module_State_0_readyQ__A
c3782120   ti_sysbios_knl_Task_Module_State_0_readyQ__A
c37821a0   ti_sysbios_timers_timer64_Timer_Module_State_0_device__A
c3782200   TSK_idle
c3782200   ti_sysbios_knl_Task_Object__table__V
c3782250   ti_sysbios_timers_timer64_Timer_Object__table__V
c3782320   ti_sysbios_gates_GateMutex_Object__table__V
c3782360   ti_sysbios_knl_Swi_Object__table__V
c3782390   ti_sdo_ipc_Ipc_Module_State_0_procEntry__A
c37823b8   xdc_runtime_LoggerBuf_Object__table__V
c37823e0   ti_sdo_ipc_MessageQ_Module_State_0_heaps__A
c3782400   ti_sysbios_timers_timer64_Timer_Module_State_0_gctrl__A
c3782420   ti_sysbios_timers_timer64_Timer_Module_State_0_handles__A
c3782440   ti_sysbios_timers_timer64_Timer_Module_State_0_intFreqs__A
c3782460   xdc_runtime_System_Module_State_0_atexitHandlers__A
c378249c   SyslinkMemMgr_SharedMemory_fxns
c37824b8   SyslinkMemMgr_TilerMemory_fxns
c37824d8   ti_sysbios_family_c64p_Hwi_Object__table__V
c37824f0   ti_sysbios_gates_GateMutexPri_Object__table__V
c3782508   ti_sysbios_heaps_HeapMem_Object__table__V
c3782520   ti_sysbios_gates_GateAll_Object__table__V
c3782530   _cleanup_ptr
c3782534   _dtors_ptr
c3782538   __TI_enable_exit_profile_output
c378253c   Syslink_RingIO_moduleCfg
c3782544   Syslink_RingIOShm_moduleCfg
c3782548   ti_sysbios_gates_GateSwi_Object__table__V
c3782554   _lock
c3782558   _unlock
c3782560   ti_sdo_ipc_Notify_Module_State_0_notifyHandles__A
c3782568   ti_sdo_ipc_transports_TransportShmSetup_Module_State_0_handles__A
c3782570   ti_sysbios_family_c64p_primus_TimerSupport_Module_State_0_suspSrc__A
c3782578   ti_sysbios_hal_Hwi_Object__table__V
c3782580   ti_sysbios_hal_Timer_Object__table__V
c3782588   ti_sdo_ipc_GateMP_Module_State_0_remoteCustom2Gates__A
c3782590   ti_sdo_ipc_Notify_Module_State_0_notifyHandles_0__A
c3782598   ti_sdo_ipc_Notify_Module_State_0_notifyHandles_1__A
c37825a0   ti_sysbios_gates_GateHwi_Object__table__V
c37825a8   ti_sysbios_knl_Task_Module_State_0_idleTask__A
c37825b0   xdc_runtime_GateNull_Object__table__V
c37825b8   xdc_runtime_Text_charTab__A
c3785ca4   ti_sdo_ipc_GateMP_E_gateUnavailable__C
c3785ca8   xdc_runtime_Text_nodeTab__A
c37860c4   ti_sdo_ipc_GateMP_E_localGate__C
c37860c8   xdc_runtime_Startup_sfxnTab__A
c3786108   ti_sysbios_knl_Task_Object__PARAMS__C
c3786144   xdc_runtime_LoggerBuf_Module__FXNS__C
c3786180   ti_sdo_ipc_notifyDrivers_NotifyDriverShm_Module__FXNS__C
c37861b8   ti_sdo_ipc_GateMP_Object__PARAMS__C
c37861ec   ti_sdo_ipc_notifyDrivers_NotifyDriverShm_Object__PARAMS__C
c3786220   ti_sdo_ipc_heaps_HeapMemMP_Object__PARAMS__C
c3786250   ti_sysbios_family_c64p_Hwi_Object__PARAMS__C
c37862ac   ti_sdo_ipc_ListMP_Object__PARAMS__C
c37862d8   ti_sdo_ipc_gates_GateMPSupportNull_Module__FXNS__C
c3786304   ti_sdo_ipc_gates_GatePeterson_Module__FXNS__C
c3786330   ti_sdo_utils_NameServer_Object__PARAMS__C
c378635c   ti_sdo_ipc_heaps_HeapMemMP_Module__FXNS__C
c3786384   ti_sdo_ipc_nsremote_NameServerRemoteNotify_Module__FXNS__C
c37863ac   ti_sdo_ipc_transports_TransportShm_Module__FXNS__C
c37863d4   ti_sdo_ipc_transports_TransportShm_Object__PARAMS__C
c37863fc   ti_sysbios_heaps_HeapMem_Module__FXNS__C
c3786424   ti_sysbios_knl_Swi_Object__PARAMS__C
c378644c   xdc_runtime_LoggerBuf_Object__PARAMS__C
c3786498   ti_sdo_ipc_gates_GateMPSupportNull_Object__PARAMS__C
c37864bc   ti_sdo_ipc_gates_GatePeterson_Object__PARAMS__C
c37864e0   ti_sysbios_gates_GateAll_Module__FXNS__C
c3786504   ti_sysbios_gates_GateHwi_Module__FXNS__C
c3786528   ti_sysbios_gates_GateMutexPri_Module__FXNS__C
c378654c   ti_sysbios_gates_GateMutex_Module__FXNS__C
c3786570   ti_sysbios_gates_GateSwi_Module__FXNS__C
c3786594   ti_sysbios_heaps_HeapMem_Object__PARAMS__C
c37865b8   ti_sysbios_knl_Semaphore_Object__PARAMS__C
c37865dc   xdc_runtime_GateNull_Module__FXNS__C
c3786600   xdc_runtime_knl_GateThread_Module__FXNS__C
c3786624   ti_sdo_ipc_GateMP_Object__DESC__C
c3786644   ti_sdo_ipc_ListMP_Object__DESC__C
c3786664   ti_sdo_ipc_Notify_Object__DESC__C
c3786684   ti_sdo_ipc_gates_GateMPSupportNull_Object__DESC__C
c37866a4   ti_sdo_ipc_gates_GatePeterson_Object__DESC__C
c37866c4   ti_sdo_ipc_heaps_HeapMemMP_Object__DESC__C
c37866e4   ti_sdo_ipc_notifyDrivers_NotifyDriverShm_Object__DESC__C
c3786704   ti_sdo_ipc_nsremote_NameServerRemoteNotify_Object__DESC__C
c3786724   ti_sdo_ipc_nsremote_NameServerRemoteNotify_Object__PARAMS__C
c3786744   ti_sdo_ipc_transports_TransportShm_Object__DESC__C
c3786764   ti_sdo_utils_List_Object__DESC__C
c3786784   ti_sdo_utils_NameServer_Object__DESC__C
c37867a4   ti_sysbios_family_c64p_Hwi_Object__DESC__C
c37867c4   ti_sysbios_gates_GateAll_Object__DESC__C
c37867e4   ti_sysbios_gates_GateHwi_Object__DESC__C
c3786804   ti_sysbios_gates_GateMutexPri_Object__DESC__C
c3786824   ti_sysbios_gates_GateMutex_Object__DESC__C
c3786844   ti_sysbios_gates_GateSwi_Object__DESC__C
c3786864   ti_sysbios_heaps_HeapMem_Object__DESC__C
c3786884   ti_sysbios_knl_Queue_Object__DESC__C
c37868a4   ti_sysbios_knl_Semaphore_Object__DESC__C
c37868c4   ti_sysbios_knl_Swi_Object__DESC__C
c37868e4   ti_sysbios_knl_Task_Object__DESC__C
c3786904   ti_sysbios_xdcruntime_GateThreadSupport_Object__DESC__C
c3786924   xdc_runtime_GateNull_Object__DESC__C
c3786944   xdc_runtime_LoggerBuf_Object__DESC__C
c3786964   ti_sdo_ipc_Ipc_E_internal__C
c3786968   xdc_runtime_Startup_sfxnRts__A
c3786988   xdc_runtime_knl_GateThread_Object__DESC__C
c37869dc   ti_sdo_ipc_Ipc_E_nameFailed__C
c3786a28   ti_sdo_ipc_Notify_Object__PARAMS__C
c3786a40   ti_sdo_utils_List_Object__PARAMS__C
c3786a58   ti_sysbios_gates_GateAll_Object__PARAMS__C
c3786a70   ti_sysbios_gates_GateHwi_Object__PARAMS__C
c3786a88   ti_sysbios_gates_GateMutexPri_Object__PARAMS__C
c3786aa0   ti_sysbios_gates_GateMutex_Object__PARAMS__C
c3786ab8   ti_sysbios_gates_GateSwi_Object__PARAMS__C
c3786ad0   ti_sysbios_knl_Queue_Object__PARAMS__C
c3786ae8   ti_sysbios_knl_Task_hooks__A
c3786b00   ti_sysbios_xdcruntime_GateThreadSupport_Object__PARAMS__C
c3786b18   xdc_runtime_GateNull_Object__PARAMS__C
c3786b30   xdc_runtime_knl_GateThread_Object__PARAMS__C
c3786b5e   ti_sdo_ipc_GateMP_Module__id__C
c3786b74   ti_sdo_ipc_Ipc_E_versionMismatch__C
c3786b8c   ti_sdo_ipc_Ipc_numUserFxns__C
c3786ba4   ti_sdo_ipc_Ipc_procSync__C
c3786bbc   ti_sdo_ipc_Ipc_userFxns__C
c3786bd2   ti_sdo_ipc_Ipc_generateSlaveDataForHost__C
c3786bd4   ti_sdo_ipc_MessageQ_Instance_State_highList__O
c3786c02   ti_sdo_ipc_Ipc_sr0MemorySetup__C
c3786c04   ti_sdo_ipc_MessageQ_Instance_State_normalList__O
c3786c1a   ti_sdo_ipc_ListMP_Module__id__C
c3786c1c   ti_sdo_ipc_MessageQ_Object__count__C
c3786c5c   ti_sdo_ipc_Notify_Module__gateObj__C
c3786c6c   ti_sdo_ipc_Notify_Object__heap__C
c3786c70   ti_sdo_ipc_Ipc_userFxns__A
c3786c7c   ti_sysbios_family_c64p_Cache_initSize__C
c3786c90   ti_sdo_utils_MultiProc_nameList__A
c3786c98   ti_sysbios_knl_Idle_coreList__C
c3786ca0   ti_sysbios_knl_Idle_funcList__C
c3786ca8   ti_sysbios_knl_Task_hooks__C
c3786cb0   xdc_runtime_Startup_firstFxns__A
c3786cb8   xdc_runtime_Startup_firstFxns__C
c3786cc0   xdc_runtime_Startup_lastFxns__C
c3786cc8   ti_sdo_ipc_Notify_numEvents__C
c3786ccc   ti_sdo_ipc_Notify_sendEventPollCount__C
c3786cd0   ti_sdo_ipc_SharedRegion_INVALIDSRPTR__C
c3786cd4   ti_sdo_ipc_SharedRegion_numOffsetBits__C
c3786cd8   ti_sdo_ipc_SharedRegion_offsetMask__C
c3786cdc   ti_sdo_ipc_family_da830_NotifySetup_armRecvIntId0__C
c3786ce0   ti_sdo_ipc_family_da830_NotifySetup_armRecvIntId1__C
c3786ce4   ti_sdo_ipc_family_da830_NotifySetup_dspIntVectId0__C
c3786ce8   ti_sdo_ipc_family_da830_NotifySetup_dspIntVectId1__C
c3786cec   ti_sdo_ipc_family_da830_NotifySetup_dspRecvIntId0__C
c3786cf0   ti_sdo_ipc_family_da830_NotifySetup_dspRecvIntId1__C
c3786cf4   ti_sdo_ipc_gates_GatePeterson_E_gateRemotelyOpened__C
c3786cf8   ti_sdo_ipc_heaps_HeapMemMP_E_memory__C
c3786cfc   ti_sdo_ipc_interfaces_IGateMPSupport_Interface__BASE__C
c3786d00   ti_sdo_ipc_interfaces_IMessageQTransport_Interface__BASE__C
c3786d04   ti_sdo_ipc_interfaces_INotifyDriver_Interface__BASE__C
c3786d08   ti_sdo_ipc_notifyDrivers_NotifyDriverShm_Object__heap__C
c3786d0c   ti_sdo_ipc_nsremote_NameServerRemoteNotify_Instance_State_semMultiBlock__O
c3786d10   ti_sdo_ipc_nsremote_NameServerRemoteNotify_Instance_State_semRemoteWait__O
c3786d14   ti_sdo_ipc_nsremote_NameServerRemoteNotify_Instance_State_swiObj__O
c3786d18   ti_sdo_ipc_nsremote_NameServerRemoteNotify_notifyEventId__C
c3786d1c   ti_sdo_ipc_nsremote_NameServerRemoteNotify_timeout__C
c3786d20   ti_sdo_ipc_transports_TransportShmSetup_priority__C
c3786d24   ti_sdo_ipc_transports_TransportShm_Instance_State_swiObj__O
c3786d28   ti_sdo_utils_INameServerRemote_Interface__BASE__C
c3786d2c   ti_sdo_utils_MultiProc_nameList__C
c3786d30   ti_sdo_utils_NameServer_E_entryExists__C
c3786d34   ti_sdo_utils_NameServer_E_maxReached__C
c3786d38   ti_sdo_utils_NameServer_Instance_State_freeList__O
c3786d3c   ti_sdo_utils_NameServer_Instance_State_nameList__O
c3786d40   ti_sdo_utils_NameServer_Object__count__C
c3786d44   ti_sdo_utils_NameServer_Object__heap__C
c3786d48   ti_sysbios_BIOS_installedErrorHook__C
c3786d4c   ti_sysbios_family_c62_TaskSupport_stackAlignment__C
c3786d50   ti_sysbios_family_c64p_Cache_EMIFA_BASE__C
c3786d54   ti_sysbios_family_c64p_Cache_EMIFA_CFG__C
c3786d58   ti_sysbios_family_c64p_Cache_EMIFA_LENGTH__C
c3786d5c   ti_sysbios_family_c64p_Cache_EMIFB_BASE__C
c3786d60   ti_sysbios_family_c64p_Cache_EMIFB_CFG__C
c3786d64   ti_sysbios_family_c64p_Cache_EMIFB_LENGTH__C
c3786d68   ti_sysbios_family_c64p_Cache_EMIFC_BASE__C
c3786d6c   ti_sysbios_family_c64p_Cache_EMIFC_CFG__C
c3786d70   ti_sysbios_family_c64p_Cache_EMIFC_LENGTH__C
c3786d74   ti_sysbios_family_c64p_Cache_MAR0_31__C
c3786d78   ti_sysbios_family_c64p_Cache_MAR128_159__C
c3786d7c   ti_sysbios_family_c64p_Cache_MAR160_191__C
c3786d80   ti_sysbios_family_c64p_Cache_MAR192_223__C
c3786d84   ti_sysbios_family_c64p_Cache_MAR224_255__C
c3786d88   ti_sysbios_family_c64p_Cache_MAR32_63__C
c3786d8c   ti_sysbios_family_c64p_Cache_MAR64_95__C
c3786d90   ti_sysbios_family_c64p_Cache_MAR96_127__C
c3786d94   ti_sysbios_family_c64p_Exception_E_exceptionMax__C
c3786d98   ti_sysbios_family_c64p_Exception_E_exceptionMin__C
c3786d9c   ti_sysbios_family_c64p_Exception_exceptionHook__C
c3786da0   ti_sysbios_family_c64p_Exception_externalHook__C
c3786da4   ti_sysbios_family_c64p_Exception_internalHook__C
c3786da8   ti_sysbios_family_c64p_Exception_nmiHook__C
c3786dac   ti_sysbios_family_c64p_Hwi_E_alreadyDefined__C
c3786db0   ti_sysbios_family_c64p_Hwi_E_handleNotFound__C
c3786db4   ti_sysbios_gates_GateMutexPri_Instance_State_pendQ__O
c3786db8   ti_sysbios_gates_GateMutex_Instance_State_sem__O
c3786dbc   ti_sysbios_hal_Hwi_E_stackOverflow__C
c3786dc0   ti_sysbios_heaps_HeapMem_E_memory__C
c3786dc4   ti_sysbios_heaps_HeapMem_Module__gateObj__C
c3786dc8   ti_sysbios_heaps_HeapMem_Object__count__C
c3786dcc   ti_sysbios_heaps_HeapMem_reqAlign__C
c3786dd0   ti_sysbios_knl_Clock_Module_State_clockQ__O
c3786dd4   ti_sysbios_knl_Clock_tickMode__C
c3786dd8   ti_sysbios_knl_Clock_tickSource__C
c3786ddc   ti_sysbios_knl_Semaphore_Instance_State_pendQ__O
c3786de0   ti_sysbios_knl_Idle_coreList__A
c3786de4   ti_sysbios_knl_Swi_Object__count__C
c3786de8   ti_sysbios_knl_Idle_funcList__A
c3786dec   ti_sysbios_knl_Swi_numPriorities__C
c3786df0   ti_sysbios_knl_Task_E_deleteNotAllowed__C
c3786df4   ti_sysbios_knl_Task_E_spOutOfBounds__C
c3786df8   ti_sysbios_knl_Task_E_stackOverflow__C
c3786dfc   ti_sysbios_knl_Task_Module_State_inactiveQ__O
c3786e00   ti_sysbios_knl_Task_Module_State_terminatedQ__O
c3786e04   ti_sysbios_knl_Task_Object__count__C
c3786e08   ti_sysbios_knl_Task_Object__heap__C
c3786e0c   ti_sysbios_knl_Task_allBlockedFunc__C
c3786e10   ti_sysbios_knl_Task_defaultStackHeap__C
c3786e14   ti_sysbios_knl_Task_defaultStackSize__C
c3786e18   ti_sysbios_knl_Task_numConstructedTasks__C
c3786e1c   ti_sysbios_timers_timer64_Timer_E_cannotSupport__C
c3786e20   ti_sysbios_timers_timer64_Timer_anyMask__C
c3786e24   ti_sysbios_timers_timer64_Timer_freqDivisor__C
c3786e28   ti_sysbios_timers_timer64_Timer_numLocalTimers__C
c3786e2c   ti_sysbios_timers_timer64_Timer_numTimerDevices__C
c3786e30   ti_sysbios_xdcruntime_GateThreadSupport_Instance_State_gate__O
c3786e34   xdc_runtime_Assert_E_assertFailed__C
c3786e38   xdc_runtime_Core_A_initializedParams__C
c3786e3c   xdc_runtime_Core_Module__diagsEnabled__C
c3786e40   xdc_runtime_Core_Module__diagsIncluded__C
c3786e44   xdc_runtime_Core_Module__diagsMask__C
c3786e48   xdc_runtime_Error_E_memory__C
c3786e4c   xdc_runtime_Error_Module__diagsEnabled__C
c3786e50   xdc_runtime_Error_Module__diagsIncluded__C
c3786e54   xdc_runtime_Error_Module__diagsMask__C
c3786e58   xdc_runtime_Error_Module__loggerFxn8__C
c3786e5c   xdc_runtime_Error_Module__loggerObj__C
c3786e60   xdc_runtime_Error_policy__C
c3786e64   xdc_runtime_Error_raiseHook__C
c3786e68   xdc_runtime_IFilterLogger_Interface__BASE__C
c3786e6c   xdc_runtime_IGateProvider_Interface__BASE__C
c3786e70   xdc_runtime_IHeap_Interface__BASE__C
c3786e74   xdc_runtime_ILogger_Interface__BASE__C
c3786e78   xdc_runtime_IModule_Interface__BASE__C
c3786e7c   xdc_runtime_Log_L_error__C
c3786e80   xdc_runtime_LoggerBuf_E_badLevel__C
c3786e84   xdc_runtime_LoggerBuf_Module__gateObj__C
c3786e88   xdc_runtime_LoggerBuf_Object__count__C
c3786e8c   xdc_runtime_LoggerBuf_statusLogger__C
c3786e90   xdc_runtime_Memory_defaultHeapInstance__C
c3786e94   xdc_runtime_Startup_execImpl__C
c3786e98   xdc_runtime_Startup_lastFxns__A
c3786e9c   xdc_runtime_Startup_maxPasses__C
c3786ea0   xdc_runtime_Startup_sfxnRts__C
c3786ea4   xdc_runtime_Startup_sfxnTab__C
c3786ea8   xdc_runtime_SysMin_bufSize__C
c3786eac   xdc_runtime_SysMin_outputFunc__C
c3786eb0   xdc_runtime_System_Module__gateObj__C
c3786eb4   xdc_runtime_System_extendFxn__C
c3786eb8   xdc_runtime_System_maxAtexitHandlers__C
c3786ebc   xdc_runtime_Text_charTab__C
c3786ec0   xdc_runtime_Text_nameEmpty__C
c3786ec4   xdc_runtime_Text_nameStatic__C
c3786ec8   xdc_runtime_Text_nameUnknown__C
c3786ecc   xdc_runtime_Text_nodeTab__C
c3786ed0   xdc_runtime_Text_visitRopeFxn__C
c3786ed4   ti_sdo_ipc_Notify_numLines__C
c3786ed6   ti_sdo_ipc_SharedRegion_numEntries__C
c3786ed8   ti_sdo_ipc_SharedRegion_translate__C
c3786eda   ti_sdo_ipc_family_da830_NotifySetup_useSecondLine__C
c3786edc   ti_sdo_ipc_gates_GatePeterson_Module__id__C
c3786ede   ti_sdo_ipc_heaps_HeapMemMP_Module__id__C
c3786ee0   ti_sdo_ipc_nsremote_NameServerRemoteNotify_Module__id__C
c3786ee2   ti_sdo_ipc_transports_TransportShm_Module__id__C
c3786ee4   ti_sdo_ipc_transports_TransportShm_notifyEventId__C
c3786ee6   ti_sdo_utils_MultiProc_numProcessors__C
c3786ee8   ti_sdo_utils_MultiProc_numProcsInCluster__C
c3786eea   ti_sdo_utils_NameServer_Module__id__C
c3786eec   ti_sdo_utils_NameServer_singleProcessor__C
c3786eee   ti_sysbios_family_c64p_Exception_Module__id__C
c3786ef0   ti_sysbios_family_c64p_Exception_enableExternalMPC__C
c3786ef2   ti_sysbios_family_c64p_Exception_enablePrint__C
c3786ef4   ti_sysbios_family_c64p_Exception_useInternalBuffer__C
c3786ef6   ti_sysbios_family_c64p_Hwi_Module__id__C
c3786ef8   ti_sysbios_hal_Hwi_Module__id__C
c3786efa   ti_sysbios_heaps_HeapMem_Module__id__C
c3786efc   ti_sysbios_knl_Task_Module__id__C
c3786efe   ti_sysbios_knl_Task_deleteTerminatedTasks__C
c3786f00   ti_sysbios_knl_Task_initStackFlag__C
c3786f02   ti_sysbios_timers_timer64_Timer_Module__id__C
c3786f04   ti_sysbios_timers_timer64_Timer_startupNeeded__C
c3786f06   xdc_runtime_Core_Module__id__C
c3786f08   xdc_runtime_Error_Module__loggerDefined__C
c3786f0a   xdc_runtime_Error_maxDepth__C
c3786f0c   xdc_runtime_LoggerBuf_Module__id__C
c3786f0e   xdc_runtime_LoggerBuf_filterByLevel__C
c3786f10   xdc_runtime_Memory_Module__id__C
c3786f12   xdc_runtime_SysMin_flushAtExit__C
c3786f14   xdc_runtime_Text_charCnt__C
c3786f16   xdc_runtime_Text_isLoaded__C
c3786f18   xdc_runtime_Text_registryModsLastId__C
c3786f1a   xdc_runtime_Text_unnamedModsLastId__C
c3786f20   _stack
c3787f20   __TI_STACK_END
c3787fa4   __TI_STATIC_BASE
c3787fa4   gFrameQ_nsHandle
c3787fa8   gFrameQBufMgr_nsHandle
c3787fac   Syslink_terminateEventId
c3787fb0   Syslink_terminateEventLineId
c3787fb4   CLIENTNOTIFYMGR_NAMESERVERNAME
c3787fc8   FrameQ_ShMem_module
c3788000   ti_sysbios_family_c64p_Hwi0
c3788000   ti_sysbios_family_c64p_Hwi_int0
c3788020   ti_sysbios_family_c64p_Hwi_int1
c3788040   ti_sysbios_family_c64p_Hwi_int2
c3788060   ti_sysbios_family_c64p_Hwi_int3
c3788080   ti_sysbios_family_c64p_Hwi_int4
c37880a0   ti_sysbios_family_c64p_Hwi_int5
c37880c0   ti_sysbios_family_c64p_Hwi_int6
c37880e0   ti_sysbios_family_c64p_Hwi_int7
c3788100   ti_sysbios_family_c64p_Hwi_int8
c3788120   ti_sysbios_family_c64p_Hwi_int9
c3788140   ti_sysbios_family_c64p_Hwi_int10
c3788160   ti_sysbios_family_c64p_Hwi_int11
c3788180   ti_sysbios_family_c64p_Hwi_int12
c37881a0   ti_sysbios_family_c64p_Hwi_int13
c37881c0   ti_sysbios_family_c64p_Hwi_int14
c37881e0   ti_sysbios_family_c64p_Hwi_int15
c3788200   __CIOBUF_
c3788320   __c_args__
c3788400   _Ipc_ResetVector
c3788408   Ipc_sr0MemorySetup
ffffffff   __TI_pprof_out_hndl
ffffffff   __TI_prof_data_size
ffffffff   __TI_prof_data_start
ffffffff   __binit__
ffffffff   binit
UNDEFED    __TI_CINIT_Base
UNDEFED    __TI_CINIT_Limit
UNDEFED    __TI_Handler_Table_Base
UNDEFED    __TI_Handler_Table_Limit
UNDEFED    __TI_INITARRAY_Base
UNDEFED    __TI_INITARRAY_Limit

[1409 symbols]


DYNAMIC SYMBOLS: SORTED ALPHABETICALLY BY Name 

address    name
--------   ----
UNDEFED    
c3782200   TSK_idle
c3788400   _Ipc_ResetVector
c3787f20   __TI_STACK_END
00001000   __TI_STACK_SIZE
c3787fa4   __TI_STATIC_BASE
ffffffff   __TI_pprof_out_hndl
ffffffff   __TI_prof_data_size
ffffffff   __TI_prof_data_start
ffffffff   __binit__
c3788320   __c_args__
00000064   _argsize
ffffffff   binit
00000001   xdc_runtime_Startup__EXECFXN__C
00000001   xdc_runtime_Startup__RESETFXN__C

[15 symbols]


IMPORTED and EXPORTED SYMBOLS: SORTED ALPHABETICALLY BY Name 

IMPORTED SYMBOLS

name                           size      Imported from
-----------------------------  --------  -------------

[0 symbols]


EXPORTED SYMBOLS

address    name
--------   ----
c3788400   _Ipc_ResetVector
