******************************************************************************
               TMS320C6x Linker Unix v7.4.4                    
******************************************************************************
>> Linked Sat Oct 21 10:52:38 2017

OUTPUT FILE NAME:   <bin/debug/server_dsp.xe674>
ENTRY POINT SYMBOL: "ti_sysbios_family_c64p_Hwi0"  address: c378b400


MEMORY CONFIGURATION

         name            origin    length      used     unused   attr    fill
----------------------  --------  ---------  --------  --------  ----  --------
  IROM                  11700000   00100000  00000000  00100000  R  X
  IRAM                  11800000   00038000  00000000  00038000  RW X
  L3_CBA_RAM            80000000   00020000  00000000  00020000  RW X
  SR_0                  c2000000   00300000  00300000  00000000  RW X
  SR_1                  c2300000   00a00000  00a00000  00000000  RW X
  DSP_PROG              c3000000   00800000  0078b8a2  0007475e  RW X


SEGMENT ALLOCATION MAP

run origin  load origin   length   init length attrs members
----------  ----------- ---------- ----------- ----- -------
c3000000    c3000000    00721ce8   00000000    rw-
  c3000000    c3000000    00721ce8   00000000    rw- .far
c3721ce8    c3721ce8    00000018   00000018    rw-
  c3721ce8    c3721ce8    00000018   00000018    rw- .fardata.1
c3721d00    c3721d00    000330e0   000330e0    r-x
  c3721d00    c3721d00    000330e0   000330e0    r-x .text
c3754de0    c3754de0    0003080c   0003080c    rw-
  c3754de0    c3754de0    0003080c   0003080c    rw- .fardata.2
c37855f0    c37855f0    00004dee   00004dee    r--
  c37855f0    c37855f0    00004dee   00004dee    r-- .const
c378a3e0    c378a3e0    00001000   00000000    rw-
  c378a3e0    c378a3e0    00001000   00000000    rw- .stack
c378b3e0    c378b3e0    00000020   00000020    r--
  c378b3e0    c378b3e0    00000020   00000020    r-- .switch.1
c378b400    c378b400    00000200   00000200    r-x
  c378b400    c378b400    00000200   00000200    r-x .vecs
c378b600    c378b600    00000120   00000000    rw-
  c378b600    c378b600    00000120   00000000    rw- .cio
c378b720    c378b720    00000064   00000064    r--
  c378b720    c378b720    00000064   00000064    r-- .switch.2
c378b784    c378b784    00000064   00000064    rw-
  c378b784    c378b784    00000064   00000064    rw- .args
c378b800    c378b800    0000008c   0000008c    r--
  c378b800    c378b800    0000008c   0000008c    r-- ti_sdo_ipc_init
c378b88c    c378b88c    00000008   00000000    rw-
  c378b88c    c378b88c    00000008   00000000    rw- .bss
c378b894    c378b894    0000002c   0000002c    rw-
  c378b894    c378b894    0000002c   0000002c    rw- .neardata


SECTION ALLOCATION MAP

 output                                  attributes/
section   page    origin      length       input sections
--------  ----  ----------  ----------   ----------------
.cinit     0    c3000000    00000000     UNINITIALIZED

.init_array 
*          0    c3000000    00000000     UNINITIALIZED

ti.sdo.ipc.SharedRegion_0 
*          0    c2000000    00300000     NOLOAD SECTION
                  c2000000    00300000     --HOLE--

ti.sdo.ipc.SharedRegion_1 
*          0    c2300000    00a00000     NOLOAD SECTION
                  c2300000    00a00000     --HOLE--

xdc.meta   0    c3000000    000000e0     COPY SECTION
                  c3000000    000000e0     dsp_pe674.oe674 (xdc.meta)

.far       0    c3000000    00721ce8     UNINITIALIZED
                  c3000000    00721010     dsp_pe674.oe674 (.far)
                  c3721010    00000800     dsp_pe674.oe674 (.far:taskStackSection)
                  c3721810    00000498     umsg.ae674 : Umsg_dsp.oe674 (.far)
                  c3721ca8    00000020                : Umsg.oe674 (.far)
                  c3721cc8    0000000c     ti.syslink.ipc.rtos.ae674 : FrameQ.oe674 (.far)
                  c3721cd4    00000004                               : RingIOShm.oe674 (.far)
                  c3721cd8    00000008     rts6740_elf.lib : trgdrv.obj (.far)
                  c3721ce0    00000008     ti.syslink.ipc.rtos.ae674 : RingIO.oe674 (.far)

.fardata.1 
*          0    c3721ce8    00000018     
                  c3721ce8    00000018     dsp_pe674.oe674 (.fardata:ti_sysbios_family_c64p_Hwi_Object__table__V)

.text      0    c3721d00    000330e0     
                  c3721d00    000021e0     ti.syslink.ipc.rtos.ae674 : FrameQBufMgr_ShMem.oe674 (.text:FrameQBufMgr_ShMem_create)
                  c3723ee0    00001d00     umsg.ae674 : Umsg.oe674 (.text)
                  c3725be0    00001060     ti.syslink.ipc.rtos.ae674 : FrameQ_ShMem.oe674 (.text:FrameQ_ShMem_create)
                  c3726c40    00000fa0                               : ClientNotifyMgr.oe674 (.text:_ClientNotifyMgr_create)
                  c3727be0    00000d20                               : FrameQ_ShMem.oe674 (.text:_FrameQ_ShMem_open)
                  c3728900    00000c40     utils.lib : uartStdio.obj (.text)
                  c3729540    00000b40     ipc.ae674 : Ipc.obj (.text:ti_sdo_ipc_GateMP_Instance_init__F)
                  c372a080    00000a60     ti.syslink.ipc.rtos.ae674 : FrameQ_ShMem.oe674 (.text:FrameQ_ShMem_delete)
                  c372aae0    00000900                               : FrameQBufMgr_ShMem.oe674 (.text:FrameQBufMgr_ShMem_delete)
                  c372b3e0    00000900                               : FrameQ_ShMem.oe674 (.text:FrameQ_ShMem_putv)
                  c372bce0    000008c0     umsg.ae674 : Umsg_dsp.oe674 (.text)
                  c372c5a0    000008a0     ti.syslink.ipc.rtos.ae674 : ClientNotifyMgr.oe674 (.text:ClientNotifyMgr_delete)
                  c372ce40    000008a0     sysbios.ae674 : BIOS.obj (.text:ti_sysbios_family_c64p_Exception_handler__I)
                  c372d6e0    000008a0     ti.targets.rts6000.ae674 : System.oe674 (.text:xdc_runtime_System_doPrint__I)
                  c372df80    00000800     ti.syslink.ipc.rtos.ae674 : FrameQ_ShMem.oe674 (.text:FrameQ_ShMem_put)
                  c372e780    000007e0                               : ClientNotifyMgr.oe674 (.text:ClientNotifyMgr_setup)
                  c372ef60    000007c0     ipc.ae674 : Ipc.obj (.text:Ipc_attach)
                  c372f720    00000700               : Ipc.obj (.text:Ipc_detach)
                  c372fe20    00000700               : Ipc.obj (.text:ti_sdo_ipc_transports_TransportShm_Instance_init__F)
                  c3730520    000006e0     ti.syslink.ipc.rtos.ae674 : FrameQBufMgr_ShMem.oe674 (.text:FrameQBufMgr_ShMem_dupv)
                  c3730c00    000006a0                               : FrameQ_ShMem.oe674 (.text:FrameQ_ShMem_getv)
                  c37312a0    00000640                               : FrameQBufMgr_ShMem.oe674 (.text:FrameQBufMgr_ShMem_dup)
                  c37318e0    000005e0                               : ClientNotifyMgr.oe674 (.text:ClientNotifyMgr_sendNotificationMulti)
                  c3731ec0    000005e0                               : FrameQBufMgr_ShMem.oe674 (.text:FrameQBufMgr_ShMem_allocv)
                  c37324a0    000005a0                               : ClientNotifyMgr.oe674 (.text:ClientNotifyMgr_threadFxn)
                  c3732a40    00000500     syslink_service.oe674 (.text)
                  c3732f40    000004e0     ipc.ae674 : Ipc.obj (.text:ti_sdo_ipc_heaps_HeapMemMP_Instance_init__F)
                  c3733420    000004c0     ti.syslink.ipc.rtos.ae674 : ClientNotifyMgr.oe674 (.text:ClientNotifyMgr_execCallBackFxn)
                  c37338e0    000004c0     resource_sync.oe674 (.text)
                  c3733da0    000004c0     syslink.oe674 (.text)
                  c3734260    000004c0     ipc.ae674 : Ipc.obj (.text:ti_sdo_ipc_ListMP_Instance_init__F)
                  c3734720    000004a0     ti.syslink.ipc.rtos.ae674 : ClientNotifyMgr.oe674 (.text:ClientNotifyMgr_sendNotification)
                  c3734bc0    00000460                               : ClientNotifyMgr.oe674 (.text:ClientNotifyMgr_sendForceNotificationMulti)
                  c3735020    00000460     ipc.ae674 : Ipc.obj (.text:ti_sdo_ipc_GateMP_setRegion0Reserved__F)
                  c3735480    00000460               : Ipc.obj (.text:ti_sdo_ipc_nsremote_NameServerRemoteNotify_get__F)
                  c37358e0    00000420     ti.syslink.ipc.rtos.ae674 : FrameQBufMgr_ShMem.oe674 (.text:FrameQBufMgr_ShMem_sharedMemReq)
                  c3735d00    00000420                               : FrameQ_ShMem.oe674 (.text:FrameQ_ShMem_flushAll)
                  c3736120    00000420                               : FrameQ_ShMem.oe674 (.text:_FrameQ_ShMem_setOpenFlags)
                  c3736540    00000420     ipc.ae674 : Ipc.obj (.text:ti_sdo_ipc_GateMP_Instance_finalize__F)
                  c3736960    000003e0     ti.syslink.ipc.rtos.ae674 : FrameQBufMgr_ShMem.oe674 (.text:FrameQBufMgr_ShMem_freev)
                  c3736d40    000003c0     ipc.ae674 : Ipc.obj (.text:ti_sdo_ipc_heaps_HeapMemMP_alloc__E)
                  c3737100    000003c0               : Ipc.obj (.text:ti_sdo_ipc_heaps_HeapMemMP_free__E)
                  c37374c0    000003a0     ti.syslink.ipc.rtos.ae674 : ClientNotifyMgr.oe674 (.text:ClientNotifyMgr_registerClient)
                  c3737860    000003a0                               : ClientNotifyMgr.oe674 (.text:ClientNotifyMgr_unregisterClient)
                  c3737c00    000003a0                               : FrameQ_ShMem.oe674 (.text:FrameQ_ShMem_getvNumFrames)
                  c3737fa0    000003a0     ipc.ae674 : Ipc.obj (.text:NameServer_add)
                  c3738340    00000360     ti.syslink.ipc.rtos.ae674 : FrameQBufMgr_ShMem.oe674 (.text:FrameQBufMgr_ShMem_free)
                  c37386a0    00000340                               : FrameQBufMgr.oe674 (.text:FrameQBufMgr_open)
                  c37389e0    00000340                               : FrameQ_ShMem.oe674 (.text:FrameQ_ShMem_get)
                  c3738d20    00000340     drivers.lib : uart.obj (.text)
                  c3739060    00000320     ti.syslink.ipc.rtos.ae674 : FrameQBufMgr.oe674 (.text:FrameQBufMgr_create)
                  c3739380    00000300                               : FrameQBufMgr_ShMem.oe674 (.text:FrameQBufMgr_ShMem_alloc)
                  c3739680    00000300     ipc.ae674 : Ipc.obj (.text:Ipc_writeConfig)
                  c3739980    00000300     sysbios.ae674 : BIOS.obj (.text:ti_sysbios_knl_Semaphore_pend__E)
                  c3739c80    00000300                   : BIOS.obj (.text:ti_sysbios_knl_Task_Instance_finalize__F)
                  c3739f80    000002e0     ipc.ae674 : Ipc.obj (.text:ListMP_getHead)
                  c373a260    000002e0               : Ipc.obj (.text:ti_sdo_ipc_Ipc_procSyncStart__I)
                  c373a540    000002e0               : Ipc.obj (.text:ti_sdo_ipc_nsremote_NameServerRemoteNotify_Instance_init__F)
                  c373a820    000002c0     ti.syslink.ipc.rtos.ae674 : FrameQ_ShMem.oe674 (.text:FrameQ_ShMem_registerNotifier)
                  c373aae0    000002c0     ipc.ae674 : Ipc.obj (.text:NameServer_get)
                  c373ada0    000002c0     drivers.lib : gpio.obj (.text)
                  c373b060    000002c0     sysbios.ae674 : BIOS.obj (.text:ti_sysbios_timers_timer64_Timer_Module_startup__F)
                  c373b320    000002a0     server.oe674 (.text)
                  c373b5c0    000002a0     ipc.ae674 : Ipc.obj (.text:ti_sdo_ipc_transports_TransportShm_Instance_finalize__F)
                  c373b860    000002a0     sysbios.ae674 : BIOS.obj (.text:ti_sysbios_timers_timer64_Timer_deviceConfig__I)
                  c373bb00    00000280     ipc.ae674 : Ipc.obj (.text:ListMP_putHead)
                  c373bd80    00000280               : Ipc.obj (.text:ListMP_putTail)
                  c373c000    00000280               : Ipc.obj (.text:ListMP_remove)
                  c373c280    00000280               : Ipc.obj (.text:ti_sdo_ipc_gates_GatePeterson_Instance_init__F)
                  c373c500    00000280     ti.targets.rts6000.ae674 : Error.oe674 (.text:xdc_runtime_Error_raiseX__F)
                  c373c780    00000260     ti.syslink.ipc.rtos.ae674 : FrameQBufMgr_ShMem.oe674 (.text:FrameQBufMgr_ShMem_Params_init)
                  c373c9e0    00000260     ipc.ae674 : Ipc.obj (.text:GateMP_openByAddr)
                  c373cc40    00000260               : Ipc.obj (.text:Ipc_start)
                  c373cea0    00000260     rts6740_elf.lib : imath64.obj (.text:__c6xabi_divull)
                  c373d100    00000260     sysbios.ae674 : BIOS.obj (.text:ti_sysbios_family_c64p_Exception_internalHandler__I)
                  c373d360    00000260                   : BIOS.obj (.text:ti_sysbios_timers_timer64_Timer_setPeriodMicroSecs__E)
                  c373d5c0    00000260     ti.targets.rts6000.ae674 : Startup.oe674 (.text:xdc_runtime_Startup_startMods__I)
                  c373d820    00000260     dsp_pe674.oe674 (.text:xdc_runtime_System_printfExtend__I)
                  c373da80    00000240     ti.syslink.ipc.rtos.ae674 : FrameQ_ShMem.oe674 (.text:FrameQ_ShMem_unregisterNotifier)
                  c373dcc0    00000240                               : FrameQ.oe674 (.text:FrameQ_setup)
                  c373df00    00000240     ipc.ae674 : Ipc.obj (.text:Notify_unregisterEvent)
                  c373e140    00000240               : Ipc.obj (.text:ti_sdo_ipc_family_da830_NotifySetup_attach__E)
                  c373e380    00000240               : Ipc.obj (.text:ti_sdo_ipc_heaps_HeapMemMP_getStats__E)
                  c373e5c0    00000240     ti.targets.rts6000.ae674 : LoggerBuf.oe674 (.text:xdc_runtime_LoggerBuf_write8__F)
                  c373e800    00000220     ti.syslink.ipc.rtos.ae674 : ClientNotifyMgr.oe674 (.text:ClientNotifyMgr_destroy)
                  c373ea20    00000220                               : FrameQ_ShMem.oe674 (.text:FrameQ_ShMem_sharedMemReq)
                  c373ec40    00000220                               : SyslinkMemMgr.oe674 (.text:SyslinkMemMgr_create)
                  c373ee60    00000220     ipc.ae674 : Ipc.obj (.text:ti_sdo_ipc_nsremote_NameServerRemoteNotify_swiFxn__I)
                  c373f080    00000220     sysbios.ae674 : BIOS.obj (.text:ti_sysbios_family_c64p_Hwi_reconfig__E)
                  c373f2a0    00000220                   : BIOS.obj (.text:ti_sysbios_gates_GateMutexPri_enter__E)
                  c373f4c0    00000220     ti.targets.rts6000.ae674 : Core-mem.oe674 (.text:xdc_runtime_Core_createObject__I)
                  c373f6e0    00000200     sysbios.ae674 : c64p_Hwi_disp_always.obj (.text:_ti_sysbios_family_c64p_Hwi_dispatchAlways)
                  c373f8e0    00000200     ipc.ae674 : Ipc.obj (.text:ti_sdo_ipc_Ipc_procSyncFinish__I)
                  c373fae0    00000200               : Ipc.obj (.text:ti_sdo_ipc_notifyDrivers_NotifyDriverShm_Instance_init__F)
                  c373fce0    00000200               : Ipc.obj (.text:ti_sdo_ipc_notifyDrivers_NotifyDriverShm_sendEvent__E)
                  c373fee0    000001e0     ti.syslink.ipc.rtos.ae674 : FrameQBufMgr.oe674 (.text:FrameQBufMgr_setup)
                  c37400c0    000001e0                               : FrameQ_ShMem.oe674 (.text:FrameQ_ShMem_getNumFrames)
                  c37402a0    000001e0     ipc.ae674 : Ipc.obj (.text:GateMP_sharedMemReq)
                  c3740480    000001e0               : Ipc.obj (.text:ListMP_openByAddr)
                  c3740660    000001e0     Platform.lib : GPIO.obj (.text)
                  c3740840    000001e0     ipc.ae674 : Ipc.obj (.text:ti_sdo_utils_NameServer_Instance_finalize__F)
                  c3740a20    000001e0     sysbios.ae674 : BIOS.obj (.text:ti_sysbios_family_c64p_Exception_externalHandler__I)
                  c3740c00    000001e0                   : BIOS.obj (.text:ti_sysbios_knl_Task_Instance_init__F)
                  c3740de0    000001e0                   : BIOS.obj (.text:ti_sysbios_knl_Task_checkStacks__E)
                  c3740fc0    000001c0     ipc.ae674 : Ipc.obj (.text:ti_sdo_ipc_GateMP_getFreeResource__I)
                  c3741180    000001c0               : Ipc.obj (.text:ti_sdo_ipc_heaps_HeapMemMP_postInit__I)
                  c3741340    000001c0     sysbios.ae674 : BIOS.obj (.text:ti_sysbios_family_c64p_Cache_block__I)
                  c3741500    000001c0                   : BIOS.obj (.text:ti_sysbios_family_c64p_Exception_decodeMpfsr__I)
                  c37416c0    000001c0                   : BIOS.obj (.text:ti_sysbios_knl_Task_exit__E)
                  c3741880    000001c0                   : BIOS.obj (.text:ti_sysbios_knl_Task_postInit__I)
                  c3741a40    000001c0     ti.targets.rts6000.ae674 : Text.oe674 (.text:xdc_runtime_Text_putSite__F)
                  c3741c00    000001a0     ti.syslink.ipc.rtos.ae674 : FrameQBufMgr_ShMem.oe674 (.text:FrameQBufMgr_ShMem_setup)
                  c3741da0    000001a0                               : FrameQBufMgr.oe674 (.text:FrameQBufMgr_delete)
                  c3741f40    000001a0     ipc.ae674 : Ipc.obj (.text:ti_sdo_ipc_notifyDrivers_NotifyDriverShm_registerEvent__E)
                  c37420e0    000001a0               : Ipc.obj (.text:ti_sdo_ipc_notifyDrivers_NotifyDriverShm_unregisterEvent__E)
                  c3742280    000001a0               : Ipc.obj (.text:ti_sdo_utils_NameServer_Instance_init__F)
                  c3742420    000001a0     sysbios.ae674 : BIOS.obj (.text:ti_sysbios_timers_timer64_Timer_start__E)
                  c37425c0    000001a0     ti.targets.rts6000.ae674 : LoggerBuf.oe674 (.text:xdc_runtime_LoggerBuf_write4__F)
                  c3742760    00000180     ipc.ae674 : Ipc.obj (.text:NameServer_getHandle)
                  c37428e0    00000180     Platform.lib : UART.obj (.text)
                  c3742a60    00000180     ti.syslink.ipc.rtos.ae674 : RingIO.oe674 (.text:RingIO_setup)
                  c3742be0    00000180     drivers.lib : psc.obj (.text)
                  c3742d60    00000180     sysbios.ae674 : c64p_Exception_asm.obj (.text)
                  c3742ee0    00000180     ipc.ae674 : Ipc.obj (.text:ti_sdo_ipc_gates_GatePeterson_enter__E)
                  c3743060    00000180               : Ipc.obj (.text:ti_sdo_ipc_notifyDrivers_NotifyDriverShm_isr__I)
                  c37431e0    00000180     sysbios.ae674 : BIOS.obj (.text:ti_sysbios_heaps_HeapMem_alloc__E)
                  c3743360    00000180                   : BIOS.obj (.text:ti_sysbios_knl_Swi_schedule__I)
                  c37434e0    00000180                   : BIOS.obj (.text:ti_sysbios_knl_Task_setPri__E)
                  c3743660    00000160     ti.syslink.ipc.rtos.ae674 : ClientNotifyMgr.oe674 (.text:ClientNotifyMgr_waitOnMultiSubEntryNotify)
                  c37437c0    00000160                               : FrameQBufMgr_ShMem.oe674 (.text:FrameQBufMgr_ShMem_invalidate)
                  c3743920    00000160                               : FrameQBufMgr_ShMem.oe674 (.text:FrameQBufMgr_ShMem_writeBack)
                  c3743a80    00000160                               : FrameQ_ShMem.oe674 (.text:FrameQ_ShMem_setup)
                  c3743be0    00000160                               : FrameQ.oe674 (.text:FrameQ_destroy)
                  c3743d40    00000160                               : _Syslink.oe674 (.text:SysLink_setup)
                  c3743ea0    00000160     ipc.ae674 : Ipc.obj (.text:ti_sdo_ipc_GateMP_openRegion0Reserved__F)
                  c3744000    00000160               : Ipc.obj (.text:ti_sdo_ipc_ListMP_Instance_finalize__F)
                  c3744160    00000160               : Ipc.obj (.text:ti_sdo_ipc_Notify_Instance_init__F)
                  c37442c0    00000160               : Ipc.obj (.text:ti_sdo_ipc_heaps_HeapMemMP_Instance_finalize__F)
                  c3744420    00000160               : Ipc.obj (.text:ti_sdo_utils_NameServer_removeLocal__I)
                  c3744580    00000160     sysbios.ae674 : BIOS.obj (.text:ti_sysbios_knl_Task_schedule__I)
                  c37446e0    00000160                   : BIOS.obj (.text:ti_sysbios_knl_Task_startCore__E)
                  c3744840    00000140     ipc.ae674 : Ipc.obj (.text:HeapMemMP_openByAddr)
                  c3744980    00000140               : Ipc.obj (.text:MessageQ_put)
                  c3744ac0    00000140               : Ipc.obj (.text:Notify_registerEvent)
                  c3744c00    00000140     boot.ae674 : autoinit.oe674 (.text:_auto_init_elf)
                  c3744d40    00000140     ipc.ae674 : Ipc.obj (.text:ti_sdo_ipc_SharedRegion_start__F)
                  c3744e80    00000140               : Ipc.obj (.text:ti_sdo_ipc_notifyDrivers_NotifyDriverShm_disableEvent__E)
                  c3744fc0    00000140               : Ipc.obj (.text:ti_sdo_ipc_transports_TransportShm_openByAddr__F)
                  c3745100    00000140               : Ipc.obj (.text:ti_sdo_ipc_transports_TransportShm_put__E)
                  c3745240    00000140     sysbios.ae674 : BIOS.obj (.text:ti_sysbios_heaps_HeapMem_free__E)
                  c3745380    00000140                   : BIOS.obj (.text:ti_sysbios_knl_Task_Module_startup__F)
                  c37454c0    00000140                   : BIOS.obj (.text:ti_sysbios_knl_Task_sleep__E)
                  c3745600    00000140     ti.targets.rts6000.ae674 : Text.oe674 (.text:xdc_runtime_Text_putLab__F)
                  c3745740    00000120     ti.syslink.ipc.rtos.ae674 : FrameQBufMgr_ShMem.oe674 (.text:FrameQBufMgr_ShMem_getvNumFreeFrames)
                  c3745860    00000120                               : FrameQBufMgr_ShMem.oe674 (.text:FrameQBufMgr_ShMem_open)
                  c3745980    00000120     ipc.ae674 : Ipc.obj (.text:HeapMemMP_sharedMemReq)
                  c3745aa0    00000120               : Ipc.obj (.text:ti_sdo_ipc_MessageQ_Module_startup__F)
                  c3745bc0    00000120               : Ipc.obj (.text:ti_sdo_ipc_transports_TransportShm_sharedMemReq__F)
                  c3745ce0    00000120     sysbios.ae674 : BIOS.obj (.text:ti_sysbios_family_c64p_Exception_Module_startup__F)
                  c3745e00    00000120                   : BIOS.obj (.text:ti_sysbios_knl_Clock_workFunc__E)
                  c3745f20    00000120     ti.targets.rts6000.ae674 : LoggerBuf.oe674 (.text:xdc_runtime_LoggerBuf_setFilterLevel__F)
                  c3746040    00000120                              : Text.oe674 (.text:xdc_runtime_Text_putMod__F)
                  c3746160    00000100     ti.syslink.ipc.rtos.ae674 : ClientNotifyMgr.oe674 (.text:ClientNotifyMgr_swiFxn)
                  c3746260    00000100                               : FrameQBufMgr_ShMem.oe674 (.text:FrameQBufMgr_Shmem_updateCacheFlags)
                  c3746360    00000100                               : FrameQBufMgr.oe674 (.text:FrameQBufMgr_destroy)
                  c3746460    00000100     ipc.ae674 : Ipc.obj (.text:ListMP_sharedMemReq)
                  c3746560    00000100               : Ipc.obj (.text:Notify_registerEventSingle)
                  c3746660    00000100               : Ipc.obj (.text:Notify_sendEvent)
                  c3746760    00000100               : Ipc.obj (.text:Notify_unregisterEventSingle)
                  c3746860    00000100     ti.syslink.ipc.rtos.ae674 : FrameQ_ShMem.oe674 (.text:_FrameQ_ShMem_resetNotifyId)
                  c3746960    00000100                               : FrameQ_ShMem.oe674 (.text:_FrameQ_ShMem_setNotifyId)
                  c3746a60    00000100     ipc.ae674 : Ipc.obj (.text:ti_sdo_ipc_GateMP_start__F)
                  c3746b60    00000100               : Ipc.obj (.text:ti_sdo_ipc_Notify_Instance_finalize__F)
                  c3746c60    00000100     dsp_pe674.oe674 (.text:ti_sdo_ipc_Notify_Object__create__S)
                  c3746d60    00000100     ipc.ae674 : Ipc.obj (.text:ti_sdo_ipc_SharedRegion_attach__F)
                  c3746e60    00000100               : Ipc.obj (.text:ti_sdo_ipc_SharedRegion_clearReservedMemory__F)
                  c3746f60    00000100     dsp_pe674.oe674 (.text:ti_sdo_ipc_gates_GatePeterson_Object__create__S)
                  c3747060    00000100     ipc.ae674 : Ipc.obj (.text:ti_sdo_ipc_nsremote_NameServerRemoteNotify_Instance_finalize__F)
                  c3747160    00000100     dsp_pe674.oe674 (.text:ti_sdo_ipc_nsremote_NameServerRemoteNotify_Object__create__S)
                  c3747260    00000100     ipc.ae674 : Ipc.obj (.text:ti_sdo_ipc_transports_TransportShmSetup_attach__E)
                  c3747360    00000100     dsp_pe674.oe674 (.text:ti_sdo_ipc_transports_TransportShm_Object__create__S)
                  c3747460    00000100     dsp_pe674.oe674 (.text:ti_sdo_utils_NameServer_Object__create__S)
                  c3747560    00000100     ipc.ae674 : Ipc.obj (.text:ti_sdo_utils_NameServer_findLocal__I)
                  c3747660    00000100     sysbios.ae674 : BIOS.obj (.text:ti_sysbios_family_c64p_Hwi_Module_startup__F)
                  c3747760    00000100     dsp_pe674.oe674 (.text:ti_sysbios_family_c64p_Hwi_Object__create__S)
                  c3747860    00000100     sysbios.ae674 : BIOS.obj (.text:ti_sysbios_family_c64p_Hwi_dispatchC__I)
                  c3747960    00000100                   : BIOS.obj (.text:ti_sysbios_gates_GateMutexPri_leave__E)
                  c3747a60    00000100     dsp_pe674.oe674 (.text:ti_sysbios_hal_Hwi_Object__create__S)
                  c3747b60    00000100     sysbios.ae674 : BIOS.obj (.text:ti_sysbios_knl_Clock_startI__E)
                  c3747c60    00000100                   : BIOS.obj (.text:ti_sysbios_knl_Semaphore_post__E)
                  c3747d60    00000100     dsp_pe674.oe674 (.text:ti_sysbios_knl_Swi_Object__create__S)
                  c3747e60    00000100     sysbios.ae674 : BIOS.obj (.text:ti_sysbios_knl_Swi_restoreHwi__E)
                  c3747f60    00000100     dsp_pe674.oe674 (.text:ti_sysbios_knl_Task_Object__create__S)
                  c3748060    00000100     sysbios.ae674 : BIOS.obj (.text:ti_sysbios_timers_timer64_Timer_initDevice__I)
                  c3748160    00000100     ti.targets.rts6000.ae674 : Core-mem.oe674 (.text:xdc_runtime_Core_deleteObject__I)
                  c3748260    00000100                              : LoggerBuf.oe674 (.text:xdc_runtime_LoggerBuf_getFilterLevel__F)
                  c3748360    00000100                              : Startup.oe674 (.text:xdc_runtime_Startup_exec__F)
                  c3748460    00000100                              : Text.oe674 (.text:xdc_runtime_Text_visitRope2__I)
                  c3748560    000000e0     ti.syslink.ipc.rtos.ae674 : ClientNotifyMgr.oe674 (.text:ClientNotifyMgr_cbFxn)
                  c3748640    000000e0                               : ClientNotifyMgr.oe674 (.text:ClientNotifyMgr_enableNotification)
                  c3748720    000000e0                               : ClientNotifyMgr.oe674 (.text:ClientNotifyMgr_thFxn)
                  c3748800    000000e0                               : FrameQBufMgr.oe674 (.text:FrameQBufMgr_getHandle)
                  c37488e0    000000e0                               : FrameQBufMgr.oe674 (.text:FrameQBufMgr_getInstNo)
                  c37489c0    000000e0                               : FrameQ_ShMem.oe674 (.text:FrameQ_ShMem_open)
                  c3748aa0    000000e0     ipc.ae674 : Ipc.obj (.text:NameServer_getLocal)
                  c3748b80    000000e0     Platform.lib : UARTConsole.obj (.text)
                  c3748c60    000000e0     ti.syslink.ipc.rtos.ae674 : RingIOShm.oe674 (.text:RingIOShm_setup)
                  c3748d40    000000e0                               : RingIO.oe674 (.text:RingIO_destroy)
                  c3748e20    000000e0                               : SharedMemoryMgr.oe674 (.text:SyslinkMemMgr_SharedMemory_translate)
                  c3748f00    000000e0     rts6740_elf.lib : memset.obj (.text:memset)
                  c3748fe0    000000e0     dsp_pe674.oe674 (.text:ti_sdo_ipc_GateMP_Object__create__S)
                  c37490c0    000000e0     ipc.ae674 : Ipc.obj (.text:ti_sdo_ipc_Ipc_getMasterAddr__I)
                  c37491a0    000000e0               : Ipc.obj (.text:ti_sdo_ipc_Ipc_getSlaveAddr__I)
                  c3749280    000000e0     dsp_pe674.oe674 (.text:ti_sdo_ipc_ListMP_Object__create__S)
                  c3749360    000000e0     ipc.ae674 : Ipc.obj (.text:ti_sdo_ipc_Notify_detach__F)
                  c3749440    000000e0               : Ipc.obj (.text:ti_sdo_ipc_SharedRegion_reserveMemory__F)
                  c3749520    000000e0               : Ipc.obj (.text:ti_sdo_ipc_SharedRegion_stop__F)
                  c3749600    000000e0               : Ipc.obj (.text:ti_sdo_ipc_gates_GatePeterson_sharedMemReq__E)
                  c37496e0    000000e0     dsp_pe674.oe674 (.text:ti_sdo_ipc_heaps_HeapMemMP_Object__create__S)
                  c37497c0    000000e0     dsp_pe674.oe674 (.text:ti_sdo_ipc_notifyDrivers_NotifyDriverShm_Object__create__S)
                  c37498a0    000000e0     ipc.ae674 : Ipc.obj (.text:ti_sdo_utils_NameServer_Module_startup__F)
                  c3749980    000000e0     sysbios.ae674 : BIOS.obj (.text:ti_sysbios_family_c64p_Cache_Module_startup__F)
                  c3749a60    000000e0                   : BIOS.obj (.text:ti_sysbios_family_c64p_Hwi_Instance_finalize__F)
                  c3749b40    000000e0                   : BIOS.obj (.text:ti_sysbios_family_c64p_Hwi_Instance_init__F)
                  c3749c20    000000e0                   : BIOS.obj (.text:ti_sysbios_knl_Task_unblockI__E)
                  c3749d00    000000e0     ti.targets.rts6000.ae674 : Error.oe674 (.text:xdc_runtime_Error_print__F)
                  c3749de0    000000e0     dsp_pe674.oe674 (.text:xdc_runtime_LoggerBuf_Object__create__S)
                  c3749ec0    000000e0     ti.targets.rts6000.ae674 : Memory.oe674 (.text:xdc_runtime_Memory_alloc__F)
                  c3749fa0    000000e0     dsp_pe674.oe674 (.text:xdc_runtime_Registry_addModule__E)
                  c374a080    000000e0     dsp_pe674.oe674 (.text:xdc_runtime_knl_GateThread_Object__create__S)
                  c374a160    000000c0     ti.syslink.ipc.rtos.ae674 : ClientNotifyMgr.oe674 (.text:ClientNotifyMgr_sharedMemReq)
                  c374a220    000000c0                               : FrameQBufMgr_ShMem.oe674 (.text:FrameQBufMgr_ShMem_destroy)
                  c374a2e0    000000c0                               : FrameQ_ShMem.oe674 (.text:FrameQ_Shmem_updateCacheFlags)
                  c374a3a0    000000c0     rts6740_elf.lib : trgdrv.obj (.text:HOSTwrite)
                  c374a460    000000c0     ipc.ae674 : Ipc.obj (.text:HeapMemMP_create)
                  c374a520    000000c0               : Ipc.obj (.text:Ipc_stop)
                  c374a5e0    000000c0               : Ipc.obj (.text:ListMP_create)
                  c374a6a0    000000c0               : Ipc.obj (.text:MultiProc_getId)
                  c374a760    000000c0               : Ipc.obj (.text:NameServer_create)
                  c374a820    000000c0               : Ipc.obj (.text:SharedRegion_getId)
                  c374a8e0    000000c0     ti.syslink.ipc.rtos.ae674 : SyslinkMemMgr.oe674 (.text:SyslinkMemMgr_delete)
                  c374a9a0    000000c0     rts6740_elf.lib : dtor_list.obj (.text:_Z11__TI_atexitPFYvPvES_S_)
                  c374aa60    000000c0                     : dtor_list.obj (.text:__cxa_finalize)
                  c374ab20    000000c0                     : divu.obj (.text:__divu)
                  c374abe0    000000c0                     : exit.obj (.text:exit)
                  c374aca0    000000c0     ipc.ae674 : Ipc.obj (.text:ti_sdo_ipc_GateMP_attach__F)
                  c374ad60    000000c0               : Ipc.obj (.text:ti_sdo_ipc_ListMP_elemClear__I)
                  c374ae20    000000c0               : Ipc.obj (.text:ti_sdo_ipc_Notify_execMany__I)
                  c374aee0    000000c0               : Ipc.obj (.text:ti_sdo_ipc_SharedRegion_detach__F)
                  c374afa0    000000c0               : Ipc.obj (.text:ti_sdo_ipc_family_da830_InterruptDsp_intRegister__E)
                  c374b060    000000c0               : Ipc.obj (.text:ti_sdo_ipc_gates_GatePeterson_postInit__I)
                  c374b120    000000c0               : Ipc.obj (.text:ti_sdo_ipc_nsremote_NameServerRemoteNotify_attach__E)
                  c374b1e0    000000c0               : Ipc.obj (.text:ti_sdo_utils_NameServer_postInit__I)
                  c374b2a0    000000c0     sysbios.ae674 : BIOS.obj (.text:ti_sysbios_heaps_HeapMem_getStats__E)
                  c374b360    000000c0                   : BIOS.obj (.text:ti_sysbios_knl_Swi_Instance_init__F)
                  c374b420    000000c0                   : BIOS.obj (.text:ti_sysbios_knl_Swi_run__I)
                  c374b4e0    000000c0                   : BIOS.obj (.text:ti_sysbios_knl_Task_allBlockedFunction__I)
                  c374b5a0    000000c0                   : BIOS.obj (.text:ti_sysbios_timers_timer64_Timer_startup__E)
                  c374b660    000000c0     ti.targets.rts6000.ae674 : LoggerBuf.oe674 (.text:xdc_runtime_LoggerBuf_Instance_init__F)
                  c374b720    000000c0     dsp_pe674.oe674 (.text:xdc_runtime_Registry_findById__E)
                  c374b7e0    000000c0     ti.targets.rts6000.ae674 : System.oe674 (.text:xdc_runtime_System_formatNum__I)
                  c374b8a0    000000a0     ti.syslink.ipc.rtos.ae674 : FrameQBufMgr_ShMem.oe674 (.text:FrameQBufMgr_ShMem_getNumFreeFrames)
                  c374b940    000000a0                               : FrameQBufMgr_ShMem.oe674 (.text:FrameQBufMgr_ShMem_registerNotifier)
                  c374b9e0    000000a0                               : FrameQBufMgr_ShMem.oe674 (.text:FrameQBufMgr_ShMem_translateAddr)
                  c374ba80    000000a0     ipc.ae674 : Ipc.obj (.text:SharedRegion_getPtr)
                  c374bb20    000000a0               : Ipc.obj (.text:SharedRegion_getSRPtr)
                  c374bbc0    000000a0     rts6740_elf.lib : remu.obj (.text:__remu)
                  c374bc60    000000a0     boot.ae674 : boot.oe674 (.text:_c_int00)
                  c374bd00    000000a0     sysbios.ae674 : c64p_Hwi_asm.obj (.text:_ti_sysbios_family_c64p_Hwi_plug__E)
                  c374bda0    000000a0     rts6740_elf.lib : memcpy64.obj (.text:memcpy)
                  c374be40    000000a0     ipc.ae674 : Ipc.obj (.text:ti_sdo_ipc_GateMP_detach__F)
                  c374bee0    000000a0               : Ipc.obj (.text:ti_sdo_ipc_GateMP_getRegion0ReservedSize__F)
                  c374bf80    000000a0               : Ipc.obj (.text:ti_sdo_ipc_GateMP_stop__F)
                  c374c020    000000a0               : Ipc.obj (.text:ti_sdo_ipc_gates_GatePeterson_leave__E)
                  c374c0c0    000000a0               : Ipc.obj (.text:ti_sdo_ipc_notifyDrivers_NotifyDriverShm_Instance_finalize__F)
                  c374c160    000000a0               : Ipc.obj (.text:ti_sdo_ipc_transports_TransportShmSetup_detach__E)
                  c374c200    000000a0     sysbios.ae674 : BIOS.obj (.text:ti_sysbios_family_c64p_Hwi_eventMap__E)
                  c374c2a0    000000a0                   : BIOS.obj (.text:ti_sysbios_family_c64p_Hwi_getStackInfo__E)
                  c374c340    000000a0                   : BIOS.obj (.text:ti_sysbios_gates_GateMutex_enter__E)
                  c374c3e0    000000a0                   : BIOS.obj (.text:ti_sysbios_heaps_HeapMem_init__I)
                  c374c480    000000a0                   : BIOS.obj (.text:ti_sysbios_knl_Idle_run__E)
                  c374c520    000000a0                   : BIOS.obj (.text:ti_sysbios_knl_Semaphore_pendTimeout__I)
                  c374c5c0    000000a0                   : BIOS.obj (.text:ti_sysbios_knl_Swi_restore__E)
                  c374c660    000000a0                   : BIOS.obj (.text:ti_sysbios_timers_timer64_Timer_stop__E)
                  c374c700    000000a0     ti.targets.rts6000.ae674 : Assert.oe674 (.text:xdc_runtime_Assert_raise__I)
                  c374c7a0    000000a0                              : LoggerBuf.oe674 (.text:xdc_runtime_LoggerBuf_Module_startup__F)
                  c374c840    000000a0                              : Registry.oe674 (.text:xdc_runtime_Registry_addModule__F)
                  c374c8e0    000000a0                              : Registry.oe674 (.text:xdc_runtime_Registry_findByName__F)
                  c374c980    000000a0                              : SysMin.oe674 (.text:xdc_runtime_SysMin_abort__F)
                  c374ca20    000000a0                              : SysMin.oe674 (.text:xdc_runtime_SysMin_flush__F)
                  c374cac0    000000a0                              : SysMin.oe674 (.text:xdc_runtime_SysMin_putch__F)
                  c374cb60    000000a0                              : Text.oe674 (.text:xdc_runtime_Text_xprintf__I)
                  c374cc00    00000080     ti.syslink.ipc.rtos.ae674 : FrameQBufMgr_ShMem.oe674 (.text:FrameQBufMgr_ShMem_invalidateHeaderBuf)
                  c374cc80    00000080                               : FrameQBufMgr.oe674 (.text:FrameQBufMgr_freeInstNo)
                  c374cd00    00000080                               : FrameQ_ShMem.oe674 (.text:FrameQ_ShMem_destroy)
                  c374cd80    00000080     ipc.ae674 : Ipc.obj (.text:GateMP_close)
                  c374ce00    00000080               : Ipc.obj (.text:GateMP_create)
                  c374ce80    00000080               : Ipc.obj (.text:HeapMemMP_restore)
                  c374cf00    00000080               : Ipc.obj (.text:SharedRegion_getEntry)
                  c374cf80    00000080     ti.syslink.ipc.rtos.ae674 : SharedMemoryMgr.oe674 (.text:SyslinkMemMgr_SharedMemory_delete)
                  c374d000    00000080                               : TilerMemoryMgr.oe674 (.text:SyslinkMemMgr_TilerMemory_delete)
                  c374d080    00000080     rts6740_elf.lib : llshift.obj (.text:__c6xabi_llshl)
                  c374d100    00000080     sysbios.ae674 : c62_TaskSupport_asm.obj (.text:_ti_sysbios_family_c62_TaskSupport_swap__E)
                  c374d180    00000080     main_dsp.oe674 (.text)
                  c374d200    00000080     dsp_pe674.oe674 (.text:malloc)
                  c374d280    00000080     rts6740_elf.lib : trgmsg.obj (.text:readmsg)
                  c374d300    00000080                     : strncpy.obj (.text:strncpy)
                  c374d380    00000080     ipc.ae674 : Ipc.obj (.text:ti_sdo_ipc_Notify_Module_startup__F)
                  c374d400    00000080               : Ipc.obj (.text:ti_sdo_ipc_family_da830_NotifySetup_sharedMemReq__E)
                  c374d480    00000080     dsp_pe674.oe674 (.text:ti_sdo_ipc_gates_GateMPSupportNull_Object__create__S)
                  c374d500    00000080     ipc.ae674 : Ipc.obj (.text:ti_sdo_ipc_notifyDrivers_NotifyDriverShm_sharedMemReq__F)
                  c374d580    00000080               : Ipc.obj (.text:ti_sdo_ipc_nsremote_NameServerRemoteNotify_detach__E)
                  c374d600    00000080               : Ipc.obj (.text:ti_sdo_ipc_transports_TransportShm_swiFxn__I)
                  c374d680    00000080     dsp_pe674.oe674 (.text:ti_sdo_utils_List_Object__create__S)
                  c374d700    00000080     sysbios.ae674 : BIOS.obj (.text:ti_sysbios_BIOS_errorRaiseHook__I)
                  c374d780    00000080     dsp_pe674.oe674 (.text:ti_sysbios_BIOS_exitFunc__I)
                  c374d800    00000080     dsp_pe674.oe674 (.text:ti_sysbios_gates_GateAll_Object__create__S)
                  c374d880    00000080     dsp_pe674.oe674 (.text:ti_sysbios_gates_GateHwi_Object__create__S)
                  c374d900    00000080     dsp_pe674.oe674 (.text:ti_sysbios_gates_GateMutexPri_Object__create__S)
                  c374d980    00000080     dsp_pe674.oe674 (.text:ti_sysbios_gates_GateMutex_Object__create__S)
                  c374da00    00000080     dsp_pe674.oe674 (.text:ti_sysbios_gates_GateSwi_Object__create__S)
                  c374da80    00000080     sysbios.ae674 : BIOS.obj (.text:ti_sysbios_hal_Hwi_checkStack:ti_sysbios_hal_Hwi_checkStack)
                  c374db00    00000080                   : BIOS.obj (.text:ti_sysbios_hal_Hwi_initStack:ti_sysbios_hal_Hwi_initStack)
                  c374db80    00000080                   : BIOS.obj (.text:ti_sysbios_heaps_HeapMem_Instance_init__F)
                  c374dc00    00000080     dsp_pe674.oe674 (.text:ti_sysbios_heaps_HeapMem_Object__create__S)
                  c374dc80    00000080     sysbios.ae674 : BIOS.obj (.text:ti_sysbios_knl_Clock_Module_startup__F)
                  c374dd00    00000080     dsp_pe674.oe674 (.text:ti_sysbios_knl_Clock_doTick__I)
                  c374dd80    00000080     sysbios.ae674 : BIOS.obj (.text:ti_sysbios_knl_Clock_getTicks__E)
                  c374de00    00000080     dsp_pe674.oe674 (.text:ti_sysbios_knl_Queue_Object__create__S)
                  c374de80    00000080     dsp_pe674.oe674 (.text:ti_sysbios_knl_Semaphore_Object__create__S)
                  c374df00    00000080     sysbios.ae674 : BIOS.obj (.text:ti_sysbios_knl_Swi_post__E)
                  c374df80    00000080                   : BIOS.obj (.text:ti_sysbios_knl_Task_processVitalTaskFlag__I)
                  c374e000    00000080                   : BIOS.obj (.text:ti_sysbios_knl_Task_restoreHwi__E)
                  c374e080    00000080                   : BIOS.obj (.text:ti_sysbios_knl_Task_restore__E)
                  c374e100    00000080                   : BIOS.obj (.text:ti_sysbios_knl_Task_yield__E)
                  c374e180    00000080                   : BIOS.obj (.text:ti_sysbios_timers_timer64_Timer_getExpiredCounts__E)
                  c374e200    00000080                   : BIOS.obj (.text:ti_sysbios_timers_timer64_Timer_getPeriod__E)
                  c374e280    00000080     dsp_pe674.oe674 (.text:ti_sysbios_xdcruntime_GateThreadSupport_Object__create__S)
                  c374e300    00000080     ti.targets.rts6000.ae674 : Core-label.oe674 (.text:xdc_runtime_Core_assignLabel__I)
                  c374e380    00000080                              : Core-params.oe674 (.text:xdc_runtime_Core_assignParams__I)
                  c374e400    00000080                              : LoggerBuf.oe674 (.text:xdc_runtime_LoggerBuf_filterOutEvent__I)
                  c374e480    00000080                              : System.oe674 (.text:xdc_runtime_System_atexit__F)
                  c374e500    00000080                              : System.oe674 (.text:xdc_runtime_System_putchar__I)
                  c374e580    00000080                              : System.oe674 (.text:xdc_runtime_System_rtsExit__I)
                  c374e600    00000080                              : Text.oe674 (.text:xdc_runtime_Text_printVisFxn__I)
                  c374e680    00000060     ti.syslink.ipc.rtos.ae674 : ClientNotifyMgr.oe674 (.text:ClientNotifyMgr_Params_init)
                  c374e6e0    00000060                               : ClientNotifyMgr.oe674 (.text:ClientNotifyMgr_callBack)
                  c374e740    00000060                               : ClientNotifyMgr.oe674 (.text:ClientNotifyMgr_getConfig)
                  c374e7a0    00000060                               : ClientNotifyMgr.oe674 (.text:ClientNotifyMgr_setNameServer)
                  c374e800    00000060                               : FrameQBufMgr.oe674 (.text:FrameQBufMgr_Params_init)
                  c374e860    00000060                               : FrameQBufMgr_ShMem.oe674 (.text:FrameQBufMgr_ShMem_getConfig)
                  c374e8c0    00000060                               : FrameQBufMgr_ShMem.oe674 (.text:FrameQBufMgr_ShMem_invalidateFrameBuf)
                  c374e920    00000060                               : FrameQBufMgr_ShMem.oe674 (.text:FrameQBufMgr_ShMem_unregisterNotifier)
                  c374e980    00000060                               : FrameQBufMgr_ShMem.oe674 (.text:FrameQBufMgr_ShMem_writeBackFrameBuf)
                  c374e9e0    00000060                               : FrameQBufMgr_ShMem.oe674 (.text:FrameQBufMgr_ShMem_writeBackHeaderBuf)
                  c374ea40    00000060                               : FrameQBufMgr.oe674 (.text:FrameQBufMgr_getConfig)
                  c374eaa0    00000060                               : FrameQ_ShMem.oe674 (.text:FrameQ_ShMem_alloc)
                  c374eb00    00000060                               : FrameQ_ShMem.oe674 (.text:FrameQ_ShMem_allocv)
                  c374eb60    00000060                               : FrameQ_ShMem.oe674 (.text:FrameQ_ShMem_freev)
                  c374ebc0    00000060                               : FrameQ_ShMem.oe674 (.text:FrameQ_ShMem_getConfig)
                  c374ec20    00000060     ipc.ae674 : Ipc.obj (.text:GateMP_Params_init)
                  c374ec80    00000060               : Ipc.obj (.text:HeapMemMP_Params_init)
                  c374ece0    00000060               : Ipc.obj (.text:Ipc_isAttached)
                  c374ed40    00000060               : Ipc.obj (.text:Notify_numIntLines)
                  c374eda0    00000060               : Ipc.obj (.text:Notify_sharedMemReq)
                  c374ee00    00000060               : Ipc.obj (.text:SharedRegion_getCacheLineSize)
                  c374ee60    00000060               : Ipc.obj (.text:SharedRegion_getHeap)
                  c374eec0    00000060               : Ipc.obj (.text:SharedRegion_isCacheEnabled)
                  c374ef20    00000060     ti.syslink.ipc.rtos.ae674 : SharedMemoryMgr.oe674 (.text:SyslinkMemMgr_SharedMemory_alloc)
                  c374ef80    00000060                               : SharedMemoryMgr.oe674 (.text:SyslinkMemMgr_SharedMemory_create)
                  c374efe0    00000060                               : SharedMemoryMgr.oe674 (.text:SyslinkMemMgr_SharedMemory_free)
                  c374f040    00000060                               : TilerMemoryMgr.oe674 (.text:SyslinkMemMgr_TilerMemory_create)
                  c374f0a0    00000060                               : SyslinkMemMgr.oe674 (.text:SyslinkMemMgr_alloc)
                  c374f100    00000060                               : SyslinkMemMgr.oe674 (.text:SyslinkMemMgr_free)
                  c374f160    00000060     rts6740_elf.lib : imath64.obj (.text:_subcull)
                  c374f1c0    00000060     dsp_pe674.oe674 (.text:calloc)
                  c374f220    00000060     dsp_pe674.oe674 (.text:ti_sdo_ipc_GateMP_Object__delete__S)
                  c374f280    00000060     ipc.ae674 : Ipc.obj (.text:ti_sdo_ipc_GateMP_createLocal__F)
                  c374f2e0    00000060               : Ipc.obj (.text:ti_sdo_ipc_Ipc_getRegion0ReservedSize__I)
                  c374f340    00000060     dsp_pe674.oe674 (.text:ti_sdo_ipc_ListMP_Object__delete__S)
                  c374f3a0    00000060     dsp_pe674.oe674 (.text:ti_sdo_ipc_Notify_Object__delete__S)
                  c374f400    00000060     ipc.ae674 : Ipc.obj (.text:ti_sdo_ipc_gates_GatePeterson_Instance_finalize__F)
                  c374f460    00000060     dsp_pe674.oe674 (.text:ti_sdo_ipc_gates_GatePeterson_Object__delete__S)
                  c374f4c0    00000060     dsp_pe674.oe674 (.text:ti_sdo_ipc_heaps_HeapMemMP_Object__delete__S)
                  c374f520    00000060     dsp_pe674.oe674 (.text:ti_sdo_ipc_notifyDrivers_NotifyDriverShm_Object__delete__S)
                  c374f580    00000060     ipc.ae674 : Ipc.obj (.text:ti_sdo_ipc_notifyDrivers_NotifyDriverShm_enableEvent__E)
                  c374f5e0    00000060               : Ipc.obj (.text:ti_sdo_ipc_notifyDrivers_NotifyDriverShm_setNotifyHandle__E)
                  c374f640    00000060     dsp_pe674.oe674 (.text:ti_sdo_ipc_nsremote_NameServerRemoteNotify_Object__delete__S)
                  c374f6a0    00000060     ipc.ae674 : Ipc.obj (.text:ti_sdo_ipc_transports_TransportShmSetup_sharedMemReq__E)
                  c374f700    00000060     dsp_pe674.oe674 (.text:ti_sdo_ipc_transports_TransportShm_Object__delete__S)
                  c374f760    00000060     dsp_pe674.oe674 (.text:ti_sdo_utils_NameServer_Object__delete__S)
                  c374f7c0    00000060     sysbios.ae674 : BIOS.obj (.text:ti_sysbios_BIOS_registerRTSLock__I)
                  c374f820    00000060                   : BIOS.obj (.text:ti_sysbios_BIOS_removeRTSLock__I)
                  c374f880    00000060                   : BIOS.obj (.text:ti_sysbios_BIOS_rtsLock__I)
                  c374f8e0    00000060                   : BIOS.obj (.text:ti_sysbios_family_c62_TaskSupport_start__E)
                  c374f940    00000060                   : BIOS.obj (.text:ti_sysbios_family_c64p_Cache_all__I)
                  c374f9a0    00000060                   : BIOS.obj (.text:ti_sysbios_family_c64p_Cache_marInit__I)
                  c374fa00    00000060                   : BIOS.obj (.text:ti_sysbios_family_c64p_Cache_setMar__E)
                  c374fa60    00000060                   : BIOS.obj (.text:ti_sysbios_family_c64p_Cache_setSize__E)
                  c374fac0    00000060                   : BIOS.obj (.text:ti_sysbios_family_c64p_Cache_wait__E)
                  c374fb20    00000060     dsp_pe674.oe674 (.text:ti_sysbios_family_c64p_Hwi_Object__delete__S)
                  c374fb80    00000060     sysbios.ae674 : BIOS.obj (.text:ti_sysbios_gates_GateAll_enter__E)
                  c374fbe0    00000060                   : BIOS.obj (.text:ti_sysbios_gates_GateAll_leave__E)
                  c374fc40    00000060     dsp_pe674.oe674 (.text:ti_sysbios_gates_GateMutexPri_Object__delete__S)
                  c374fca0    00000060     sysbios.ae674 : BIOS.obj (.text:ti_sysbios_gates_GateMutex_Instance_init__F)
                  c374fd00    00000060     dsp_pe674.oe674 (.text:ti_sysbios_gates_GateMutex_Object__delete__S)
                  c374fd60    00000060     sysbios.ae674 : BIOS.obj (.text:ti_sysbios_hal_Hwi_Instance_init__F)
                  c374fdc0    00000060     dsp_pe674.oe674 (.text:ti_sysbios_hal_Hwi_Object__delete__S)
                  c374fe20    00000060     sysbios.ae674 : BIOS.obj (.text:ti_sysbios_knl_Clock_setupTimerToSkipTicks__E)
                  c374fe80    00000060                   : BIOS.obj (.text:ti_sysbios_knl_Semaphore_Instance_init__F)
                  c374fee0    00000060     dsp_pe674.oe674 (.text:ti_sysbios_knl_Semaphore_Object__delete__S)
                  c374ff40    00000060     sysbios.ae674 : BIOS.obj (.text:ti_sysbios_knl_Swi_Module_startup__F)
                  c374ffa0    00000060     dsp_pe674.oe674 (.text:ti_sysbios_knl_Swi_Object__delete__S)
                  c3750000    00000060     dsp_pe674.oe674 (.text:ti_sysbios_knl_Task_Object__delete__S)
                  c3750060    00000060     sysbios.ae674 : BIOS.obj (.text:ti_sysbios_knl_Task_enter__I)
                  c37500c0    00000060                   : BIOS.obj (.text:ti_sysbios_knl_Task_sleepTimeout__I)
                  c3750120    00000060     dsp_pe674.oe674 (.text:ti_sysbios_xdcruntime_GateThreadSupport_Object__delete__S)
                  c3750180    00000060     ti.syslink.ipc.rtos.ae674 : Syslink.oe674 (.text:ti_syslink_ipc_rtos_Syslink_attach)
                  c37501e0    00000060     rts6740_elf.lib : trgmsg.obj (.text:writemsg)
                  c3750240    00000060     dsp_pe674.oe674 (.text:xdc_runtime_GateNull_Object__create__S)
                  c37502a0    00000060     dsp_pe674.oe674 (.text:xdc_runtime_LoggerBuf_Object__delete__S)
                  c3750300    00000060     ti.targets.rts6000.ae674 : Memory.oe674 (.text:xdc_runtime_Memory_calloc__F)
                  c3750360    00000060                              : Memory.oe674 (.text:xdc_runtime_Memory_valloc__F)
                  c37503c0    00000060                              : SysMin.oe674 (.text:xdc_runtime_SysMin_Module_startup__F)
                  c3750420    00000060                              : SysMin.oe674 (.text:xdc_runtime_SysMin_exit__F)
                  c3750480    00000060     dsp_pe674.oe674 (.text:xdc_runtime_SysMin_output__I)
                  c37504e0    00000060     ti.targets.rts6000.ae674 : System.oe674 (.text:xdc_runtime_System_aprintf_va__F)
                  c3750540    00000060                              : System.oe674 (.text:xdc_runtime_System_printf_va__F)
                  c37505a0    00000060                              : Text.oe674 (.text:xdc_runtime_Text_cordText__F)
                  c3750600    00000060     dsp_pe674.oe674 (.text:xdc_runtime_knl_GateThread_Object__delete__S)
                  c3750660    00000040     ti.syslink.ipc.rtos.ae674 : FrameQ_ShMem.oe674 (.text:FrameQ_ShMem_dup)
                  c37506a0    00000040                               : FrameQ_ShMem.oe674 (.text:FrameQ_ShMem_free)
                  c37506e0    00000040                               : FrameQ_ShMem.oe674 (.text:FrameQ_ShMem_getNumFreeFrames)
                  c3750720    00000040                               : FrameQ_ShMem.oe674 (.text:FrameQ_ShMem_getvNumFreeFrames)
                  c3750760    00000040                               : FrameQ_ShMem.oe674 (.text:FrameQ_ShMem_sendNotify)
                  c37507a0    00000040                               : FrameQ.oe674 (.text:FrameQ_getConfig)
                  c37507e0    00000040     ipc.ae674 : Ipc.obj (.text:HeapMemMP_alloc)
                  c3750820    00000040               : Ipc.obj (.text:Notify_intLineRegistered)
                  c3750860    00000040     ti.syslink.ipc.rtos.ae674 : RingIOShm.oe674 (.text:RingIOShm_destroy)
                  c37508a0    00000040                               : SharedMemoryMgr.oe674 (.text:SyslinkMemMgr_SharedMemory_Params_init)
                  c37508e0    00000040                               : TilerMemoryMgr.oe674 (.text:SyslinkMemMgr_TilerMemory_Params_init)
                  c3750920    00000040     rts6740_elf.lib : llshift.obj (.text:__c6xabi_llshru)
                  c3750960    00000040                     : strasg.obj (.text:__strasgi_64plus)
                  c37509a0    00000040                     : args_main.obj (.text:_args_main)
                  c37509e0    00000040     sysbios.ae674 : c62_TaskSupport_asm.obj (.text:_ti_sysbios_family_c62_TaskSupport_buildTaskStack)
                  c3750a20    00000040                   : c64p_Hwi_asm_switch.obj (.text:_ti_sysbios_family_xxx_Hwi_switchToIsrStack)
                  c3750a60    00000040     dsp_pe674.oe674 (.text:free)
                  c3750aa0    00000040     ti.syslink.ipc.rtos.ae674 : FrameQBufMgr_ShMem.oe674 (.text:strcpy)
                  c3750ae0    00000040     ipc.ae674 : Ipc.obj (.text:ti_sdo_ipc_MessageQ_registerTransport__F)
                  c3750b20    00000040               : Ipc.obj (.text:ti_sdo_ipc_MessageQ_unregisterTransport__F)
                  c3750b60    00000040               : Ipc.obj (.text:ti_sdo_ipc_Notify_exec__F)
                  c3750ba0    00000040               : Ipc.obj (.text:ti_sdo_ipc_SharedRegion_resetInternalFields__F)
                  c3750be0    00000040               : Ipc.obj (.text:ti_sdo_ipc_family_da830_InterruptDsp_intClear__E)
                  c3750c20    00000040               : Ipc.obj (.text:ti_sdo_ipc_family_da830_InterruptDsp_intSend__E)
                  c3750c60    00000040     dsp_pe674.oe674 (.text:ti_sdo_ipc_gates_GateMPSupportNull_Handle__label__S)
                  c3750ca0    00000040     dsp_pe674.oe674 (.text:ti_sdo_ipc_gates_GateMPSupportNull_Object__delete__S)
                  c3750ce0    00000040     dsp_pe674.oe674 (.text:ti_sdo_ipc_gates_GatePeterson_Handle__label__S)
                  c3750d20    00000040     dsp_pe674.oe674 (.text:ti_sdo_ipc_heaps_HeapMemMP_Handle__label__S)
                  c3750d60    00000040     dsp_pe674.oe674 (.text:ti_sdo_ipc_notifyDrivers_NotifyDriverShm_Handle__label__S)
                  c3750da0    00000040     dsp_pe674.oe674 (.text:ti_sdo_ipc_nsremote_NameServerRemoteNotify_Handle__label__S)
                  c3750de0    00000040     ipc.ae674 : Ipc.obj (.text:ti_sdo_ipc_nsremote_NameServerRemoteNotify_sharedMemReq__E)
                  c3750e20    00000040     dsp_pe674.oe674 (.text:ti_sdo_ipc_transports_TransportShm_Handle__label__S)
                  c3750e60    00000040     dsp_pe674.oe674 (.text:ti_sdo_utils_List_Object__delete__S)
                  c3750ea0    00000040     ipc.ae674 : Ipc.obj (.text:ti_sdo_utils_List_get__E)
                  c3750ee0    00000040               : Ipc.obj (.text:ti_sdo_utils_List_putHead__E)
                  c3750f20    00000040               : Ipc.obj (.text:ti_sdo_utils_List_put__E)
                  c3750f60    00000040     dsp_pe674.oe674 (.text:ti_sdo_utils_NameServer_Module__startupDone__F)
                  c3750fa0    00000040     dsp_pe674.oe674 (.text:ti_sdo_utils_NameServer_Object__get__S)
                  c3750fe0    00000040     ipc.ae674 : Ipc.obj (.text:ti_sdo_utils_NameServer_registerRemoteDriver__E)
                  c3751020    00000040               : Ipc.obj (.text:ti_sdo_utils_NameServer_unregisterRemoteDriver__E)
                  c3751060    00000040     sysbios.ae674 : BIOS.obj (.text:ti_sysbios_BIOS_rtsUnlock__I)
                  c37510a0    00000040     dsp_pe674.oe674 (.text:ti_sysbios_BIOS_startFunc__I)
                  c37510e0    00000040     dsp_pe674.oe674 (.text:ti_sysbios_family_c64p_Hwi_Module__startupDone__F)
                  c3751120    00000040     sysbios.ae674 : BIOS.obj (.text:ti_sysbios_family_c64p_Hwi_disableInterrupt__E)
                  c3751160    00000040                   : BIOS.obj (.text:ti_sysbios_family_c64p_Hwi_enableInterrupt__E)
                  c37511a0    00000040                   : BIOS.obj (.text:ti_sysbios_family_c64p_primus_TimerSupport_enable__E)
                  c37511e0    00000040     dsp_pe674.oe674 (.text:ti_sysbios_gates_GateAll_Handle__label__S)
                  c3751220    00000040     dsp_pe674.oe674 (.text:ti_sysbios_gates_GateAll_Object__delete__S)
                  c3751260    00000040     dsp_pe674.oe674 (.text:ti_sysbios_gates_GateHwi_Handle__label__S)
                  c37512a0    00000040     dsp_pe674.oe674 (.text:ti_sysbios_gates_GateHwi_Object__delete__S)
                  c37512e0    00000040     dsp_pe674.oe674 (.text:ti_sysbios_gates_GateMutexPri_Handle__label__S)
                  c3751320    00000040     sysbios.ae674 : BIOS.obj (.text:ti_sysbios_gates_GateMutexPri_Instance_init__F)
                  c3751360    00000040     dsp_pe674.oe674 (.text:ti_sysbios_gates_GateMutexPri_Object__destruct__S)
                  c37513a0    00000040     dsp_pe674.oe674 (.text:ti_sysbios_gates_GateMutex_Handle__label__S)
                  c37513e0    00000040     sysbios.ae674 : BIOS.obj (.text:ti_sysbios_gates_GateMutex_leave__E)
                  c3751420    00000040     dsp_pe674.oe674 (.text:ti_sysbios_gates_GateSwi_Handle__label__S)
                  c3751460    00000040     dsp_pe674.oe674 (.text:ti_sysbios_gates_GateSwi_Object__delete__S)
                  c37514a0    00000040     dsp_pe674.oe674 (.text:ti_sysbios_hal_Timer_Module__startupDone__F)
                  c37514e0    00000040     dsp_pe674.oe674 (.text:ti_sysbios_heaps_HeapMem_Handle__label__S)
                  c3751520    00000040     dsp_pe674.oe674 (.text:ti_sysbios_heaps_HeapMem_Object__delete__S)
                  c3751560    00000040     dsp_pe674.oe674 (.text:ti_sysbios_heaps_HeapMem_Object__get__S)
                  c37515a0    00000040     sysbios.ae674 : BIOS.obj (.text:ti_sysbios_knl_Queue_put__E)
                  c37515e0    00000040     dsp_pe674.oe674 (.text:ti_sysbios_knl_Semaphore_Object__destruct__S)
                  c3751620    00000040     dsp_pe674.oe674 (.text:ti_sysbios_knl_Swi_Object__destruct__S)
                  c3751660    00000040     dsp_pe674.oe674 (.text:ti_sysbios_knl_Swi_Object__get__S)
                  c37516a0    00000040     dsp_pe674.oe674 (.text:ti_sysbios_knl_Task_Object__get__S)
                  c37516e0    00000040     dsp_pe674.oe674 (.text:ti_sysbios_timers_timer64_Timer_Module__startupDone__F)
                  c3751720    00000040     sysbios.ae674 : BIOS.obj (.text:ti_sysbios_xdcruntime_GateThreadSupport_Instance_init__F)
                  c3751760    00000040     ti.syslink.ipc.rtos.ae674 : Syslink.oe674 (.text:ti_syslink_ipc_rtos_Syslink_detach)
                  c37517a0    00000040     ti.targets.rts6000.ae674 : Error.oe674 (.text:xdc_runtime_Error_check__F)
                  c37517e0    00000040                              : Error.oe674 (.text:xdc_runtime_Error_init__F)
                  c3751820    00000040     dsp_pe674.oe674 (.text:xdc_runtime_GateNull_Handle__label__S)
                  c3751860    00000040     dsp_pe674.oe674 (.text:xdc_runtime_GateNull_Object__delete__S)
                  c37518a0    00000040     dsp_pe674.oe674 (.text:xdc_runtime_LoggerBuf_Handle__label__S)
                  c37518e0    00000040     ti.targets.rts6000.ae674 : LoggerBuf.oe674 (.text:xdc_runtime_LoggerBuf_Instance_finalize__F)
                  c3751920    00000040     dsp_pe674.oe674 (.text:xdc_runtime_LoggerBuf_Object__get__S)
                  c3751960    00000040     ti.targets.rts6000.ae674 : LoggerBuf.oe674 (.text:xdc_runtime_LoggerBuf_write0__F)
                  c37519a0    00000040     dsp_pe674.oe674 (.text:xdc_runtime_LoggerBuf_write8__E)
                  c37519e0    00000040     ti.targets.rts6000.ae674 : Memory.oe674 (.text:xdc_runtime_Memory_free__F)
                  c3751a20    00000040                              : Registry.oe674 (.text:xdc_runtime_Registry_findById__F)
                  c3751a60    00000040                              : System.oe674 (.text:xdc_runtime_System_abort__F)
                  c3751aa0    00000040     dsp_pe674.oe674 (.text:xdc_runtime_System_aprintf__E)
                  c3751ae0    00000040     dsp_pe674.oe674 (.text:xdc_runtime_System_printf__E)
                  c3751b20    00000040     ti.targets.rts6000.ae674 : Text.oe674 (.text:xdc_runtime_Text_ropeText__F)
                  c3751b60    00000040     dsp_pe674.oe674 (.text:xdc_runtime_knl_GateThread_Handle__label__S)
                  c3751ba0    00000040     ti.targets.rts6000.ae674 : GateThread.oe674 (.text:xdc_runtime_knl_GateThread_Instance_finalize__F)
                  c3751be0    00000040                              : GateThread.oe674 (.text:xdc_runtime_knl_GateThread_Instance_init__F)
                  c3751c20    00000020     ti.syslink.ipc.rtos.ae674 : ClientNotifyMgr.oe674 (.text:ClientNotifyMgr_close)
                  c3751c40    00000020                               : ClientNotifyMgr.oe674 (.text:ClientNotifyMgr_create)
                  c3751c60    00000020                               : ClientNotifyMgr.oe674 (.text:ClientNotifyMgr_deleteNameServer)
                  c3751c80    00000020                               : FrameQBufMgr_ShMem.oe674 (.text:FrameQBufMgr_ShMem_add)
                  c3751ca0    00000020                               : FrameQBufMgr_ShMem.oe674 (.text:FrameQBufMgr_ShMem_close)
                  c3751cc0    00000020                               : FrameQBufMgr_ShMem.oe674 (.text:FrameQBufMgr_ShMem_control)
                  c3751ce0    00000020                               : FrameQBufMgr_ShMem.oe674 (.text:FrameQBufMgr_ShMem_getId)
                  c3751d00    00000020                               : FrameQBufMgr_ShMem.oe674 (.text:FrameQBufMgr_ShMem_isCacheEnabledForFrameBuf)
                  c3751d20    00000020                               : FrameQBufMgr_ShMem.oe674 (.text:FrameQBufMgr_ShMem_isCacheEnabledForHeaderBuf)
                  c3751d40    00000020                               : FrameQBufMgr_ShMem.oe674 (.text:FrameQBufMgr_ShMem_remove)
                  c3751d60    00000020                               : FrameQBufMgr.oe674 (.text:FrameQBufMgr_alloc)
                  c3751d80    00000020                               : FrameQBufMgr.oe674 (.text:FrameQBufMgr_allocv)
                  c3751da0    00000020                               : FrameQBufMgr.oe674 (.text:FrameQBufMgr_close)
                  c3751dc0    00000020                               : FrameQBufMgr.oe674 (.text:FrameQBufMgr_dup)
                  c3751de0    00000020                               : FrameQBufMgr.oe674 (.text:FrameQBufMgr_dupv)
                  c3751e00    00000020                               : FrameQBufMgr.oe674 (.text:FrameQBufMgr_free)
                  c3751e20    00000020                               : FrameQBufMgr.oe674 (.text:FrameQBufMgr_freev)
                  c3751e40    00000020                               : FrameQBufMgr.oe674 (.text:FrameQBufMgr_getBaseHeaderSize)
                  c3751e60    00000020                               : FrameQBufMgr.oe674 (.text:FrameQBufMgr_getId)
                  c3751e80    00000020                               : FrameQBufMgr.oe674 (.text:FrameQBufMgr_getNumFreeFrames)
                  c3751ea0    00000020                               : FrameQBufMgr.oe674 (.text:FrameQBufMgr_getvNumFreeFrames)
                  c3751ec0    00000020                               : FrameQBufMgr.oe674 (.text:FrameQBufMgr_invalidateFrameBuf)
                  c3751ee0    00000020                               : FrameQBufMgr.oe674 (.text:FrameQBufMgr_invalidateHeaderBuf)
                  c3751f00    00000020                               : FrameQBufMgr.oe674 (.text:FrameQBufMgr_isCacheEnabledForFrameBuf)
                  c3751f20    00000020                               : FrameQBufMgr.oe674 (.text:FrameQBufMgr_isCacheEnabledForHeaderBuf)
                  c3751f40    00000020                               : FrameQBufMgr.oe674 (.text:FrameQBufMgr_registerNotifier)
                  c3751f60    00000020                               : FrameQBufMgr.oe674 (.text:FrameQBufMgr_translateAddr)
                  c3751f80    00000020                               : FrameQBufMgr.oe674 (.text:FrameQBufMgr_unregisterNotifier)
                  c3751fa0    00000020                               : FrameQBufMgr.oe674 (.text:FrameQBufMgr_writeBackFrameBuf)
                  c3751fc0    00000020                               : FrameQBufMgr.oe674 (.text:FrameQBufMgr_writeBackHeaderBuf)
                  c3751fe0    00000020                               : FrameQ_ShMem.oe674 (.text:FrameQ_ShMem_Params_init)
                  c3752000    00000020                               : FrameQ_ShMem.oe674 (.text:FrameQ_ShMem_close)
                  c3752020    00000020                               : FrameQ_ShMem.oe674 (.text:FrameQ_ShMem_control)
                  c3752040    00000020     ipc.ae674 : Ipc.obj (.text:GateMP_delete)
                  c3752060    00000020               : Ipc.obj (.text:GateMP_enter)
                  c3752080    00000020               : Ipc.obj (.text:GateMP_getDefaultRemote)
                  c37520a0    00000020               : Ipc.obj (.text:GateMP_getLocalProtect)
                  c37520c0    00000020               : Ipc.obj (.text:GateMP_leave)
                  c37520e0    00000020               : Ipc.obj (.text:HeapMemMP_free)
                  c3752100    00000020               : Ipc.obj (.text:ListMP_Params_init)
                  c3752120    00000020               : Ipc.obj (.text:ListMP_close)
                  c3752140    00000020               : Ipc.obj (.text:ListMP_delete)
                  c3752160    00000020               : Ipc.obj (.text:MultiProc_getNumProcessors)
                  c3752180    00000020               : Ipc.obj (.text:MultiProc_self)
                  c37521a0    00000020               : Ipc.obj (.text:NameServer_Params_init)
                  c37521c0    00000020               : Ipc.obj (.text:NameServer_addUInt32)
                  c37521e0    00000020               : Ipc.obj (.text:NameServer_delete)
                  c3752200    00000020               : Ipc.obj (.text:NameServer_getUInt32)
                  c3752220    00000020               : Ipc.obj (.text:NameServer_removeEntry)
                  c3752240    00000020     ti.syslink.ipc.rtos.ae674 : RingIOShm.oe674 (.text:RingIOShm_getConfig)
                  c3752260    00000020                               : RingIO.oe674 (.text:RingIO_Params_init)
                  c3752280    00000020                               : RingIO.oe674 (.text:RingIO_getConfig)
                  c37522a0    00000020     ipc.ae674 : Ipc.obj (.text:SharedRegion_invalidSRPtr)
                  c37522c0    00000020     ti.syslink.ipc.rtos.ae674 : _Syslink.oe674 (.text:SysLink_destroy)
                  c37522e0    00000020                               : TilerMemoryMgr.oe674 (.text:SyslinkMemMgr_TilerMemory_alloc)
                  c3752300    00000020                               : TilerMemoryMgr.oe674 (.text:SyslinkMemMgr_TilerMemory_free)
                  c3752320    00000020                               : TilerMemoryMgr.oe674 (.text:SyslinkMemMgr_TilerMemory_translate)
                  c3752340    00000020                               : SyslinkMemMgr.oe674 (.text:SyslinkMemMgr_translate)
                  c3752360    00000020     utils.lib : uartStdio.obj (.text:UARTGetc)
                  c3752380    00000020               : uartStdio.obj (.text:UARTPutc)
                  c37523a0    00000020               : uartStdio.obj (.text:UARTStdioInit)
                  c37523c0    00000020     ti.syslink.ipc.rtos.ae674 : FrameQBufMgr_ShMem.oe674 (.text:_FrameQBufMgr_ShMem_getCliNotifyMgrGateShAddr)
                  c37523e0    00000020                               : FrameQBufMgr_ShMem.oe674 (.text:_FrameQBufMgr_ShMem_getCliNotifyMgrShAddr)
                  c3752400    00000020                               : FrameQBufMgr_ShMem.oe674 (.text:_FrameQBufMgr_ShMem_resetNotifyId)
                  c3752420    00000020                               : FrameQBufMgr_ShMem.oe674 (.text:_FrameQBufMgr_ShMem_setNotifyId)
                  c3752440    00000020                               : FrameQ_ShMem.oe674 (.text:_FrameQ_ShMem_getCliNotifyMgrGate)
                  c3752460    00000020                               : FrameQ_ShMem.oe674 (.text:_FrameQ_ShMem_getCliNotifyMgrGateShAddr)
                  c3752480    00000020                               : FrameQ_ShMem.oe674 (.text:_FrameQ_ShMem_getCliNotifyMgrHandle)
                  c37524a0    00000020                               : FrameQ_ShMem.oe674 (.text:_FrameQ_ShMem_getCliNotifyMgrShAddr)
                  c37524c0    00000020     rts6740_elf.lib : dtor_list.obj (.text:__cxa_atexit)
                  c37524e0    00000020                     : dtor_list.obj (.text:__cxa_ia64_exit)
                  c3752500    00000020     ti.targets.rts6000.ae674 : xdc_noinit.oe674 (.text:__xdc__init)
                  c3752520    00000020     rts6740_elf.lib : _lock.obj (.text:_nop)
                  c3752540    00000020                     : _lock.obj (.text:_register_lock)
                  c3752560    00000020                     : _lock.obj (.text:_register_unlock)
                  c3752580    00000020     sysbios.ae674 : c62_TaskSupport_asm.obj (.text:_ti_sysbios_family_c62_TaskSupport_glue)
                  c37525a0    00000020                   : c64p_Hwi_asm_switch.obj (.text:_ti_sysbios_family_xxx_Hwi_switchToTaskStack)
                  c37525c0    00000020     rts6740_elf.lib : exit.obj (.text:abort)
                  c37525e0    00000020                     : dtor_list.obj (.text:atexit)
                  c3752600    00000020     dsp_pe674.oe674 (.text:ti_sdo_ipc_GateMP_Params__init__S)
                  c3752620    00000020     dsp_pe674.oe674 (.text:ti_sdo_ipc_GateMP_RemoteCustom1Proxy_Object__create__S)
                  c3752640    00000020     dsp_pe674.oe674 (.text:ti_sdo_ipc_GateMP_RemoteCustom1Proxy_Object__delete__S)
                  c3752660    00000020     dsp_pe674.oe674 (.text:ti_sdo_ipc_GateMP_RemoteCustom1Proxy_Params__init__S)
                  c3752680    00000020     dsp_pe674.oe674 (.text:ti_sdo_ipc_GateMP_RemoteCustom1Proxy_Proxy__abstract__S)
                  c37526a0    00000020     dsp_pe674.oe674 (.text:ti_sdo_ipc_GateMP_RemoteCustom1Proxy_Proxy__delegate__S)
                  c37526c0    00000020     dsp_pe674.oe674 (.text:ti_sdo_ipc_GateMP_RemoteCustom1Proxy_getReservedMask__E)
                  c37526e0    00000020     dsp_pe674.oe674 (.text:ti_sdo_ipc_GateMP_RemoteCustom1Proxy_sharedMemReq__E)
                  c3752700    00000020     dsp_pe674.oe674 (.text:ti_sdo_ipc_GateMP_RemoteCustom2Proxy_Object__create__S)
                  c3752720    00000020     dsp_pe674.oe674 (.text:ti_sdo_ipc_GateMP_RemoteCustom2Proxy_Object__delete__S)
                  c3752740    00000020     dsp_pe674.oe674 (.text:ti_sdo_ipc_GateMP_RemoteCustom2Proxy_Params__init__S)
                  c3752760    00000020     dsp_pe674.oe674 (.text:ti_sdo_ipc_GateMP_RemoteCustom2Proxy_Proxy__abstract__S)
                  c3752780    00000020     dsp_pe674.oe674 (.text:ti_sdo_ipc_GateMP_RemoteCustom2Proxy_Proxy__delegate__S)
                  c37527a0    00000020     dsp_pe674.oe674 (.text:ti_sdo_ipc_GateMP_RemoteCustom2Proxy_getReservedMask__E)
                  c37527c0    00000020     dsp_pe674.oe674 (.text:ti_sdo_ipc_GateMP_RemoteCustom2Proxy_sharedMemReq__E)
                  c37527e0    00000020     dsp_pe674.oe674 (.text:ti_sdo_ipc_GateMP_RemoteSystemProxy_Object__create__S)
                  c3752800    00000020     dsp_pe674.oe674 (.text:ti_sdo_ipc_GateMP_RemoteSystemProxy_Object__delete__S)
                  c3752820    00000020     dsp_pe674.oe674 (.text:ti_sdo_ipc_GateMP_RemoteSystemProxy_Params__init__S)
                  c3752840    00000020     dsp_pe674.oe674 (.text:ti_sdo_ipc_GateMP_RemoteSystemProxy_Proxy__abstract__S)
                  c3752860    00000020     dsp_pe674.oe674 (.text:ti_sdo_ipc_GateMP_RemoteSystemProxy_Proxy__delegate__S)
                  c3752880    00000020     dsp_pe674.oe674 (.text:ti_sdo_ipc_GateMP_RemoteSystemProxy_getReservedMask__E)
                  c37528a0    00000020     dsp_pe674.oe674 (.text:ti_sdo_ipc_GateMP_RemoteSystemProxy_sharedMemReq__E)
                  c37528c0    00000020     dsp_pe674.oe674 (.text:ti_sdo_ipc_GateMP_attach__E)
                  c37528e0    00000020     dsp_pe674.oe674 (.text:ti_sdo_ipc_GateMP_detach__E)
                  c3752900    00000020     dsp_pe674.oe674 (.text:ti_sdo_ipc_GateMP_getRegion0ReservedSize__E)
                  c3752920    00000020     dsp_pe674.oe674 (.text:ti_sdo_ipc_GateMP_getSharedAddr__E)
                  c3752940    00000020     ipc.ae674 : Ipc.obj (.text:ti_sdo_ipc_GateMP_getSharedAddr__F)
                  c3752960    00000020     dsp_pe674.oe674 (.text:ti_sdo_ipc_GateMP_start__E)
                  c3752980    00000020     dsp_pe674.oe674 (.text:ti_sdo_ipc_GateMP_stop__E)
                  c37529a0    00000020     dsp_pe674.oe674 (.text:ti_sdo_ipc_ListMP_Params__init__S)
                  c37529c0    00000020     dsp_pe674.oe674 (.text:ti_sdo_ipc_MessageQ_Module_startup__E)
                  c37529e0    00000020     dsp_pe674.oe674 (.text:ti_sdo_ipc_MessageQ_Object__get__S)
                  c3752a00    00000020     dsp_pe674.oe674 (.text:ti_sdo_ipc_MessageQ_SetupTransportProxy_attach__E)
                  c3752a20    00000020     dsp_pe674.oe674 (.text:ti_sdo_ipc_MessageQ_SetupTransportProxy_detach__E)
                  c3752a40    00000020     dsp_pe674.oe674 (.text:ti_sdo_ipc_MessageQ_SetupTransportProxy_isRegistered__E)
                  c3752a60    00000020     dsp_pe674.oe674 (.text:ti_sdo_ipc_MessageQ_SetupTransportProxy_sharedMemReq__E)
                  c3752a80    00000020     dsp_pe674.oe674 (.text:ti_sdo_ipc_MessageQ_registerTransport__E)
                  c3752aa0    00000020     dsp_pe674.oe674 (.text:ti_sdo_ipc_MessageQ_unregisterTransport__E)
                  c3752ac0    00000020     dsp_pe674.oe674 (.text:ti_sdo_ipc_Notify_Module_GateProxy_enter__E)
                  c3752ae0    00000020     dsp_pe674.oe674 (.text:ti_sdo_ipc_Notify_Module_GateProxy_leave__E)
                  c3752b00    00000020     dsp_pe674.oe674 (.text:ti_sdo_ipc_Notify_Module_startup__E)
                  c3752b20    00000020     dsp_pe674.oe674 (.text:ti_sdo_ipc_Notify_SetupProxy_attach__E)
                  c3752b40    00000020     dsp_pe674.oe674 (.text:ti_sdo_ipc_Notify_SetupProxy_numIntLines__E)
                  c3752b60    00000020     dsp_pe674.oe674 (.text:ti_sdo_ipc_Notify_SetupProxy_sharedMemReq__E)
                  c3752b80    00000020     dsp_pe674.oe674 (.text:ti_sdo_ipc_Notify_detach__E)
                  c3752ba0    00000020     dsp_pe674.oe674 (.text:ti_sdo_ipc_Notify_exec__E)
                  c3752bc0    00000020     dsp_pe674.oe674 (.text:ti_sdo_ipc_SharedRegion_attach__E)
                  c3752be0    00000020     dsp_pe674.oe674 (.text:ti_sdo_ipc_SharedRegion_clearReservedMemory__E)
                  c3752c00    00000020     dsp_pe674.oe674 (.text:ti_sdo_ipc_SharedRegion_detach__E)
                  c3752c20    00000020     dsp_pe674.oe674 (.text:ti_sdo_ipc_SharedRegion_reserveMemory__E)
                  c3752c40    00000020     dsp_pe674.oe674 (.text:ti_sdo_ipc_SharedRegion_resetInternalFields__E)
                  c3752c60    00000020     dsp_pe674.oe674 (.text:ti_sdo_ipc_SharedRegion_start__E)
                  c3752c80    00000020     dsp_pe674.oe674 (.text:ti_sdo_ipc_SharedRegion_stop__E)
                  c3752ca0    00000020     ipc.ae674 : Ipc.obj (.text:ti_sdo_ipc_family_da830_InterruptDsp_intDisable__E)
                  c3752cc0    00000020               : Ipc.obj (.text:ti_sdo_ipc_family_da830_InterruptDsp_intEnable__E)
                  c3752ce0    00000020               : Ipc.obj (.text:ti_sdo_ipc_family_da830_InterruptDsp_intUnregister__E)
                  c3752d00    00000020               : Ipc.obj (.text:ti_sdo_ipc_family_da830_NotifySetup_numIntLines__E)
                  c3752d20    00000020               : Ipc.obj (.text:ti_sdo_ipc_gates_GateMPSupportNull_Instance_init__F)
                  c3752d40    00000020     dsp_pe674.oe674 (.text:ti_sdo_ipc_gates_GateMPSupportNull_Params__init__S)
                  c3752d60    00000020     ipc.ae674 : Ipc.obj (.text:ti_sdo_ipc_gates_GateMPSupportNull_enter__E)
                  c3752d80    00000020               : Ipc.obj (.text:ti_sdo_ipc_gates_GateMPSupportNull_getReservedMask__E)
                  c3752da0    00000020               : Ipc.obj (.text:ti_sdo_ipc_gates_GateMPSupportNull_leave__E)
                  c3752dc0    00000020     dsp_pe674.oe674 (.text:ti_sdo_ipc_gates_GateMPSupportNull_query__E)
                  c3752de0    00000020     ipc.ae674 : Ipc.obj (.text:ti_sdo_ipc_gates_GateMPSupportNull_query__F)
                  c3752e00    00000020               : Ipc.obj (.text:ti_sdo_ipc_gates_GateMPSupportNull_sharedMemReq__E)
                  c3752e20    00000020     dsp_pe674.oe674 (.text:ti_sdo_ipc_gates_GatePeterson_Params__init__S)
                  c3752e40    00000020     ipc.ae674 : Ipc.obj (.text:ti_sdo_ipc_gates_GatePeterson_getReservedMask__E)
                  c3752e60    00000020     dsp_pe674.oe674 (.text:ti_sdo_ipc_gates_GatePeterson_query__E)
                  c3752e80    00000020     ipc.ae674 : Ipc.obj (.text:ti_sdo_ipc_gates_GatePeterson_query__F)
                  c3752ea0    00000020     dsp_pe674.oe674 (.text:ti_sdo_ipc_heaps_HeapMemMP_Params__init__S)
                  c3752ec0    00000020     dsp_pe674.oe674 (.text:ti_sdo_ipc_heaps_HeapMemMP_isBlocking__E)
                  c3752ee0    00000020     ipc.ae674 : Ipc.obj (.text:ti_sdo_ipc_heaps_HeapMemMP_isBlocking__F)
                  c3752f00    00000020     dsp_pe674.oe674 (.text:ti_sdo_ipc_notifyDrivers_NotifyDriverShm_InterruptProxy_intClear__E)
[...]
c3784ba4   ti_sysbios_syncs_SyncSem_Module__root__V
c3784bb0   ti_sysbios_timers_timer64_Timer_Module__root__V
c3784bbc   ti_sysbios_timers_timer64_Timer_Module__state__V
c3784bd0   ti_sysbios_xdcruntime_GateThreadSupport_Module__root__V
c3784bdc   xdc_runtime_Defaults_Module__root__V
c3784bde   xdc_runtime_Error_Module__root__V
c3784be0   xdc_runtime_Error_Module__state__V
c3784be4   xdc_runtime_GateNull_Module__root__V
c3784bec   xdc_runtime_LoggerBuf_Module__root__V
c3784bf4   xdc_runtime_LoggerBuf_Module__state__V
c3784bfa   xdc_runtime_Main_Module__root__V
c3784bfc   xdc_runtime_Memory_Module__state__V
c3784c00   xdc_runtime_Registry_Module__root__V
c3784c04   xdc_runtime_Registry_Module__state__V
c3784c0c   xdc_runtime_Startup_Module__state__V
c3784c14   xdc_runtime_SysMin_Module__state__V
c3784c20   xdc_runtime_System_Module__state__V
c3784c2c   xdc_runtime_Text_Module__state__V
c3784c34   xdc_runtime_knl_GateThread_Module__root__V
c3784c40   __xdc__init__addr
c3784e90   ti_sdo_utils_NameServer_Object__table__V
c3784f70   FrameQ_ShMem_fxns
c3784fe0   FrameQ_ShMem_module_obj
c3785050   ti_sdo_ipc_SharedRegion_Module_State_0_regions__A
c37850e0   ti_sysbios_knl_Swi_Module_State_0_readyQ__A
c3785160   ti_sysbios_knl_Task_Module_State_0_readyQ__A
c37851e0   ti_sysbios_timers_timer64_Timer_Module_State_0_device__A
c3785240   TSK_idle
c3785240   ti_sysbios_knl_Task_Object__table__V
c3785290   ti_sysbios_timers_timer64_Timer_Object__table__V
c3785360   ti_sysbios_gates_GateMutex_Object__table__V
c37853a0   ti_sysbios_knl_Swi_Object__table__V
c37853d0   ti_sdo_ipc_Ipc_Module_State_0_procEntry__A
c37853f8   xdc_runtime_LoggerBuf_Object__table__V
c3785420   ti_sdo_ipc_MessageQ_Module_State_0_heaps__A
c3785440   ti_sysbios_timers_timer64_Timer_Module_State_0_gctrl__A
c3785460   ti_sysbios_timers_timer64_Timer_Module_State_0_handles__A
c3785480   ti_sysbios_timers_timer64_Timer_Module_State_0_intFreqs__A
c37854a0   xdc_runtime_System_Module_State_0_atexitHandlers__A
c37854dc   SyslinkMemMgr_SharedMemory_fxns
c37854f8   SyslinkMemMgr_TilerMemory_fxns
c3785518   ti_sysbios_gates_GateMutexPri_Object__table__V
c3785530   ti_sysbios_heaps_HeapMem_Object__table__V
c3785548   ti_sdo_ipc_MessageQ_Module_State_0_transports__A
c3785558   ti_sysbios_gates_GateAll_Object__table__V
c3785568   _cleanup_ptr
c378556c   _dtors_ptr
c3785570   __TI_enable_exit_profile_output
c3785574   Syslink_RingIO_moduleCfg
c378557c   Syslink_RingIOShm_moduleCfg
c3785580   ti_sysbios_gates_GateSwi_Object__table__V
c378558c   _lock
c3785590   _unlock
c3785598   ti_sdo_ipc_Notify_Module_State_0_notifyHandles__A
c37855a0   ti_sdo_ipc_transports_TransportShmSetup_Module_State_0_handles__A
c37855a8   ti_sysbios_family_c64p_primus_TimerSupport_Module_State_0_suspSrc__A
c37855b0   ti_sysbios_hal_Hwi_Object__table__V
c37855b8   ti_sysbios_hal_Timer_Object__table__V
c37855c0   ti_sdo_ipc_GateMP_Module_State_0_remoteCustom2Gates__A
c37855c8   ti_sdo_ipc_Notify_Module_State_0_notifyHandles_0__A
c37855d0   ti_sdo_ipc_Notify_Module_State_0_notifyHandles_1__A
c37855d8   ti_sysbios_gates_GateHwi_Object__table__V
c37855e0   ti_sysbios_knl_Task_Module_State_0_idleTask__A
c37855e8   xdc_runtime_GateNull_Object__table__V
c37855f0   xdc_runtime_Text_charTab__A
c3788fb4   ti_sdo_ipc_GateMP_E_gateUnavailable__C
c3788fb8   xdc_runtime_Text_nodeTab__A
c3789524   ti_sdo_ipc_GateMP_E_localGate__C
c3789528   xdc_runtime_Startup_sfxnTab__A
c3789568   ti_sysbios_knl_Task_Object__PARAMS__C
c37895a4   xdc_runtime_LoggerBuf_Module__FXNS__C
c37895e0   ti_sdo_ipc_notifyDrivers_NotifyDriverShm_Module__FXNS__C
c3789618   ti_sdo_ipc_GateMP_Object__PARAMS__C
c378964c   ti_sdo_ipc_notifyDrivers_NotifyDriverShm_Object__PARAMS__C
c3789680   ti_sdo_ipc_heaps_HeapMemMP_Object__PARAMS__C
c37896b0   ti_sysbios_family_c64p_Hwi_Object__PARAMS__C
c378970c   ti_sdo_ipc_ListMP_Object__PARAMS__C
c3789738   ti_sdo_ipc_gates_GateMPSupportNull_Module__FXNS__C
c3789764   ti_sdo_ipc_gates_GatePeterson_Module__FXNS__C
c3789790   ti_sdo_utils_NameServer_Object__PARAMS__C
c37897bc   ti_sysbios_hal_Hwi_Object__PARAMS__C
c37897e8   ti_sdo_ipc_heaps_HeapMemMP_Module__FXNS__C
c3789810   ti_sdo_ipc_nsremote_NameServerRemoteNotify_Module__FXNS__C
c3789838   ti_sdo_ipc_transports_TransportShm_Module__FXNS__C
c3789860   ti_sdo_ipc_transports_TransportShm_Object__PARAMS__C
c3789888   ti_sysbios_heaps_HeapMem_Module__FXNS__C
c37898b0   ti_sysbios_knl_Swi_Object__PARAMS__C
c37898d8   xdc_runtime_LoggerBuf_Object__PARAMS__C
c3789900   ti_sdo_ipc_gates_GateMPSupportNull_Object__PARAMS__C
c3789924   ti_sdo_ipc_gates_GatePeterson_Object__PARAMS__C
c3789948   ti_sysbios_gates_GateAll_Module__FXNS__C
c378996c   ti_sysbios_gates_GateHwi_Module__FXNS__C
c3789990   ti_sysbios_gates_GateMutexPri_Module__FXNS__C
c37899b4   ti_sysbios_gates_GateMutex_Module__FXNS__C
c37899d8   ti_sysbios_gates_GateSwi_Module__FXNS__C
c37899fc   ti_sysbios_heaps_HeapMem_Object__PARAMS__C
c3789a20   ti_sysbios_knl_Semaphore_Object__PARAMS__C
c3789a44   xdc_runtime_GateNull_Module__FXNS__C
c3789a68   xdc_runtime_knl_GateThread_Module__FXNS__C
c3789a8c   ti_sdo_ipc_GateMP_Object__DESC__C
c3789aac   ti_sdo_ipc_ListMP_Object__DESC__C
c3789acc   ti_sdo_ipc_Notify_Object__DESC__C
c3789aec   ti_sdo_ipc_gates_GateMPSupportNull_Object__DESC__C
c3789b0c   ti_sdo_ipc_gates_GatePeterson_Object__DESC__C
c3789b2c   ti_sdo_ipc_heaps_HeapMemMP_Object__DESC__C
c3789b4c   ti_sdo_ipc_notifyDrivers_NotifyDriverShm_Object__DESC__C
c3789b6c   ti_sdo_ipc_nsremote_NameServerRemoteNotify_Object__DESC__C
c3789b8c   ti_sdo_ipc_nsremote_NameServerRemoteNotify_Object__PARAMS__C
c3789bac   ti_sdo_ipc_transports_TransportShm_Object__DESC__C
c3789bcc   ti_sdo_utils_List_Object__DESC__C
c3789bec   ti_sdo_utils_NameServer_Object__DESC__C
c3789c0c   ti_sysbios_family_c64p_Hwi_Object__DESC__C
c3789c2c   ti_sysbios_gates_GateAll_Object__DESC__C
c3789c4c   ti_sysbios_gates_GateHwi_Object__DESC__C
c3789c6c   ti_sysbios_gates_GateMutexPri_Object__DESC__C
c3789c8c   ti_sysbios_gates_GateMutex_Object__DESC__C
c3789cac   ti_sysbios_gates_GateSwi_Object__DESC__C
c3789ccc   ti_sysbios_hal_Hwi_Object__DESC__C
c3789cec   ti_sysbios_heaps_HeapMem_Object__DESC__C
c3789d0c   ti_sysbios_knl_Queue_Object__DESC__C
c3789d2c   ti_sysbios_knl_Semaphore_Object__DESC__C
c3789d4c   ti_sysbios_knl_Swi_Object__DESC__C
c3789d6c   ti_sysbios_knl_Task_Object__DESC__C
c3789d8c   ti_sysbios_xdcruntime_GateThreadSupport_Object__DESC__C
c3789dac   xdc_runtime_GateNull_Object__DESC__C
c3789dcc   xdc_runtime_LoggerBuf_Object__DESC__C
c3789dec   ti_sdo_ipc_Ipc_E_internal__C
c3789df0   xdc_runtime_Startup_sfxnRts__A
c3789e10   xdc_runtime_knl_GateThread_Object__DESC__C
c3789e64   ti_sdo_ipc_Ipc_E_nameFailed__C
c3789eb0   ti_sdo_ipc_Notify_Object__PARAMS__C
c3789ec8   ti_sdo_utils_List_Object__PARAMS__C
c3789ee0   ti_sysbios_gates_GateAll_Object__PARAMS__C
c3789ef8   ti_sysbios_gates_GateHwi_Object__PARAMS__C
c3789f10   ti_sysbios_gates_GateMutexPri_Object__PARAMS__C
c3789f28   ti_sysbios_gates_GateMutex_Object__PARAMS__C
c3789f40   ti_sysbios_gates_GateSwi_Object__PARAMS__C
c3789f58   ti_sysbios_knl_Queue_Object__PARAMS__C
c3789f70   ti_sysbios_knl_Task_hooks__A
c3789f88   ti_sysbios_xdcruntime_GateThreadSupport_Object__PARAMS__C
c3789fa0   xdc_runtime_GateNull_Object__PARAMS__C
c3789fb8   xdc_runtime_knl_GateThread_Object__PARAMS__C
c3789fe6   ti_sdo_ipc_GateMP_Module__id__C
c3789ffc   ti_sdo_ipc_Ipc_E_versionMismatch__C
c378a014   ti_sdo_ipc_Ipc_numUserFxns__C
c378a02c   ti_sdo_ipc_Ipc_procSync__C
c378a044   ti_sdo_ipc_Ipc_userFxns__C
c378a05a   ti_sdo_ipc_Ipc_generateSlaveDataForHost__C
c378a05c   ti_sdo_ipc_MessageQ_Instance_State_highList__O
c378a08a   ti_sdo_ipc_Ipc_sr0MemorySetup__C
c378a08c   ti_sdo_ipc_MessageQ_Instance_State_normalList__O
c378a0a2   ti_sdo_ipc_ListMP_Module__id__C
c378a0a4   ti_sdo_ipc_MessageQ_Object__count__C
c378a0e6   ti_sdo_ipc_Notify_numLines__C
c378a102   ti_sdo_ipc_SharedRegion_numEntries__C
c378a104   ti_sdo_ipc_Notify_Module__gateObj__C
c378a114   ti_sdo_ipc_Notify_Object__heap__C
c378a118   ti_sdo_ipc_Ipc_userFxns__A
c378a124   ti_sysbios_family_c64p_Cache_initSize__C
c378a138   ti_sdo_utils_MultiProc_nameList__A
c378a140   ti_sysbios_knl_Idle_coreList__C
c378a148   ti_sysbios_knl_Idle_funcList__C
c378a150   ti_sysbios_knl_Task_hooks__C
c378a158   xdc_runtime_Startup_firstFxns__A
c378a160   xdc_runtime_Startup_firstFxns__C
c378a168   xdc_runtime_Startup_lastFxns__C
c378a170   ti_sdo_ipc_Notify_numEvents__C
c378a174   ti_sdo_ipc_Notify_sendEventPollCount__C
c378a178   ti_sdo_ipc_SharedRegion_INVALIDSRPTR__C
c378a17c   ti_sdo_ipc_SharedRegion_numOffsetBits__C
c378a180   ti_sdo_ipc_SharedRegion_offsetMask__C
c378a184   ti_sdo_ipc_family_da830_NotifySetup_armRecvIntId0__C
c378a188   ti_sdo_ipc_family_da830_NotifySetup_armRecvIntId1__C
c378a18c   ti_sdo_ipc_family_da830_NotifySetup_dspIntVectId0__C
c378a190   ti_sdo_ipc_family_da830_NotifySetup_dspIntVectId1__C
c378a194   ti_sdo_ipc_family_da830_NotifySetup_dspRecvIntId0__C
c378a198   ti_sdo_ipc_family_da830_NotifySetup_dspRecvIntId1__C
c378a19c   ti_sdo_ipc_gates_GatePeterson_E_gateRemotelyOpened__C
c378a1a0   ti_sdo_ipc_heaps_HeapMemMP_E_memory__C
c378a1a4   ti_sdo_ipc_interfaces_IGateMPSupport_Interface__BASE__C
c378a1a8   ti_sdo_ipc_interfaces_IMessageQTransport_Interface__BASE__C
c378a1ac   ti_sdo_ipc_interfaces_INotifyDriver_Interface__BASE__C
c378a1b0   ti_sdo_ipc_notifyDrivers_NotifyDriverShm_Object__heap__C
c378a1b4   ti_sdo_ipc_nsremote_NameServerRemoteNotify_Instance_State_semMultiBlock__O
c378a1b8   ti_sdo_ipc_nsremote_NameServerRemoteNotify_Instance_State_semRemoteWait__O
c378a1bc   ti_sdo_ipc_nsremote_NameServerRemoteNotify_Instance_State_swiObj__O
c378a1c0   ti_sdo_ipc_nsremote_NameServerRemoteNotify_notifyEventId__C
c378a1c4   ti_sdo_ipc_nsremote_NameServerRemoteNotify_timeout__C
c378a1c8   ti_sdo_ipc_transports_TransportShmSetup_priority__C
c378a1cc   ti_sdo_ipc_transports_TransportShm_Instance_State_swiObj__O
c378a1d0   ti_sdo_utils_INameServerRemote_Interface__BASE__C
c378a1d4   ti_sdo_utils_MultiProc_nameList__C
c378a1d8   ti_sdo_utils_NameServer_E_entryExists__C
c378a1dc   ti_sdo_utils_NameServer_E_maxReached__C
c378a1e0   ti_sdo_utils_NameServer_Instance_State_freeList__O
c378a1e4   ti_sdo_utils_NameServer_Instance_State_nameList__O
c378a1e8   ti_sdo_utils_NameServer_Object__count__C
c378a1ec   ti_sdo_utils_NameServer_Object__heap__C
c378a1f0   ti_sysbios_BIOS_installedErrorHook__C
c378a1f4   ti_sysbios_family_c62_TaskSupport_stackAlignment__C
c378a1f8   ti_sysbios_family_c64p_Cache_EMIFA_BASE__C
c378a1fc   ti_sysbios_family_c64p_Cache_EMIFA_CFG__C
c378a200   ti_sysbios_family_c64p_Cache_EMIFA_LENGTH__C
c378a204   ti_sysbios_family_c64p_Cache_EMIFB_BASE__C
c378a208   ti_sysbios_family_c64p_Cache_EMIFB_CFG__C
c378a20c   ti_sysbios_family_c64p_Cache_EMIFB_LENGTH__C
c378a210   ti_sysbios_family_c64p_Cache_EMIFC_BASE__C
c378a214   ti_sysbios_family_c64p_Cache_EMIFC_CFG__C
c378a218   ti_sysbios_family_c64p_Cache_EMIFC_LENGTH__C
c378a21c   ti_sysbios_family_c64p_Cache_MAR0_31__C
c378a220   ti_sysbios_family_c64p_Cache_MAR128_159__C
c378a224   ti_sysbios_family_c64p_Cache_MAR160_191__C
c378a228   ti_sysbios_family_c64p_Cache_MAR192_223__C
c378a22c   ti_sysbios_family_c64p_Cache_MAR224_255__C
c378a230   ti_sysbios_family_c64p_Cache_MAR32_63__C
c378a234   ti_sysbios_family_c64p_Cache_MAR64_95__C
c378a238   ti_sysbios_family_c64p_Cache_MAR96_127__C
c378a23c   ti_sysbios_family_c64p_Exception_E_exceptionMax__C
c378a240   ti_sysbios_family_c64p_Exception_E_exceptionMin__C
c378a244   ti_sysbios_family_c64p_Exception_exceptionHook__C
c378a248   ti_sysbios_family_c64p_Exception_externalHook__C
c378a24c   ti_sysbios_family_c64p_Exception_internalHook__C
c378a250   ti_sysbios_family_c64p_Exception_nmiHook__C
c378a254   ti_sysbios_family_c64p_Hwi_E_alreadyDefined__C
c378a258   ti_sysbios_family_c64p_Hwi_E_handleNotFound__C
c378a25c   ti_sysbios_gates_GateMutexPri_Instance_State_pendQ__O
c378a260   ti_sysbios_gates_GateMutex_Instance_State_sem__O
c378a264   ti_sysbios_hal_Hwi_E_stackOverflow__C
c378a268   ti_sysbios_heaps_HeapMem_E_memory__C
c378a26c   ti_sysbios_heaps_HeapMem_Module__gateObj__C
c378a270   ti_sysbios_heaps_HeapMem_Object__count__C
c378a274   ti_sysbios_heaps_HeapMem_reqAlign__C
c378a278   ti_sysbios_knl_Clock_Module_State_clockQ__O
c378a27c   ti_sysbios_knl_Clock_tickMode__C
c378a280   ti_sysbios_knl_Clock_tickSource__C
c378a284   ti_sysbios_knl_Semaphore_Instance_State_pendQ__O
c378a288   ti_sysbios_knl_Idle_coreList__A
c378a28c   ti_sysbios_knl_Swi_Object__count__C
c378a290   ti_sysbios_knl_Idle_funcList__A
c378a294   ti_sysbios_knl_Swi_numPriorities__C
c378a298   ti_sysbios_knl_Task_E_deleteNotAllowed__C
c378a29c   ti_sysbios_knl_Task_E_spOutOfBounds__C
c378a2a0   ti_sysbios_knl_Task_E_stackOverflow__C
c378a2a4   ti_sysbios_knl_Task_Module_State_inactiveQ__O
c378a2a8   ti_sysbios_knl_Task_Module_State_terminatedQ__O
c378a2ac   ti_sysbios_knl_Task_Object__count__C
c378a2b0   ti_sysbios_knl_Task_Object__heap__C
c378a2b4   ti_sysbios_knl_Task_allBlockedFunc__C
c378a2b8   ti_sysbios_knl_Task_defaultStackHeap__C
c378a2bc   ti_sysbios_knl_Task_defaultStackSize__C
c378a2c0   ti_sysbios_knl_Task_numConstructedTasks__C
c378a2c4   ti_sysbios_timers_timer64_Timer_E_cannotSupport__C
c378a2c8   ti_sysbios_timers_timer64_Timer_anyMask__C
c378a2cc   ti_sysbios_timers_timer64_Timer_freqDivisor__C
c378a2d0   ti_sysbios_timers_timer64_Timer_numLocalTimers__C
c378a2d4   ti_sysbios_timers_timer64_Timer_numTimerDevices__C
c378a2d8   ti_sysbios_xdcruntime_GateThreadSupport_Instance_State_gate__O
c378a2dc   xdc_runtime_Assert_E_assertFailed__C
c378a2e0   xdc_runtime_Core_A_initializedParams__C
c378a2e4   xdc_runtime_Core_Module__diagsEnabled__C
c378a2e8   xdc_runtime_Core_Module__diagsIncluded__C
c378a2ec   xdc_runtime_Core_Module__diagsMask__C
c378a2f0   xdc_runtime_Error_E_memory__C
c378a2f4   xdc_runtime_Error_Module__diagsEnabled__C
c378a2f8   xdc_runtime_Error_Module__diagsIncluded__C
c378a2fc   xdc_runtime_Error_Module__diagsMask__C
c378a300   xdc_runtime_Error_Module__loggerFxn8__C
c378a304   xdc_runtime_Error_Module__loggerObj__C
c378a308   xdc_runtime_Error_policy__C
c378a30c   xdc_runtime_Error_raiseHook__C
c378a310   xdc_runtime_IFilterLogger_Interface__BASE__C
c378a314   xdc_runtime_IGateProvider_Interface__BASE__C
c378a318   xdc_runtime_IHeap_Interface__BASE__C
c378a31c   xdc_runtime_ILogger_Interface__BASE__C
c378a320   xdc_runtime_IModule_Interface__BASE__C
c378a324   xdc_runtime_Log_L_error__C
c378a328   xdc_runtime_LoggerBuf_E_badLevel__C
c378a32c   xdc_runtime_LoggerBuf_Module__gateObj__C
c378a330   xdc_runtime_LoggerBuf_Object__count__C
c378a334   xdc_runtime_LoggerBuf_statusLogger__C
c378a338   xdc_runtime_Memory_defaultHeapInstance__C
c378a33c   xdc_runtime_Registry_Module__diagsEnabled__C
c378a340   xdc_runtime_Registry_Module__diagsIncluded__C
c378a344   xdc_runtime_Registry_Module__diagsMask__C
c378a348   xdc_runtime_Registry_Module__loggerFxn1__C
c378a34c   xdc_runtime_Registry_Module__loggerFxn4__C
c378a350   xdc_runtime_Registry_Module__loggerFxn8__C
c378a354   xdc_runtime_Registry_Module__loggerObj__C
c378a358   xdc_runtime_Startup_execImpl__C
c378a35c   xdc_runtime_Startup_maxPasses__C
c378a360   xdc_runtime_Startup_lastFxns__A
c378a364   xdc_runtime_Startup_sfxnRts__C
c378a368   xdc_runtime_Startup_sfxnTab__C
c378a36c   xdc_runtime_SysMin_bufSize__C
c378a370   xdc_runtime_SysMin_outputFunc__C
c378a374   xdc_runtime_System_Module__gateObj__C
c378a378   xdc_runtime_System_extendFxn__C
c378a37c   xdc_runtime_System_maxAtexitHandlers__C
c378a380   xdc_runtime_Text_charTab__C
c378a384   xdc_runtime_Text_nameEmpty__C
c378a388   xdc_runtime_Text_nameStatic__C
c378a38c   xdc_runtime_Text_nameUnknown__C
c378a390   xdc_runtime_Text_nodeTab__C
c378a394   xdc_runtime_Text_visitRopeFxn__C
c378a398   ti_sdo_ipc_SharedRegion_translate__C
c378a39a   ti_sdo_ipc_family_da830_NotifySetup_useSecondLine__C
c378a39c   ti_sdo_ipc_gates_GatePeterson_Module__id__C
c378a39e   ti_sdo_ipc_heaps_HeapMemMP_Module__id__C
c378a3a0   ti_sdo_ipc_nsremote_NameServerRemoteNotify_Module__id__C
c378a3a2   ti_sdo_ipc_transports_TransportShm_Module__id__C
c378a3a4   ti_sdo_ipc_transports_TransportShm_notifyEventId__C
c378a3a6   ti_sdo_utils_MultiProc_numProcessors__C
c378a3a8   ti_sdo_utils_MultiProc_numProcsInCluster__C
c378a3aa   ti_sdo_utils_NameServer_Module__id__C
c378a3ac   ti_sdo_utils_NameServer_singleProcessor__C
c378a3ae   ti_sysbios_family_c64p_Exception_Module__id__C
c378a3b0   ti_sysbios_family_c64p_Exception_enableExternalMPC__C
c378a3b2   ti_sysbios_family_c64p_Exception_enablePrint__C
c378a3b4   ti_sysbios_family_c64p_Exception_useInternalBuffer__C
c378a3b6   ti_sysbios_family_c64p_Hwi_Module__id__C
c378a3b8   ti_sysbios_hal_Hwi_Module__id__C
c378a3ba   ti_sysbios_heaps_HeapMem_Module__id__C
c378a3bc   ti_sysbios_knl_Task_Module__id__C
c378a3be   ti_sysbios_knl_Task_deleteTerminatedTasks__C
c378a3c0   ti_sysbios_knl_Task_initStackFlag__C
c378a3c2   ti_sysbios_timers_timer64_Timer_Module__id__C
c378a3c4   ti_sysbios_timers_timer64_Timer_startupNeeded__C
c378a3c6   xdc_runtime_Core_Module__id__C
c378a3c8   xdc_runtime_Error_Module__loggerDefined__C
c378a3ca   xdc_runtime_Error_maxDepth__C
c378a3cc   xdc_runtime_LoggerBuf_Module__id__C
c378a3ce   xdc_runtime_LoggerBuf_filterByLevel__C
c378a3d0   xdc_runtime_Memory_Module__id__C
c378a3d2   xdc_runtime_Registry_Module__loggerDefined__C
c378a3d4   xdc_runtime_SysMin_flushAtExit__C
c378a3d6   xdc_runtime_Text_charCnt__C
c378a3d8   xdc_runtime_Text_isLoaded__C
c378a3da   xdc_runtime_Text_registryModsLastId__C
c378a3dc   xdc_runtime_Text_unnamedModsLastId__C
c378a3e0   _stack
c378b3e0   __TI_STACK_END
c378b400   ti_sysbios_family_c64p_Hwi0
c378b400   ti_sysbios_family_c64p_Hwi_int0
c378b420   ti_sysbios_family_c64p_Hwi_int1
c378b440   ti_sysbios_family_c64p_Hwi_int2
c378b460   ti_sysbios_family_c64p_Hwi_int3
c378b480   ti_sysbios_family_c64p_Hwi_int4
c378b4a0   ti_sysbios_family_c64p_Hwi_int5
c378b4c0   ti_sysbios_family_c64p_Hwi_int6
c378b4e0   ti_sysbios_family_c64p_Hwi_int7
c378b500   ti_sysbios_family_c64p_Hwi_int8
c378b520   ti_sysbios_family_c64p_Hwi_int9
c378b540   ti_sysbios_family_c64p_Hwi_int10
c378b560   ti_sysbios_family_c64p_Hwi_int11
c378b580   ti_sysbios_family_c64p_Hwi_int12
c378b5a0   ti_sysbios_family_c64p_Hwi_int13
c378b5c0   ti_sysbios_family_c64p_Hwi_int14
c378b5e0   ti_sysbios_family_c64p_Hwi_int15
c378b600   __CIOBUF_
c378b784   __c_args__
c378b800   _Ipc_ResetVector
c378b808   Ipc_sr0MemorySetup
c378b88c   __TI_STATIC_BASE
c378b88c   gFrameQ_nsHandle
c378b890   gFrameQBufMgr_nsHandle
c378b894   Syslink_terminateEventId
c378b898   Syslink_terminateEventLineId
c378b89c   CLIENTNOTIFYMGR_NAMESERVERNAME
c378b8b0   FrameQ_ShMem_module
ffffffff   __TI_pprof_out_hndl
ffffffff   __TI_prof_data_size
ffffffff   __TI_prof_data_start
ffffffff   __binit__
ffffffff   binit
UNDEFED    __TI_CINIT_Base
UNDEFED    __TI_CINIT_Limit
UNDEFED    __TI_Handler_Table_Base
UNDEFED    __TI_Handler_Table_Limit
UNDEFED    __TI_INITARRAY_Base
UNDEFED    __TI_INITARRAY_Limit

[1452 symbols]


DYNAMIC SYMBOLS: SORTED ALPHABETICALLY BY Name 

address    name
--------   ----
UNDEFED    
c3785240   TSK_idle
c378b800   _Ipc_ResetVector
c378b3e0   __TI_STACK_END
00001000   __TI_STACK_SIZE
c378b88c   __TI_STATIC_BASE
ffffffff   __TI_pprof_out_hndl
ffffffff   __TI_prof_data_size
ffffffff   __TI_prof_data_start
ffffffff   __binit__
c378b784   __c_args__
00000064   _argsize
ffffffff   binit
00000001   xdc_runtime_Startup__EXECFXN__C
00000001   xdc_runtime_Startup__RESETFXN__C

[15 symbols]


IMPORTED and EXPORTED SYMBOLS: SORTED ALPHABETICALLY BY Name 

IMPORTED SYMBOLS

name                           size      Imported from
-----------------------------  --------  -------------

[0 symbols]


EXPORTED SYMBOLS

address    name
--------   ----
c378b800   _Ipc_ResetVector
